<?xml version="1.0" encoding="UTF-8" ?>
<testsuites name="vitest tests" tests="1047" failures="0" errors="0" time="81.0852438">
    <testsuite name="src/environments/version.spec.ts" timestamp="2026-06-23T18:31:01.906Z" hostname="roshiii" tests="2" failures="0" errors="0" skipped="0" time="0.0048655">
        <testcase classname="src/environments/version.spec.ts" name="Version (dev environment) &gt; exposes the version from package.json" time="0.0024687">
        </testcase>
        <testcase classname="src/environments/version.spec.ts" name="Version (dev environment) &gt; uses the &quot;dev&quot; build number placeholder" time="0.0019934">
        </testcase>
    </testsuite>
    <testsuite name="src/app/common/service/gui-config.service.spec.ts" timestamp="2026-06-23T18:31:01.915Z" hostname="roshiii" tests="8" failures="0" errors="0" skipped="0" time="0.0560493">
        <testcase classname="src/app/common/service/gui-config.service.spec.ts" name="GuiConfigService &gt; loadPreLogin fetches /config/pre-login and merges the response into env" time="0.0087671">
        </testcase>
        <testcase classname="src/app/common/service/gui-config.service.spec.ts" name="GuiConfigService &gt; loadPreLogin propagates errors so APP_INITIALIZER can surface them" time="0.0118476">
            <system-err>
Failed to load pre-login configuration: HttpErrorResponse {
  headers: HttpHeaders {
    headers: Map(0) {},
    normalizedNames: Map(0) {},
    lazyInit: [90mundefined[39m,
    lazyUpdate: [1mnull[22m
  },
  status: [33m0[39m,
  statusText: [32m&apos;Unknown Error&apos;[39m,
  url: [32m&apos;api/config/pre-login&apos;[39m,
  ok: [33mfalse[39m,
  type: [90mundefined[39m,
  redirected: [90mundefined[39m,
  responseType: [90mundefined[39m,
  name: [32m&apos;HttpErrorResponse&apos;[39m,
  message: [32m&apos;Http failure response for api/config/pre-login: 0 &apos;[39m,
  error: ProgressEvent { isTrusted: [36m[Getter][39m }
}

            </system-err>
        </testcase>
        <testcase classname="src/app/common/service/gui-config.service.spec.ts" name="GuiConfigService &gt; loadPostLogin fetches /config/gui, /config/amber and /config/user-system in parallel and merges" time="0.0058654">
        </testcase>
        <testcase classname="src/app/common/service/gui-config.service.spec.ts" name="GuiConfigService &gt; loadPostLogin preserves pre-login fields when both phases run" time="0.0052477">
        </testcase>
        <testcase classname="src/app/common/service/gui-config.service.spec.ts" name="GuiConfigService &gt; load() only hits /config/pre-login when no access token is in localStorage" time="0.0049653">
        </testcase>
        <testcase classname="src/app/common/service/gui-config.service.spec.ts" name="GuiConfigService &gt; load() chains /config/gui + /config/amber + /config/user-system when a token is stored" time="0.0052857">
        </testcase>
        <testcase classname="src/app/common/service/gui-config.service.spec.ts" name="GuiConfigService &gt; load() swallows post-login 403s so bootstrap is not blocked by an expired token" time="0.0060162">
            <system-err>
Failed to load authenticated config; continuing with pre-login only. HttpErrorResponse {
  headers: HttpHeaders {
    headers: Map(0) {},
    normalizedNames: Map(0) {},
    lazyInit: [90mundefined[39m,
    lazyUpdate: [1mnull[22m
  },
  status: [33m403[39m,
  statusText: [32m&apos;Forbidden&apos;[39m,
  url: [32m&apos;api/config/gui&apos;[39m,
  ok: [33mfalse[39m,
  type: [90mundefined[39m,
  redirected: [90mundefined[39m,
  responseType: [90mundefined[39m,
  name: [32m&apos;HttpErrorResponse&apos;[39m,
  message: [32m&apos;Http failure response for api/config/gui: 403 Forbidden&apos;[39m,
  error: {}
}

            </system-err>
        </testcase>
        <testcase classname="src/app/common/service/gui-config.service.spec.ts" name="GuiConfigService &gt; load() rejects when /config/pre-login itself fails so the bootstrap error is surfaced" time="0.0075973">
            <system-err>
Failed to load pre-login configuration: HttpErrorResponse {
  headers: HttpHeaders {
    headers: Map(0) {},
    normalizedNames: Map(0) {},
    lazyInit: [90mundefined[39m,
    lazyUpdate: [1mnull[22m
  },
  status: [33m0[39m,
  statusText: [32m&apos;Unknown Error&apos;[39m,
  url: [32m&apos;api/config/pre-login&apos;[39m,
  ok: [33mfalse[39m,
  type: [90mundefined[39m,
  redirected: [90mundefined[39m,
  responseType: [90mundefined[39m,
  name: [32m&apos;HttpErrorResponse&apos;[39m,
  message: [32m&apos;Http failure response for api/config/pre-login: 0 &apos;[39m,
  error: ProgressEvent { isTrusted: [36m[Getter][39m }
}

            </system-err>
        </testcase>
    </testsuite>
    <testsuite name="src/app/common/service/unauthorized-http-interceptor.service.spec.ts" timestamp="2026-06-23T18:31:01.920Z" hostname="roshiii" tests="12" failures="0" errors="0" skipped="0" time="0.0517902">
        <testcase classname="src/app/common/service/unauthorized-http-interceptor.service.spec.ts" name="UnauthorizedHttpInterceptor &gt; logs out, notifies, and redirects to ABOUT on 401 for an authenticated request" time="0.0072023">
        </testcase>
        <testcase classname="src/app/common/service/unauthorized-http-interceptor.service.spec.ts" name="UnauthorizedHttpInterceptor &gt; leaves the session untouched when 401 comes back for an anonymous request" time="0.0042926">
        </testcase>
        <testcase classname="src/app/common/service/unauthorized-http-interceptor.service.spec.ts" name="UnauthorizedHttpInterceptor &gt; does not log out on non-401 errors even when Authorization was sent" time="0.0036935">
        </testcase>
        <testcase classname="src/app/common/service/unauthorized-http-interceptor.service.spec.ts" name="UnauthorizedHttpInterceptor &gt; omits returnUrl when the current route is the root" time="0.0041863">
        </testcase>
        <testcase classname="src/app/common/service/unauthorized-http-interceptor.service.spec.ts" name="UnauthorizedHttpInterceptor &gt; auth-endpoint allowlist &gt; does not log out on 401 from /api/auth/login" time="0.0040312">
        </testcase>
        <testcase classname="src/app/common/service/unauthorized-http-interceptor.service.spec.ts" name="UnauthorizedHttpInterceptor &gt; auth-endpoint allowlist &gt; does not log out on 401 from /api/auth/register" time="0.0040548">
        </testcase>
        <testcase classname="src/app/common/service/unauthorized-http-interceptor.service.spec.ts" name="UnauthorizedHttpInterceptor &gt; auth-endpoint allowlist &gt; does not log out on 401 from /api/auth/refresh" time="0.0037086">
        </testcase>
        <testcase classname="src/app/common/service/unauthorized-http-interceptor.service.spec.ts" name="UnauthorizedHttpInterceptor &gt; auth-endpoint allowlist &gt; does not log out on 401 from /api/auth/google/login" time="0.003807">
        </testcase>
        <testcase classname="src/app/common/service/unauthorized-http-interceptor.service.spec.ts" name="UnauthorizedHttpInterceptor &gt; auth-endpoint allowlist &gt; does not log out on 401 from /api/auth/login?next=/dashboard" time="0.0036476">
        </testcase>
        <testcase classname="src/app/common/service/unauthorized-http-interceptor.service.spec.ts" name="UnauthorizedHttpInterceptor &gt; auth-endpoint allowlist &gt; still logs out on 401 from a URL that merely contains &apos;login&apos; in a non-auth segment" time="0.003891">
        </testcase>
        <testcase classname="src/app/common/service/unauthorized-http-interceptor.service.spec.ts" name="UnauthorizedHttpInterceptor &gt; concurrent 401 deduplication &gt; fires logout side effects exactly once for a burst of 401s" time="0.0039634">
        </testcase>
        <testcase classname="src/app/common/service/unauthorized-http-interceptor.service.spec.ts" name="UnauthorizedHttpInterceptor &gt; concurrent 401 deduplication &gt; re-arms after a successful re-login so a later 401 triggers logout again" time="0.0045898">
        </testcase>
    </testsuite>
    <testsuite name="src/app/common/util/format.util.spec.ts" timestamp="2026-06-23T18:31:01.923Z" hostname="roshiii" tests="17" failures="0" errors="0" skipped="0" time="0.0490062">
        <testcase classname="src/app/common/util/format.util.spec.ts" name="formatSpeed &gt; returns &quot;0.0 MB/s&quot; for zero, negative, or undefined input" time="0.0012161">
        </testcase>
        <testcase classname="src/app/common/util/format.util.spec.ts" name="formatSpeed &gt; converts bytes/s to MB/s with one decimal place" time="0.0008785">
        </testcase>
        <testcase classname="src/app/common/util/format.util.spec.ts" name="formatSpeed &gt; handles sub-MB throughput by rounding to one decimal" time="0.0007321">
        </testcase>
        <testcase classname="src/app/common/util/format.util.spec.ts" name="formatSpeed &gt; handles very large throughput without overflow" time="0.0005629">
        </testcase>
        <testcase classname="src/app/common/util/format.util.spec.ts" name="formatTime &gt; returns &quot;1s&quot; for undefined, zero, or negative input" time="0.0009647">
        </testcase>
        <testcase classname="src/app/common/util/format.util.spec.ts" name="formatTime &gt; formats sub-minute durations in seconds" time="0.0007695">
        </testcase>
        <testcase classname="src/app/common/util/format.util.spec.ts" name="formatTime &gt; rounds fractional seconds" time="0.0007063">
        </testcase>
        <testcase classname="src/app/common/util/format.util.spec.ts" name="formatTime &gt; formats durations under one hour as minutes with optional seconds" time="0.0009786">
        </testcase>
        <testcase classname="src/app/common/util/format.util.spec.ts" name="formatTime &gt; formats durations of one hour or more as hours with optional minutes" time="0.0010103">
        </testcase>
        <testcase classname="src/app/common/util/format.util.spec.ts" name="formatRelativeTime &gt; returns &quot;Unknown&quot; when timestamp is undefined" time="0.0060175">
        </testcase>
        <testcase classname="src/app/common/util/format.util.spec.ts" name="formatRelativeTime &gt; formats sub-hour differences in minutes" time="0.001842">
        </testcase>
        <testcase classname="src/app/common/util/format.util.spec.ts" name="formatRelativeTime &gt; formats sub-day differences in hours" time="0.0015391">
        </testcase>
        <testcase classname="src/app/common/util/format.util.spec.ts" name="formatRelativeTime &gt; formats sub-week differences in days" time="0.0016541">
        </testcase>
        <testcase classname="src/app/common/util/format.util.spec.ts" name="formatRelativeTime &gt; formats sub-month differences in weeks" time="0.0012918">
        </testcase>
        <testcase classname="src/app/common/util/format.util.spec.ts" name="formatRelativeTime &gt; falls back to a locale date string for differences beyond four weeks" time="0.0264947">
        </testcase>
        <testcase classname="src/app/common/util/format.util.spec.ts" name="formatCount &gt; renders counts under 1000 as plain integers" time="0.0007463">
        </testcase>
        <testcase classname="src/app/common/util/format.util.spec.ts" name="formatCount &gt; abbreviates counts of 1000+ to one-decimal thousands" time="0.0007547">
        </testcase>
    </testsuite>
    <testsuite name="src/app/common/util/size-formatter.util.spec.ts" timestamp="2026-06-23T18:31:01.931Z" hostname="roshiii" tests="6" failures="0" errors="0" skipped="0" time="0.0082326">
        <testcase classname="src/app/common/util/size-formatter.util.spec.ts" name="formatSize &gt; should correctly format a valid file size" time="0.0014451">
        </testcase>
        <testcase classname="src/app/common/util/size-formatter.util.spec.ts" name="formatSize &gt; should return &quot;0 Bytes&quot; for undefined or non-positive input" time="0.0012378">
        </testcase>
        <testcase classname="src/app/common/util/size-formatter.util.spec.ts" name="formatSize &gt; should correctly format large file sizes" time="0.0013378">
        </testcase>
        <testcase classname="src/app/common/util/size-formatter.util.spec.ts" name="formatSize &gt; should handle decimal places correctly" time="0.0011078">
        </testcase>
        <testcase classname="src/app/common/util/size-formatter.util.spec.ts" name="formatSize &gt; should successfully format a typical file size" time="0.0010334">
        </testcase>
        <testcase classname="src/app/common/util/size-formatter.util.spec.ts" name="formatSize &gt; should handle extremely large file sizes without failure" time="0.001644">
        </testcase>
    </testsuite>
    <testsuite name="src/app/dashboard/component/dashboard.component.spec.ts" timestamp="2026-06-23T18:31:01.934Z" hostname="roshiii" tests="11" failures="0" errors="0" skipped="0" time="1.1987561">
        <testcase classname="src/app/dashboard/component/dashboard.component.spec.ts" name="DashboardComponent &gt; should create the component" time="0.168234">
        </testcase>
        <testcase classname="src/app/dashboard/component/dashboard.component.spec.ts" name="DashboardComponent &gt; should render Google sign-in button when user is NOT logged in" time="0.1281401">
        </testcase>
        <testcase classname="src/app/dashboard/component/dashboard.component.spec.ts" name="DashboardComponent &gt; should render the powered-by attribution when attributionEnabled is true" time="0.077971">
        </testcase>
        <testcase classname="src/app/dashboard/component/dashboard.component.spec.ts" name="DashboardComponent &gt; forumLogin &gt; stores the flarum_remember cookie on successful auth and does not register" time="0.0773828">
        </testcase>
        <testcase classname="src/app/dashboard/component/dashboard.component.spec.ts" name="DashboardComponent &gt; forumLogin &gt; hides the forum and does not register when auth fails with 404/500" time="0.0806308">
        </testcase>
        <testcase classname="src/app/dashboard/component/dashboard.component.spec.ts" name="DashboardComponent &gt; forumLogin &gt; registers at most once and stops when auth keeps failing (no infinite loop)" time="0.0546626">
        </testcase>
        <testcase classname="src/app/dashboard/component/dashboard.component.spec.ts" name="DashboardComponent &gt; forumLogin &gt; hides the forum when registration fails" time="0.0457284">
        </testcase>
        <testcase classname="src/app/dashboard/component/dashboard.component.spec.ts" name="DashboardComponent &gt; forumLogin &gt; does nothing when a flarum_remember cookie is already present" time="0.0537265">
        </testcase>
        <testcase classname="src/app/dashboard/component/dashboard.component.spec.ts" name="DashboardComponent &gt; should hide the navbar on workflow workspace routes" time="0.0680487">
        </testcase>
        <testcase classname="src/app/dashboard/component/dashboard.component.spec.ts" name="DashboardComponent &gt; exposes route constants without the legacy /dashboard prefix" time="0.084567">
        </testcase>
        <testcase classname="src/app/dashboard/component/dashboard.component.spec.ts" name="DashboardComponent &gt; renders every sidebar tab&apos;s routerLink when fully enabled" time="0.358745">
        </testcase>
    </testsuite>
    <testsuite name="src/app/hub/component/hub.component.spec.ts" timestamp="2026-06-23T18:31:01.939Z" hostname="roshiii" tests="9" failures="0" errors="0" skipped="0" time="0.245714">
        <testcase classname="src/app/hub/component/hub.component.spec.ts" name="HubComponent &gt; creates with default isLogin = false and an empty sidebarTabs (no menu items render)" time="0.0148622">
        </testcase>
        <testcase classname="src/app/hub/component/hub.component.spec.ts" name="HubComponent &gt; passes the isLogin input through to the component" time="0.0103098">
        </testcase>
        <testcase classname="src/app/hub/component/hub.component.spec.ts" name="HubComponent &gt; injects GuiConfigService and exposes it for template gating" time="0.0087181">
        </testcase>
        <testcase classname="src/app/hub/component/hub.component.spec.ts" name="HubComponent &gt; renders only the Home item when home_enabled is the only flag set" time="0.0414832">
        </testcase>
        <testcase classname="src/app/hub/component/hub.component.spec.ts" name="HubComponent &gt; renders only the Workflows item when workflow_enabled is the only flag set" time="0.0243199">
        </testcase>
        <testcase classname="src/app/hub/component/hub.component.spec.ts" name="HubComponent &gt; renders only the Datasets item when dataset_enabled is the only flag set" time="0.0235657">
        </testcase>
        <testcase classname="src/app/hub/component/hub.component.spec.ts" name="HubComponent &gt; renders all three menu items when home, workflow, and dataset flags are enabled" time="0.0387268">
        </testcase>
        <testcase classname="src/app/hub/component/hub.component.spec.ts" name="HubComponent &gt; excludes disabled tabs while rendering enabled ones" time="0.0377787">
        </testcase>
        <testcase classname="src/app/hub/component/hub.component.spec.ts" name="HubComponent &gt; binds each menu item&apos;s routerLink to the correct routing constant" time="0.0452156">
        </testcase>
    </testsuite>
    <testsuite name="src/app/workspace/component/workspace.component.spec.ts" timestamp="2026-06-23T18:31:01.943Z" hostname="roshiii" tests="24" failures="0" errors="0" skipped="0" time="1.078952">
        <testcase classname="src/app/workspace/component/workspace.component.spec.ts" name="WorkspaceComponent &gt; ngOnInit &gt; parses numeric pid from route query params" time="0.2234264">
        </testcase>
        <testcase classname="src/app/workspace/component/workspace.component.spec.ts" name="WorkspaceComponent &gt; ngOnInit &gt; treats non-numeric pid as undefined" time="0.0517787">
        </testcase>
        <testcase classname="src/app/workspace/component/workspace.component.spec.ts" name="WorkspaceComponent &gt; ngOnInit &gt; enables highlighting on the workflow action service" time="0.0402415">
        </testcase>
        <testcase classname="src/app/workspace/component/workspace.component.spec.ts" name="WorkspaceComponent &gt; ngAfterViewInit &gt; cold start (no wid in route): does not flip isLoading and registers metadata listener" time="0.0667154">
        </testcase>
        <testcase classname="src/app/workspace/component/workspace.component.spec.ts" name="WorkspaceComponent &gt; ngAfterViewInit &gt; warm start (wid in route): sets isLoading=true and disables modification before load" time="0.0383756">
        </testcase>
        <testcase classname="src/app/workspace/component/workspace.component.spec.ts" name="WorkspaceComponent &gt; loadWorkflowWithId &gt; on success: hands the workflow to the action service, clears undo/redo, and turns off loading" time="0.0332388">
        </testcase>
        <testcase classname="src/app/workspace/component/workspace.component.spec.ts" name="WorkspaceComponent &gt; loadWorkflowWithId &gt; on failure: resets to a new workflow, surfaces an access error, and turns off loading" time="0.033975">
        </testcase>
        <testcase classname="src/app/workspace/component/workspace.component.spec.ts" name="WorkspaceComponent &gt; loadWorkflowWithId &gt; flags broken workflows via NotificationService.error but still loads them" time="0.0317931">
        </testcase>
        <testcase classname="src/app/workspace/component/workspace.component.spec.ts" name="WorkspaceComponent &gt; loadWorkflowWithId &gt; when URL fragment matches an element in the graph, highlights it" time="0.0332433">
        </testcase>
        <testcase classname="src/app/workspace/component/workspace.component.spec.ts" name="WorkspaceComponent &gt; loadWorkflowWithId &gt; when URL fragment does not match any element, surfaces an error and clears the fragment" time="0.0402216">
        </testcase>
        <testcase classname="src/app/workspace/component/workspace.component.spec.ts" name="WorkspaceComponent &gt; triggerCenter &gt; delegates to the texera graph" time="0.0229543">
        </testcase>
        <testcase classname="src/app/workspace/component/workspace.component.spec.ts" name="WorkspaceComponent &gt; registerAutoPersistWorkflow &gt; is idempotent — only subscribes to workflowChanged once across repeated calls" time="0.0244064">
        </testcase>
        <testcase classname="src/app/workspace/component/workspace.component.spec.ts" name="WorkspaceComponent &gt; registerAutoPersistWorkflow &gt; updates the URL via location.go to /user/workflow/&lt;wid&gt; (no /dashboard prefix) when the persisted wid differs" time="0.042012">
        </testcase>
        <testcase classname="src/app/workspace/component/workspace.component.spec.ts" name="WorkspaceComponent &gt; registerAutoPersistWorkflow &gt; skips the URL update when the persisted wid matches the current metadata" time="0.0234627">
        </testcase>
        <testcase classname="src/app/workspace/component/workspace.component.spec.ts" name="WorkspaceComponent &gt; updateViewCount &gt; posts a view event with the route&apos;s wid and the current user&apos;s uid" time="0.0279281">
        </testcase>
        <testcase classname="src/app/workspace/component/workspace.component.spec.ts" name="WorkspaceComponent &gt; updateViewCount &gt; falls back to uid=0 when no user is signed in" time="0.0260553">
        </testcase>
        <testcase classname="src/app/workspace/component/workspace.component.spec.ts" name="WorkspaceComponent &gt; onWIDChange &gt; syncs writeAccess from metadata.readonly each time the metadata changes" time="0.0533143">
        </testcase>
        <testcase classname="src/app/workspace/component/workspace.component.spec.ts" name="WorkspaceComponent &gt; onWIDChange &gt; ignores metadata emissions that have no wid yet" time="0.0350713">
        </testcase>
        <testcase classname="src/app/workspace/component/workspace.component.spec.ts" name="WorkspaceComponent &gt; ngOnDestroy &gt; persists the workflow on destroy when the user is signed in and persist is enabled" time="0.0343914">
        </testcase>
        <testcase classname="src/app/workspace/component/workspace.component.spec.ts" name="WorkspaceComponent &gt; ngOnDestroy &gt; skips the persist call when the user is not signed in" time="0.0222307">
        </testcase>
        <testcase classname="src/app/workspace/component/workspace.component.spec.ts" name="WorkspaceComponent &gt; ngOnDestroy &gt; tears down every piece of websocket-derived state when leaving the workspace (issue #3120)" time="0.0420967">
        </testcase>
        <testcase classname="src/app/workspace/component/workspace.component.spec.ts" name="WorkspaceComponent &gt; ngOnDestroy &gt; clears the workflow session state when the computing unit is switched in-canvas (issue #3120)" time="0.0576293">
        </testcase>
        <testcase classname="src/app/workspace/component/workspace.component.spec.ts" name="WorkspaceComponent &gt; copilotEnabled &gt; passes through to GuiConfigService.env.copilotEnabled" time="0.0243158">
        </testcase>
        <testcase classname="src/app/workspace/component/workspace.component.spec.ts" name="WorkspaceComponent &gt; child rendering side effects &gt; publishes the resolved ViewContainerRef to CodeEditorService.vc on view init" time="0.0420502">
        </testcase>
    </testsuite>
    <testsuite name="src/app/common/formly/preset-wrapper/preset-wrapper.component.spec.ts" timestamp="2026-06-23T18:31:01.951Z" hostname="roshiii" tests="24" failures="0" errors="0" skipped="0" time="0.5012487">
        <testcase classname="src/app/common/formly/preset-wrapper/preset-wrapper.component.spec.ts" name="PresetWrapperComponent &gt; should create" time="0.1226976">
        </testcase>
        <testcase classname="src/app/common/formly/preset-wrapper/preset-wrapper.component.spec.ts" name="PresetWrapperComponent &gt; ngOnInit &gt; throws when field.key is missing" time="0.0210439">
        </testcase>
        <testcase classname="src/app/common/formly/preset-wrapper/preset-wrapper.component.spec.ts" name="PresetWrapperComponent &gt; ngOnInit &gt; throws when templateOptions is missing" time="0.0162103">
        </testcase>
        <testcase classname="src/app/common/formly/preset-wrapper/preset-wrapper.component.spec.ts" name="PresetWrapperComponent &gt; ngOnInit &gt; throws when templateOptions.presetKey is missing" time="0.0127333">
        </testcase>
        <testcase classname="src/app/common/formly/preset-wrapper/preset-wrapper.component.spec.ts" name="PresetWrapperComponent &gt; ngOnInit &gt; populates searchResults from presetService.getPresets on init" time="0.0136264">
        </testcase>
        <testcase classname="src/app/common/formly/preset-wrapper/preset-wrapper.component.spec.ts" name="PresetWrapperComponent &gt; functional api &gt; applyPreset forwards to PresetService with the configured presetType + applyTarget" time="0.0224932">
        </testcase>
        <testcase classname="src/app/common/formly/preset-wrapper/preset-wrapper.component.spec.ts" name="PresetWrapperComponent &gt; functional api &gt; deletePreset forwards to PresetService with the configured presetType + saveTarget" time="0.0134818">
        </testcase>
        <testcase classname="src/app/common/formly/preset-wrapper/preset-wrapper.component.spec.ts" name="PresetWrapperComponent &gt; functional api &gt; getEntryTitle returns the value at field.key" time="0.0131314">
        </testcase>
        <testcase classname="src/app/common/formly/preset-wrapper/preset-wrapper.component.spec.ts" name="PresetWrapperComponent &gt; functional api &gt; getEntryDescription joins all non-key values with commas" time="0.0189629">
        </testcase>
        <testcase classname="src/app/common/formly/preset-wrapper/preset-wrapper.component.spec.ts" name="PresetWrapperComponent &gt; functional api &gt; getSearchResults &gt; returns a copy of all presets when showAllResults is true" time="0.0149772">
        </testcase>
        <testcase classname="src/app/common/formly/preset-wrapper/preset-wrapper.component.spec.ts" name="PresetWrapperComponent &gt; functional api &gt; getSearchResults &gt; returns all presets when showAllResults is true even if the search term doesn&apos;t match" time="0.0203666">
        </testcase>
        <testcase classname="src/app/common/formly/preset-wrapper/preset-wrapper.component.spec.ts" name="PresetWrapperComponent &gt; functional api &gt; getSearchResults &gt; filters by case-insensitive prefix match on the entry title when showAllResults is false" time="0.0218933">
        </testcase>
        <testcase classname="src/app/common/formly/preset-wrapper/preset-wrapper.component.spec.ts" name="PresetWrapperComponent &gt; functional api &gt; getSearchResults &gt; returns the full list when search term is empty and showAllResults is false" time="0.0190208">
        </testcase>
        <testcase classname="src/app/common/formly/preset-wrapper/preset-wrapper.component.spec.ts" name="PresetWrapperComponent &gt; functional api &gt; getSearchResults &gt; returns an empty list when the search term matches nothing" time="0.0128092">
        </testcase>
        <testcase classname="src/app/common/formly/preset-wrapper/preset-wrapper.component.spec.ts" name="PresetWrapperComponent &gt; dropdown visibility &gt; re-fetches presets and updates searchResults when the dropdown opens" time="0.0220538">
        </testcase>
        <testcase classname="src/app/common/formly/preset-wrapper/preset-wrapper.component.spec.ts" name="PresetWrapperComponent &gt; dropdown visibility &gt; does not refetch when the dropdown closes" time="0.0136545">
        </testcase>
        <testcase classname="src/app/common/formly/preset-wrapper/preset-wrapper.component.spec.ts" name="PresetWrapperComponent &gt; PresetService stream subscriptions &gt; updates searchResults when savePresetsStream emits a matching event" time="0.019523">
        </testcase>
        <testcase classname="src/app/common/formly/preset-wrapper/preset-wrapper.component.spec.ts" name="PresetWrapperComponent &gt; PresetService stream subscriptions &gt; ignores savePresetsStream events for a different presetType" time="0.0139029">
        </testcase>
        <testcase classname="src/app/common/formly/preset-wrapper/preset-wrapper.component.spec.ts" name="PresetWrapperComponent &gt; PresetService stream subscriptions &gt; ignores savePresetsStream events for a different saveTarget" time="0.0184193">
        </testcase>
        <testcase classname="src/app/common/formly/preset-wrapper/preset-wrapper.component.spec.ts" name="PresetWrapperComponent &gt; PresetService stream subscriptions &gt; does not refresh searchResults from form value changes while the dropdown is closed" time="0.0126442">
        </testcase>
        <testcase classname="src/app/common/formly/preset-wrapper/preset-wrapper.component.spec.ts" name="PresetWrapperComponent &gt; PresetService stream subscriptions &gt; refreshes searchResults from form value changes while the dropdown is open" time="0.0179799">
        </testcase>
        <testcase classname="src/app/common/formly/preset-wrapper/preset-wrapper.component.spec.ts" name="PresetWrapperComponent &gt; PresetService stream subscriptions &gt; stops responding to stream events after ngOnDestroy" time="0.0132557">
        </testcase>
        <testcase classname="src/app/common/formly/preset-wrapper/preset-wrapper.component.spec.ts" name="PresetWrapperComponent &gt; savePreset &gt; creates a preset built from sibling preset-wrapper fields when the preset is valid" time="0.0127906">
        </testcase>
        <testcase classname="src/app/common/formly/preset-wrapper/preset-wrapper.component.spec.ts" name="PresetWrapperComponent &gt; savePreset &gt; shows an error toast and does not create a preset when the preset is invalid" time="0.0118571">
        </testcase>
    </testsuite>
    <testsuite name="src/app/common/formly/repeat-dnd/repeat-dnd.component.spec.ts" timestamp="2026-06-23T18:31:01.958Z" hostname="roshiii" tests="4" failures="0" errors="0" skipped="0" time="0.0573726">
        <testcase classname="src/app/common/formly/repeat-dnd/repeat-dnd.component.spec.ts" name="FormlyRepeatDndComponent &gt; should create" time="0.0189305">
        </testcase>
        <testcase classname="src/app/common/formly/repeat-dnd/repeat-dnd.component.spec.ts" name="FormlyRepeatDndComponent &gt; should do nothing when previousIndex equals currentIndex" time="0.0123428">
        </testcase>
        <testcase classname="src/app/common/formly/repeat-dnd/repeat-dnd.component.spec.ts" name="FormlyRepeatDndComponent &gt; should do nothing when model is undefined" time="0.0127345">
        </testcase>
        <testcase classname="src/app/common/formly/repeat-dnd/repeat-dnd.component.spec.ts" name="FormlyRepeatDndComponent &gt; should reorder model, fieldGroup, formControl, and call reorder callback" time="0.0129857">
        </testcase>
    </testsuite>
    <testsuite name="src/app/common/service/global-error-handler/global-error-handler.service.spec.ts" timestamp="2026-06-23T18:31:01.960Z" hostname="roshiii" tests="16" failures="0" errors="0" skipped="0" time="0.0226143">
        <testcase classname="src/app/common/service/global-error-handler/global-error-handler.service.spec.ts" name="isChunkLoadError &gt; detects chunk-load failures" time="0.0017088">
        </testcase>
        <testcase classname="src/app/common/service/global-error-handler/global-error-handler.service.spec.ts" name="isChunkLoadError &gt; detects chunk-load failures from a plain object message" time="0.0008006">
        </testcase>
        <testcase classname="src/app/common/service/global-error-handler/global-error-handler.service.spec.ts" name="isChunkLoadError &gt; matches case-insensitively" time="0.0009619">
        </testcase>
        <testcase classname="src/app/common/service/global-error-handler/global-error-handler.service.spec.ts" name="isChunkLoadError &gt; ignores unrelated errors" time="0.0010976">
        </testcase>
        <testcase classname="src/app/common/service/global-error-handler/global-error-handler.service.spec.ts" name="isChunkLoadError &gt; ignores errors whose name matches loosely but is not ChunkLoadError" time="0.0006803">
        </testcase>
        <testcase classname="src/app/common/service/global-error-handler/global-error-handler.service.spec.ts" name="isChunkLoadError &gt; ignores values with a non-string message and non-string body" time="0.0008577">
        </testcase>
        <testcase classname="src/app/common/service/global-error-handler/global-error-handler.service.spec.ts" name="GlobalErrorHandler &gt; reloads once on a chunk-load error and records the guard" time="0.0025498">
        </testcase>
        <testcase classname="src/app/common/service/global-error-handler/global-error-handler.service.spec.ts" name="GlobalErrorHandler &gt; does not forward a recovered chunk error to the default handler" time="0.0013674">
        </testcase>
        <testcase classname="src/app/common/service/global-error-handler/global-error-handler.service.spec.ts" name="GlobalErrorHandler &gt; does not reload again within the guard window" time="0.0013324">
        </testcase>
        <testcase classname="src/app/common/service/global-error-handler/global-error-handler.service.spec.ts" name="GlobalErrorHandler &gt; forwards a chunk error to the default handler once reload is guarded" time="0.0014105">
        </testcase>
        <testcase classname="src/app/common/service/global-error-handler/global-error-handler.service.spec.ts" name="GlobalErrorHandler &gt; does not reload on a non-chunk error and forwards it to the default handler" time="0.0016412">
        </testcase>
        <testcase classname="src/app/common/service/global-error-handler/global-error-handler.service.spec.ts" name="GlobalErrorHandler &gt; reloads again once the guard window has elapsed" time="0.0011523">
        </testcase>
        <testcase classname="src/app/common/service/global-error-handler/global-error-handler.service.spec.ts" name="GlobalErrorHandler &gt; does not reload when a fresh guard timestamp is present" time="0.0012619">
        </testcase>
        <testcase classname="src/app/common/service/global-error-handler/global-error-handler.service.spec.ts" name="GlobalErrorHandler &gt; reloads when the stored guard value is not a usable number" time="0.001336">
        </testcase>
        <testcase classname="src/app/common/service/global-error-handler/global-error-handler.service.spec.ts" name="GlobalErrorHandler &gt; reloads when the stored guard value is non-positive" time="0.0013163">
        </testcase>
        <testcase classname="src/app/common/service/global-error-handler/global-error-handler.service.spec.ts" name="GlobalErrorHandler.reload (default implementation) &gt; delegates to window.location.reload on a chunk-load error" time="0.0023643">
        </testcase>
    </testsuite>
    <testsuite name="src/app/common/service/gmail/gmail.service.spec.ts" timestamp="2026-06-23T18:31:01.965Z" hostname="roshiii" tests="8" failures="0" errors="0" skipped="0" time="0.0449947">
        <testcase classname="src/app/common/service/gmail/gmail.service.spec.ts" name="GmailService &gt; should show a success toast when the backend accepts the send request" time="0.0094987">
        </testcase>
        <testcase classname="src/app/common/service/gmail/gmail.service.spec.ts" name="GmailService &gt; sends the correct PUT body for sendEmail with an explicit receiver" time="0.0049089">
        </testcase>
        <testcase classname="src/app/common/service/gmail/gmail.service.spec.ts" name="GmailService &gt; defaults the receiver to an empty string when it is omitted" time="0.0051117">
        </testcase>
        <testcase classname="src/app/common/service/gmail/gmail.service.spec.ts" name="GmailService &gt; shows an error toast and logs to the console on a failed send" time="0.0047601">
        </testcase>
        <testcase classname="src/app/common/service/gmail/gmail.service.spec.ts" name="GmailService &gt; issues a GET to the sender-email endpoint and emits the response without notifying" time="0.0041074">
        </testcase>
        <testcase classname="src/app/common/service/gmail/gmail.service.spec.ts" name="GmailService &gt; sends the correct POST body for notifyUnauthorizedLogin" time="0.0045122">
        </testcase>
        <testcase classname="src/app/common/service/gmail/gmail.service.spec.ts" name="GmailService &gt; shows a success toast when the unauthorized-login notification is accepted" time="0.0041904">
        </testcase>
        <testcase classname="src/app/common/service/gmail/gmail.service.spec.ts" name="GmailService &gt; shows an error toast and logs to the console when the notification fails" time="0.0071898">
        </testcase>
    </testsuite>
    <testsuite name="src/app/common/service/notification/notification.service.spec.ts" timestamp="2026-06-23T18:31:01.967Z" hostname="roshiii" tests="1" failures="0" errors="0" skipped="0" time="0.0049237">
        <testcase classname="src/app/common/service/notification/notification.service.spec.ts" name="NotificationService &gt; should be created" time="0.0046006">
        </testcase>
    </testsuite>
    <testsuite name="src/app/common/service/user/auth-guard.service.spec.ts" timestamp="2026-06-23T18:31:01.968Z" hostname="roshiii" tests="3" failures="0" errors="0" skipped="0" time="0.0125936">
        <testcase classname="src/app/common/service/user/auth-guard.service.spec.ts" name="AuthGuardService &gt; allows navigation and does not redirect when the user is logged in" time="0.0048413">
        </testcase>
        <testcase classname="src/app/common/service/user/auth-guard.service.spec.ts" name="AuthGuardService &gt; blocks navigation and redirects to ABOUT with a null returnUrl from the root url" time="0.0040241">
        </testcase>
        <testcase classname="src/app/common/service/user/auth-guard.service.spec.ts" name="AuthGuardService &gt; blocks navigation and preserves the return url for a deep link" time="0.00336">
        </testcase>
    </testsuite>
    <testsuite name="src/app/common/service/user/google-auth.service.spec.ts" timestamp="2026-06-23T18:31:01.969Z" hostname="roshiii" tests="1" failures="0" errors="0" skipped="0" time="0.0062429">
        <testcase classname="src/app/common/service/user/google-auth.service.spec.ts" name="GoogleAuthService &gt; issues a GET to the client-id endpoint and emits the returned id" time="0.0059717">
        </testcase>
    </testsuite>
    <testsuite name="src/app/common/service/user/user.service.spec.ts" timestamp="2026-06-23T18:31:01.970Z" hostname="roshiii" tests="10" failures="0" errors="0" skipped="0" time="0.0531583">
        <testcase classname="src/app/common/service/user/user.service.spec.ts" name="UserService &gt; should be created" time="0.0048514">
        </testcase>
        <testcase classname="src/app/common/service/user/user.service.spec.ts" name="UserService &gt; should login after register user" time="0.0044186">
        </testcase>
        <testcase classname="src/app/common/service/user/user.service.spec.ts" name="UserService &gt; should login after login user" time="0.0037109">
        </testcase>
        <testcase classname="src/app/common/service/user/user.service.spec.ts" name="UserService &gt; should not login after register failed" time="0.0034804">
        </testcase>
        <testcase classname="src/app/common/service/user/user.service.spec.ts" name="UserService &gt; should not login after login failed" time="0.0037385">
        </testcase>
        <testcase classname="src/app/common/service/user/user.service.spec.ts" name="UserService &gt; should log out when called log out function" time="0.0079724">
        </testcase>
        <testcase classname="src/app/common/service/user/user.service.spec.ts" name="UserService &gt; loads the authenticated config when a fresh login succeeds" time="0.0065302">
        </testcase>
        <testcase classname="src/app/common/service/user/user.service.spec.ts" name="UserService &gt; loads the authenticated config when a googleLogin succeeds" time="0.0053378">
        </testcase>
        <testcase classname="src/app/common/service/user/user.service.spec.ts" name="UserService &gt; orders the post-login config fetch before the userChanged event fires" time="0.0046769">
        </testcase>
        <testcase classname="src/app/common/service/user/user.service.spec.ts" name="UserService &gt; still completes login when loadPostLogin fails" time="0.0061402">
            <system-err>
Failed to load authenticated config after login; continuing. Error: simulated 500
    at D:/projects/texera/frontend/src/app/common/service/user/user.service.spec.ts:169:72
    at Observable.init [as _subscribe] [90m(D:\projects\texera\frontend\[39mnode_modules\[4mrxjs[24m\dist\cjs\internal\observable\throwError.js:8:64[90m)[39m
    at Observable._trySubscribe [90m(D:\projects\texera\frontend\[39mnode_modules\[4mrxjs[24m\dist\cjs\internal\Observable.js:41:25[90m)[39m
    at [90mD:\projects\texera\frontend\[39mnode_modules\[4mrxjs[24m\dist\cjs\internal\Observable.js:35:31
    at Object.errorContext [90m(D:\projects\texera\frontend\[39mnode_modules\[4mrxjs[24m\dist\cjs\internal\util\errorContext.js:22:9[90m)[39m
    at Observable.subscribe [90m(D:\projects\texera\frontend\[39mnode_modules\[4mrxjs[24m\dist\cjs\internal\Observable.js:26:24[90m)[39m
    at [90mD:\projects\texera\frontend\[39mnode_modules\[4mrxjs[24m\dist\cjs\internal\operators\catchError.js:12:27
    at OperatorSubscriber.&lt;anonymous&gt; [90m(D:\projects\texera\frontend\[39mnode_modules\[4mrxjs[24m\dist\cjs\internal\util\lift.js:14:28[90m)[39m
    at [90mD:\projects\texera\frontend\[39mnode_modules\[4mrxjs[24m\dist\cjs\internal\Observable.js:30:30
    at Object.errorContext [90m(D:\projects\texera\frontend\[39mnode_modules\[4mrxjs[24m\dist\cjs\internal\util\errorContext.js:22:9[90m)[39m

            </system-err>
        </testcase>
    </testsuite>
    <testsuite name="src/app/common/service/workflow-persist/workflow-persist.service.spec.ts" timestamp="2026-06-23T18:31:01.974Z" hostname="roshiii" tests="3" failures="0" errors="0" skipped="0" time="0.0289645">
        <testcase classname="src/app/common/service/workflow-persist/workflow-persist.service.spec.ts" name="WorkflowPersistService &gt; should be created" time="0.0125494">
        </testcase>
        <testcase classname="src/app/common/service/workflow-persist/workflow-persist.service.spec.ts" name="WorkflowPersistService &gt; should send http post request once" time="0.0113909">
        </testcase>
        <testcase classname="src/app/common/service/workflow-persist/workflow-persist.service.spec.ts" name="WorkflowPersistService &gt; should check if workflow content and name returned correctly" time="0.0045097">
        </testcase>
    </testsuite>
    <testsuite name="src/app/dashboard/service/user/search.service.spec.ts" timestamp="2026-06-23T18:31:01.975Z" hostname="roshiii" tests="13" failures="0" errors="0" skipped="0" time="0.0743471">
        <testcase classname="src/app/dashboard/service/user/search.service.spec.ts" name="SearchService &gt; search &gt; hits dashboard/search with includePublic=true when logged in and asking for public" time="0.0127164">
        </testcase>
        <testcase classname="src/app/dashboard/service/user/search.service.spec.ts" name="SearchService &gt; search &gt; hits dashboard/search with includePublic=false when logged in and asking for private only" time="0.0049561">
        </testcase>
        <testcase classname="src/app/dashboard/service/user/search.service.spec.ts" name="SearchService &gt; search &gt; hits dashboard/publicSearch and forces includePublic=true when anonymous" time="0.0040993">
        </testcase>
        <testcase classname="src/app/dashboard/service/user/search.service.spec.ts" name="SearchService &gt; getUserInfo encodes each user id as a repeated `userIds` query param" time="0.0045211">
        </testcase>
        <testcase classname="src/app/dashboard/service/user/search.service.spec.ts" name="SearchService &gt; executeSearch &gt; filters null/mismatched datasets and surfaces hasMismatch" time="0.0087045">
        </testcase>
        <testcase classname="src/app/dashboard/service/user/search.service.spec.ts" name="SearchService &gt; executeSearch &gt; leaves hasMismatch undefined and skips filtering for non-dataset searches" time="0.0049346">
        </testcase>
        <testcase classname="src/app/dashboard/service/user/search.service.spec.ts" name="SearchService &gt; extendSearchResultsWithHubActivityInfo &gt; skips hub fetches and persist size lookup when there are no items" time="0.0044306">
        </testcase>
        <testcase classname="src/app/dashboard/service/user/search.service.spec.ts" name="SearchService &gt; extendSearchResultsWithHubActivityInfo &gt; hydrates counts, like flags, access ids, and sizes for a workflow item" time="0.0064767">
        </testcase>
        <testcase classname="src/app/dashboard/service/user/search.service.spec.ts" name="SearchService &gt; extendSearchResultsWithHubActivityInfo &gt; skips like lookup when the user is not logged in" time="0.0047246">
        </testcase>
        <testcase classname="src/app/dashboard/service/user/search.service.spec.ts" name="SearchService &gt; extendSearchResultsWithHubActivityInfo &gt; honors a narrowed activities list (counts only)" time="0.004378">
        </testcase>
        <testcase classname="src/app/dashboard/service/user/search.service.spec.ts" name="SearchService &gt; extendSearchResultsWithHubActivityInfo &gt; uses Project entity routing for project items" time="0.0049563">
        </testcase>
        <testcase classname="src/app/dashboard/service/user/search.service.spec.ts" name="SearchService &gt; extendSearchResultsWithHubActivityInfo &gt; uses Dataset entity routing and pulls ownerUid for dataset items" time="0.0046141">
        </testcase>
        <testcase classname="src/app/dashboard/service/user/search.service.spec.ts" name="SearchService &gt; extendSearchResultsWithHubActivityInfo &gt; does not request sizes when there are no workflow items" time="0.0041547">
        </testcase>
    </testsuite>
    <testsuite name="src/app/hub/component/about/about.component.spec.ts" timestamp="2026-06-23T18:31:01.979Z" hostname="roshiii" tests="4" failures="0" errors="0" skipped="0" time="0.391394">
        <testcase classname="src/app/hub/component/about/about.component.spec.ts" name="AboutComponent &gt; should create" time="0.0326242">
        </testcase>
        <testcase classname="src/app/hub/component/about/about.component.spec.ts" name="AboutComponent &gt; hides the local login form when the user is already logged in" time="0.0231242">
        </testcase>
        <testcase classname="src/app/hub/component/about/about.component.spec.ts" name="AboutComponent &gt; shows the local login form when logged out and localLogin is enabled" time="0.3090718">
        </testcase>
        <testcase classname="src/app/hub/component/about/about.component.spec.ts" name="AboutComponent &gt; hides the local login form when localLogin is disabled in config" time="0.0258463">
        </testcase>
    </testsuite>
    <testsuite name="src/app/hub/component/browse-section/browse-section.component.spec.ts" timestamp="2026-06-23T18:31:01.980Z" hostname="roshiii" tests="5" failures="0" errors="0" skipped="0" time="0.0411537">
        <testcase classname="src/app/hub/component/browse-section/browse-section.component.spec.ts" name="BrowseSectionComponent &gt; should create" time="0.0109484">
        </testcase>
        <testcase classname="src/app/hub/component/browse-section/browse-section.component.spec.ts" name="BrowseSectionComponent &gt; entityRoutes initialization &gt; routes owned workflows to the user workspace" time="0.0094158">
        </testcase>
        <testcase classname="src/app/hub/component/browse-section/browse-section.component.spec.ts" name="BrowseSectionComponent &gt; entityRoutes initialization &gt; routes non-owned workflows to the hub workflow detail page" time="0.0067326">
        </testcase>
        <testcase classname="src/app/hub/component/browse-section/browse-section.component.spec.ts" name="BrowseSectionComponent &gt; entityRoutes initialization &gt; routes owned datasets to the user dataset page" time="0.0065071">
        </testcase>
        <testcase classname="src/app/hub/component/browse-section/browse-section.component.spec.ts" name="BrowseSectionComponent &gt; entityRoutes initialization &gt; routes non-owned datasets to the hub dataset detail page" time="0.0070586">
        </testcase>
    </testsuite>
    <testsuite name="src/app/hub/component/landing-page/landing-page.component.spec.ts" timestamp="2026-06-23T18:31:01.982Z" hostname="roshiii" tests="10" failures="0" errors="0" skipped="0" time="0.1466499">
        <testcase classname="src/app/hub/component/landing-page/landing-page.component.spec.ts" name="LandingPageComponent &gt; should create" time="0.0163158">
        </testcase>
        <testcase classname="src/app/hub/component/landing-page/landing-page.component.spec.ts" name="LandingPageComponent &gt; updates isLogin and currentUid when userChanged() emits" time="0.0115702">
        </testcase>
        <testcase classname="src/app/hub/component/landing-page/landing-page.component.spec.ts" name="LandingPageComponent &gt; ngOnInit invokes getWorkflowCount and loadTops" time="0.0107218">
        </testcase>
        <testcase classname="src/app/hub/component/landing-page/landing-page.component.spec.ts" name="LandingPageComponent &gt; getWorkflowCount populates workflowCount and datasetCount from HubService.getCount" time="0.0109393">
        </testcase>
        <testcase classname="src/app/hub/component/landing-page/landing-page.component.spec.ts" name="LandingPageComponent &gt; loadTops resolves workflow Like/Clone and dataset Like buckets" time="0.0185231">
        </testcase>
        <testcase classname="src/app/hub/component/landing-page/landing-page.component.spec.ts" name="LandingPageComponent &gt; loadTops swallows errors and logs them via console.error" time="0.0202582">
        </testcase>
        <testcase classname="src/app/hub/component/landing-page/landing-page.component.spec.ts" name="LandingPageComponent &gt; getTopLovedEntries extends each action&apos;s items with SearchService and returns a map keyed by action" time="0.013887">
        </testcase>
        <testcase classname="src/app/hub/component/landing-page/landing-page.component.spec.ts" name="LandingPageComponent &gt; navigateToSearch routes to the workflow hub result for &apos;workflow&apos;" time="0.011919">
        </testcase>
        <testcase classname="src/app/hub/component/landing-page/landing-page.component.spec.ts" name="LandingPageComponent &gt; navigateToSearch routes to the dataset hub result for &apos;dataset&apos;" time="0.0174562">
        </testcase>
        <testcase classname="src/app/hub/component/landing-page/landing-page.component.spec.ts" name="LandingPageComponent &gt; navigateToSearch routes to the dashboard home for an unknown type" time="0.0142279">
        </testcase>
    </testsuite>
    <testsuite name="src/app/workspace/component/code-editor-dialog/annotation-suggestion.component.spec.ts" timestamp="2026-06-23T18:31:01.985Z" hostname="roshiii" tests="6" failures="0" errors="0" skipped="0" time="0.0812707">
        <testcase classname="src/app/workspace/component/code-editor-dialog/annotation-suggestion.component.spec.ts" name="AnnotationSuggestionComponent &gt; creates" time="0.0135247">
        </testcase>
        <testcase classname="src/app/workspace/component/code-editor-dialog/annotation-suggestion.component.spec.ts" name="AnnotationSuggestionComponent &gt; defaults its inputs to empty / zero" time="0.0084931">
        </testcase>
        <testcase classname="src/app/workspace/component/code-editor-dialog/annotation-suggestion.component.spec.ts" name="AnnotationSuggestionComponent &gt; emits accept when onAccept is called" time="0.0109735">
        </testcase>
        <testcase classname="src/app/workspace/component/code-editor-dialog/annotation-suggestion.component.spec.ts" name="AnnotationSuggestionComponent &gt; emits decline when onDecline is called" time="0.0261791">
        </testcase>
        <testcase classname="src/app/workspace/component/code-editor-dialog/annotation-suggestion.component.spec.ts" name="AnnotationSuggestionComponent &gt; emits accept and decline independently — onAccept does not fire decline, and vice versa" time="0.0106744">
        </testcase>
        <testcase classname="src/app/workspace/component/code-editor-dialog/annotation-suggestion.component.spec.ts" name="AnnotationSuggestionComponent &gt; respects the latest values bound to its @Input fields" time="0.0108577">
        </testcase>
    </testsuite>
    <testsuite name="src/app/workspace/component/code-editor-dialog/code-debugger.component.spec.ts" timestamp="2026-06-23T18:31:01.987Z" hostname="roshiii" tests="16" failures="0" errors="0" skipped="0" time="1.343827">
        <testcase classname="src/app/workspace/component/code-editor-dialog/code-debugger.component.spec.ts" name="CodeDebuggerComponent &gt; should create the component" time="0.075226">
        </testcase>
        <testcase classname="src/app/workspace/component/code-editor-dialog/code-debugger.component.spec.ts" name="CodeDebuggerComponent &gt; should setup monaco breakpoint methods when state is Running" time="0.1401099">
            <system-out>
enable [33mtrue[39m

            </system-out>
        </testcase>
        <testcase classname="src/app/workspace/component/code-editor-dialog/code-debugger.component.spec.ts" name="CodeDebuggerComponent &gt; should remove monaco breakpoint methods when state changes to Uninitialized" time="0.2505845">
            <system-out>
enable [33mfalse[39m

            </system-out>
        </testcase>
        <testcase classname="src/app/workspace/component/code-editor-dialog/code-debugger.component.spec.ts" name="CodeDebuggerComponent &gt; should call doModifyBreakpoint on left click" time="0.2420584">
        </testcase>
        <testcase classname="src/app/workspace/component/code-editor-dialog/code-debugger.component.spec.ts" name="CodeDebuggerComponent &gt; should set breakpoint condition input on right click" time="0.057295">
        </testcase>
        <testcase classname="src/app/workspace/component/code-editor-dialog/code-debugger.component.spec.ts" name="CodeDebuggerComponent &gt; should reset the breakpoint condition input when closed" time="0.0274354">
        </testcase>
        <testcase classname="src/app/workspace/component/code-editor-dialog/code-debugger.component.spec.ts" name="CodeDebuggerComponent &gt; registerBreakpointRenderingHandler &gt; draws a decoration when a debug-state entry with breakpointId is added" time="0.0494156">
        </testcase>
        <testcase classname="src/app/workspace/component/code-editor-dialog/code-debugger.component.spec.ts" name="CodeDebuggerComponent &gt; registerBreakpointRenderingHandler &gt; does not draw a decoration when the added entry has no breakpointId" time="0.0565479">
        </testcase>
        <testcase classname="src/app/workspace/component/code-editor-dialog/code-debugger.component.spec.ts" name="CodeDebuggerComponent &gt; registerBreakpointRenderingHandler &gt; removes the decoration when a debug-state entry with breakpointId is deleted" time="0.0748905">
        </testcase>
        <testcase classname="src/app/workspace/component/code-editor-dialog/code-debugger.component.spec.ts" name="CodeDebuggerComponent &gt; registerBreakpointRenderingHandler &gt; does not call removeSpecifyDecoration when the deleted entry had no breakpointId" time="0.032504">
        </testcase>
        <testcase classname="src/app/workspace/component/code-editor-dialog/code-debugger.component.spec.ts" name="CodeDebuggerComponent &gt; registerBreakpointRenderingHandler &gt; calls setLineHighlight when an entry&apos;s hit flag flips on" time="0.0607853">
        </testcase>
        <testcase classname="src/app/workspace/component/code-editor-dialog/code-debugger.component.spec.ts" name="CodeDebuggerComponent &gt; registerBreakpointRenderingHandler &gt; calls removeHighlight when an entry&apos;s hit flag flips off" time="0.0273857">
        </testcase>
        <testcase classname="src/app/workspace/component/code-editor-dialog/code-debugger.component.spec.ts" name="CodeDebuggerComponent &gt; registerBreakpointRenderingHandler &gt; re-creates the decoration when the condition string changes on an existing entry" time="0.176347">
        </testcase>
        <testcase classname="src/app/workspace/component/code-editor-dialog/code-debugger.component.spec.ts" name="CodeDebuggerComponent &gt; rerenderExistingBreakpoints &gt; re-creates a decoration for every existing entry that has a breakpointId" time="0.0378328">
        </testcase>
        <testcase classname="src/app/workspace/component/code-editor-dialog/code-debugger.component.spec.ts" name="CodeDebuggerComponent &gt; removeMonacoBreakpointMethods &gt; disposes the mouseDownDisposable and the breakpoint instance when defined" time="0.0132678">
        </testcase>
        <testcase classname="src/app/workspace/component/code-editor-dialog/code-debugger.component.spec.ts" name="CodeDebuggerComponent &gt; removeMonacoBreakpointMethods &gt; returns early without touching anything when monacoBreakpoint is undefined" time="0.0187469">
        </testcase>
    </testsuite>
    <testsuite name="src/app/workspace/component/code-editor-dialog/code-editor.component.spec.ts" timestamp="2026-06-23T18:31:01.993Z" hostname="roshiii" tests="23" failures="0" errors="0" skipped="0" time="1.3354961">
        <testcase classname="src/app/workspace/component/code-editor-dialog/code-editor.component.spec.ts" name="CodeEditorComponent &gt; creates with the highlighted operator" time="0.4814793">
            <system-err>
DEPRECATED: DI is instantiating a token &quot;AugmentedStubMetadataService&quot; that inherits its @Injectable decorator but does not provide one itself.
This will become an error in a future version of Angular. Please add @Injectable() to the &quot;AugmentedStubMetadataService&quot; class.

            </system-err>
        </testcase>
        <testcase classname="src/app/workspace/component/code-editor-dialog/code-editor.component.spec.ts" name="CodeEditorComponent &gt; picks language=&quot;r&quot; for operatorType=RUDFSource" time="0.0460847">
            <system-err>
DEPRECATED: DI is instantiating a token &quot;AugmentedStubMetadataService&quot; that inherits its @Injectable decorator but does not provide one itself.
This will become an error in a future version of Angular. Please add @Injectable() to the &quot;AugmentedStubMetadataService&quot; class.

            </system-err>
        </testcase>
        <testcase classname="src/app/workspace/component/code-editor-dialog/code-editor.component.spec.ts" name="CodeEditorComponent &gt; picks language=&quot;r&quot; for operatorType=RUDF" time="0.039526">
            <system-err>
DEPRECATED: DI is instantiating a token &quot;AugmentedStubMetadataService&quot; that inherits its @Injectable decorator but does not provide one itself.
This will become an error in a future version of Angular. Please add @Injectable() to the &quot;AugmentedStubMetadataService&quot; class.

            </system-err>
        </testcase>
        <testcase classname="src/app/workspace/component/code-editor-dialog/code-editor.component.spec.ts" name="CodeEditorComponent &gt; picks language=&quot;python&quot; for operatorType=PythonUDFV2" time="0.0315927">
            <system-err>
DEPRECATED: DI is instantiating a token &quot;AugmentedStubMetadataService&quot; that inherits its @Injectable decorator but does not provide one itself.
This will become an error in a future version of Angular. Please add @Injectable() to the &quot;AugmentedStubMetadataService&quot; class.

            </system-err>
        </testcase>
        <testcase classname="src/app/workspace/component/code-editor-dialog/code-editor.component.spec.ts" name="CodeEditorComponent &gt; picks language=&quot;python&quot; for operatorType=PythonUDFSourceV2" time="0.0318786">
            <system-err>
DEPRECATED: DI is instantiating a token &quot;AugmentedStubMetadataService&quot; that inherits its @Injectable decorator but does not provide one itself.
This will become an error in a future version of Angular. Please add @Injectable() to the &quot;AugmentedStubMetadataService&quot; class.

            </system-err>
        </testcase>
        <testcase classname="src/app/workspace/component/code-editor-dialog/code-editor.component.spec.ts" name="CodeEditorComponent &gt; picks language=&quot;python&quot; for operatorType=DualInputPortsPythonUDFV2" time="0.0518361">
            <system-err>
DEPRECATED: DI is instantiating a token &quot;AugmentedStubMetadataService&quot; that inherits its @Injectable decorator but does not provide one itself.
This will become an error in a future version of Angular. Please add @Injectable() to the &quot;AugmentedStubMetadataService&quot; class.

            </system-err>
        </testcase>
        <testcase classname="src/app/workspace/component/code-editor-dialog/code-editor.component.spec.ts" name="CodeEditorComponent &gt; picks language=&quot;java&quot; for plain JavaUDF" time="0.0270529">
            <system-err>
DEPRECATED: DI is instantiating a token &quot;AugmentedStubMetadataService&quot; that inherits its @Injectable decorator but does not provide one itself.
This will become an error in a future version of Angular. Please add @Injectable() to the &quot;AugmentedStubMetadataService&quot; class.

            </system-err>
        </testcase>
        <testcase classname="src/app/workspace/component/code-editor-dialog/code-editor.component.spec.ts" name="CodeEditorComponent &gt; picks language=&quot;java&quot; for unknown operator types" time="0.031009">
            <system-err>
DEPRECATED: DI is instantiating a token &quot;AugmentedStubMetadataService&quot; that inherits its @Injectable decorator but does not provide one itself.
This will become an error in a future version of Angular. Please add @Injectable() to the &quot;AugmentedStubMetadataService&quot; class.

            </system-err>
        </testcase>
        <testcase classname="src/app/workspace/component/code-editor-dialog/code-editor.component.spec.ts" name="CodeEditorComponent &gt; derives languageTitle as Capitalized(language) + &apos; UDF&apos;" time="0.0323529">
            <system-err>
DEPRECATED: DI is instantiating a token &quot;AugmentedStubMetadataService&quot; that inherits its @Injectable decorator but does not provide one itself.
This will become an error in a future version of Angular. Please add @Injectable() to the &quot;AugmentedStubMetadataService&quot; class.

            </system-err>
        </testcase>
        <testcase classname="src/app/workspace/component/code-editor-dialog/code-editor.component.spec.ts" name="CodeEditorComponent &gt; produces a SafeHtml for a coeditor with a numeric clientId and a hex colour" time="0.0515357">
            <system-err>
DEPRECATED: DI is instantiating a token &quot;AugmentedStubMetadataService&quot; that inherits its @Injectable decorator but does not provide one itself.
This will become an error in a future version of Angular. Please add @Injectable() to the &quot;AugmentedStubMetadataService&quot; class.

            </system-err>
        </testcase>
        <testcase classname="src/app/workspace/component/code-editor-dialog/code-editor.component.spec.ts" name="CodeEditorComponent &gt; produces a SafeHtml for a coeditor with an rgba colour" time="0.050731">
            <system-err>
DEPRECATED: DI is instantiating a token &quot;AugmentedStubMetadataService&quot; that inherits its @Injectable decorator but does not provide one itself.
This will become an error in a future version of Angular. Please add @Injectable() to the &quot;AugmentedStubMetadataService&quot; class.

            </system-err>
        </testcase>
        <testcase classname="src/app/workspace/component/code-editor-dialog/code-editor.component.spec.ts" name="CodeEditorComponent &gt; getFileSuffixByLanguage &gt; maps python → .py" time="0.0417589">
            <system-err>
DEPRECATED: DI is instantiating a token &quot;AugmentedStubMetadataService&quot; that inherits its @Injectable decorator but does not provide one itself.
This will become an error in a future version of Angular. Please add @Injectable() to the &quot;AugmentedStubMetadataService&quot; class.

            </system-err>
        </testcase>
        <testcase classname="src/app/workspace/component/code-editor-dialog/code-editor.component.spec.ts" name="CodeEditorComponent &gt; getFileSuffixByLanguage &gt; maps r → .r" time="0.0312921">
            <system-err>
DEPRECATED: DI is instantiating a token &quot;AugmentedStubMetadataService&quot; that inherits its @Injectable decorator but does not provide one itself.
This will become an error in a future version of Angular. Please add @Injectable() to the &quot;AugmentedStubMetadataService&quot; class.

            </system-err>
        </testcase>
        <testcase classname="src/app/workspace/component/code-editor-dialog/code-editor.component.spec.ts" name="CodeEditorComponent &gt; getFileSuffixByLanguage &gt; maps javascript → .js" time="0.033922">
            <system-err>
DEPRECATED: DI is instantiating a token &quot;AugmentedStubMetadataService&quot; that inherits its @Injectable decorator but does not provide one itself.
This will become an error in a future version of Angular. Please add @Injectable() to the &quot;AugmentedStubMetadataService&quot; class.

            </system-err>
        </testcase>
        <testcase classname="src/app/workspace/component/code-editor-dialog/code-editor.component.spec.ts" name="CodeEditorComponent &gt; getFileSuffixByLanguage &gt; maps java → .java" time="0.0625936">
            <system-err>
DEPRECATED: DI is instantiating a token &quot;AugmentedStubMetadataService&quot; that inherits its @Injectable decorator but does not provide one itself.
This will become an error in a future version of Angular. Please add @Injectable() to the &quot;AugmentedStubMetadataService&quot; class.

            </system-err>
        </testcase>
        <testcase classname="src/app/workspace/component/code-editor-dialog/code-editor.component.spec.ts" name="CodeEditorComponent &gt; getFileSuffixByLanguage &gt; is case-insensitive on the language name" time="0.0357613">
            <system-err>
DEPRECATED: DI is instantiating a token &quot;AugmentedStubMetadataService&quot; that inherits its @Injectable decorator but does not provide one itself.
This will become an error in a future version of Angular. Please add @Injectable() to the &quot;AugmentedStubMetadataService&quot; class.

            </system-err>
        </testcase>
        <testcase classname="src/app/workspace/component/code-editor-dialog/code-editor.component.spec.ts" name="CodeEditorComponent &gt; getFileSuffixByLanguage &gt; falls back to .py for unknown languages so the default Monaco grammar is python" time="0.0339508">
            <system-err>
DEPRECATED: DI is instantiating a token &quot;AugmentedStubMetadataService&quot; that inherits its @Injectable decorator but does not provide one itself.
This will become an error in a future version of Angular. Please add @Injectable() to the &quot;AugmentedStubMetadataService&quot; class.

            </system-err>
        </testcase>
        <testcase classname="src/app/workspace/component/code-editor-dialog/code-editor.component.spec.ts" name="CodeEditorComponent &gt; onFocus &gt; highlights the operator the editor is bound to" time="0.0329092">
            <system-err>
DEPRECATED: DI is instantiating a token &quot;AugmentedStubMetadataService&quot; that inherits its @Injectable decorator but does not provide one itself.
This will become an error in a future version of Angular. Please add @Injectable() to the &quot;AugmentedStubMetadataService&quot; class.

            </system-err>
        </testcase>
        <testcase classname="src/app/workspace/component/code-editor-dialog/code-editor.component.spec.ts" name="CodeEditorComponent &gt; rejectCurrentAnnotation &gt; hides the suggestion UI and clears the staged code + suggestion" time="0.0467286">
            <system-err>
DEPRECATED: DI is instantiating a token &quot;AugmentedStubMetadataService&quot; that inherits its @Injectable decorator but does not provide one itself.
This will become an error in a future version of Angular. Please add @Injectable() to the &quot;AugmentedStubMetadataService&quot; class.

            </system-err>
        </testcase>
        <testcase classname="src/app/workspace/component/code-editor-dialog/code-editor.component.spec.ts" name="CodeEditorComponent &gt; rejectCurrentAnnotation &gt; emits on the multi-variable response subject when one is staged" time="0.0326715">
            <system-err>
DEPRECATED: DI is instantiating a token &quot;AugmentedStubMetadataService&quot; that inherits its @Injectable decorator but does not provide one itself.
This will become an error in a future version of Angular. Please add @Injectable() to the &quot;AugmentedStubMetadataService&quot; class.

            </system-err>
        </testcase>
        <testcase classname="src/app/workspace/component/code-editor-dialog/code-editor.component.spec.ts" name="CodeEditorComponent &gt; acceptCurrentAnnotation &gt; is a no-op when the suggestion UI is not currently shown" time="0.0355305">
            <system-err>
DEPRECATED: DI is instantiating a token &quot;AugmentedStubMetadataService&quot; that inherits its @Injectable decorator but does not provide one itself.
This will become an error in a future version of Angular. Please add @Injectable() to the &quot;AugmentedStubMetadataService&quot; class.

            </system-err>
        </testcase>
        <testcase classname="src/app/workspace/component/code-editor-dialog/code-editor.component.spec.ts" name="CodeEditorComponent &gt; acceptCurrentAnnotation &gt; hides the suggestion UI after accepting" time="0.0329427">
            <system-err>
DEPRECATED: DI is instantiating a token &quot;AugmentedStubMetadataService&quot; that inherits its @Injectable decorator but does not provide one itself.
This will become an error in a future version of Angular. Please add @Injectable() to the &quot;AugmentedStubMetadataService&quot; class.

            </system-err>
        </testcase>
        <testcase classname="src/app/workspace/component/code-editor-dialog/code-editor.component.spec.ts" name="CodeEditorComponent &gt; AI assistant action wiring &gt; emits &apos;OpenAI&apos; from the AI assistant gate when configured that way" time="0.0374242">
            <system-err>
DEPRECATED: DI is instantiating a token &quot;AugmentedStubMetadataService&quot; that inherits its @Injectable decorator but does not provide one itself.
This will become an error in a future version of Angular. Please add @Injectable() to the &quot;AugmentedStubMetadataService&quot; class.

DEPRECATED: DI is instantiating a token &quot;AugmentedStubMetadataService&quot; that inherits its @Injectable decorator but does not provide one itself.
This will become an error in a future version of Angular. Please add @Injectable() to the &quot;AugmentedStubMetadataService&quot; class.

            </system-err>
        </testcase>
    </testsuite>
    <testsuite name="src/app/workspace/component/codearea-custom-template/codearea-custom-template.component.spec.ts" timestamp="2026-06-23T18:31:02.005Z" hostname="roshiii" tests="1" failures="0" errors="0" skipped="0" time="0.0173697">
        <testcase classname="src/app/workspace/component/codearea-custom-template/codearea-custom-template.component.spec.ts" name="CodeareaCustomTemplateComponent &gt; should create" time="0.0169365">
        </testcase>
    </testsuite>
    <testsuite name="src/app/workspace/component/dataset-file-selector/dataset-file-selector.component.spec.ts" timestamp="2026-06-23T18:31:02.006Z" hostname="roshiii" tests="5" failures="0" errors="0" skipped="0" time="0.0378773">
        <testcase classname="src/app/workspace/component/dataset-file-selector/dataset-file-selector.component.spec.ts" name="DatasetFileSelectorComponent &gt; should create" time="0.0105388">
        </testcase>
        <testcase classname="src/app/workspace/component/dataset-file-selector/dataset-file-selector.component.spec.ts" name="DatasetFileSelectorComponent &gt; opens the dataset selection modal once when clicked" time="0.0074305">
        </testcase>
        <testcase classname="src/app/workspace/component/dataset-file-selector/dataset-file-selector.component.spec.ts" name="DatasetFileSelectorComponent &gt; writes the chosen path back into the form control when a path is selected" time="0.0066845">
        </testcase>
        <testcase classname="src/app/workspace/component/dataset-file-selector/dataset-file-selector.component.spec.ts" name="DatasetFileSelectorComponent &gt; leaves the form control unchanged when the modal is dismissed without a path" time="0.0065793">
        </testcase>
        <testcase classname="src/app/workspace/component/dataset-file-selector/dataset-file-selector.component.spec.ts" name="DatasetFileSelectorComponent &gt; exposes isFileSelectionEnabled from the GUI config" time="0.0059202">
        </testcase>
    </testsuite>
    <testsuite name="src/app/workspace/component/dataset-version-selector/dataset-version-selector.component.spec.ts" timestamp="2026-06-23T18:31:02.008Z" hostname="roshiii" tests="4" failures="0" errors="0" skipped="0" time="0.0381162">
        <testcase classname="src/app/workspace/component/dataset-version-selector/dataset-version-selector.component.spec.ts" name="DatasetVersionSelectorComponent &gt; should create" time="0.0104299">
        </testcase>
        <testcase classname="src/app/workspace/component/dataset-version-selector/dataset-version-selector.component.spec.ts" name="DatasetVersionSelectorComponent &gt; opens the dataset selection modal once when clicked" time="0.0094461">
        </testcase>
        <testcase classname="src/app/workspace/component/dataset-version-selector/dataset-version-selector.component.spec.ts" name="DatasetVersionSelectorComponent &gt; writes the chosen path back into the form control when a version is selected" time="0.0090486">
        </testcase>
        <testcase classname="src/app/workspace/component/dataset-version-selector/dataset-version-selector.component.spec.ts" name="DatasetVersionSelectorComponent &gt; leaves the form control unchanged when the modal is dismissed without a value" time="0.0085107">
        </testcase>
    </testsuite>
    <testsuite name="src/app/workspace/component/left-panel/left-panel.component.spec.ts" timestamp="2026-06-23T18:31:02.010Z" hostname="roshiii" tests="2" failures="0" errors="0" skipped="0" time="0.3201444">
        <testcase classname="src/app/workspace/component/left-panel/left-panel.component.spec.ts" name="LeftPanelComponent &gt; should create" time="0.1275737">
        </testcase>
        <testcase classname="src/app/workspace/component/left-panel/left-panel.component.spec.ts" name="LeftPanelComponent &gt; should switch to versions frame component when get all versions is clicked" time="0.1780573">
        </testcase>
    </testsuite>
    <testsuite name="src/app/workspace/component/hugging-face-image-upload/hugging-face-image-upload.component.spec.ts" timestamp="2026-06-23T18:31:02.011Z" hostname="roshiii" tests="8" failures="0" errors="0" skipped="0" time="0.0858577">
        <testcase classname="src/app/workspace/component/hugging-face-image-upload/hugging-face-image-upload.component.spec.ts" name="HuggingFaceImageUploadComponent &gt; should create" time="0.0103613">
        </testcase>
        <testcase classname="src/app/workspace/component/hugging-face-image-upload/hugging-face-image-upload.component.spec.ts" name="HuggingFaceImageUploadComponent &gt; derived view state &gt; reports no image when formControl is empty" time="0.0077661">
        </testcase>
        <testcase classname="src/app/workspace/component/hugging-face-image-upload/hugging-face-image-upload.component.spec.ts" name="HuggingFaceImageUploadComponent &gt; derived view state &gt; reports an image when formControl holds a data URL" time="0.0073366">
        </testcase>
        <testcase classname="src/app/workspace/component/hugging-face-image-upload/hugging-face-image-upload.component.spec.ts" name="HuggingFaceImageUploadComponent &gt; derived view state &gt; prefers the explicit filename over the fallback label" time="0.0071981">
        </testcase>
        <testcase classname="src/app/workspace/component/hugging-face-image-upload/hugging-face-image-upload.component.spec.ts" name="HuggingFaceImageUploadComponent &gt; onFileSelected &gt; clears prior error and returns early when no file is provided" time="0.008167">
        </testcase>
        <testcase classname="src/app/workspace/component/hugging-face-image-upload/hugging-face-image-upload.component.spec.ts" name="HuggingFaceImageUploadComponent &gt; onFileSelected &gt; rejects non-image files and resets the input" time="0.0083318">
        </testcase>
        <testcase classname="src/app/workspace/component/hugging-face-image-upload/hugging-face-image-upload.component.spec.ts" name="HuggingFaceImageUploadComponent &gt; onFileSelected &gt; reports an error when image compression fails" time="0.0270467">
        </testcase>
        <testcase classname="src/app/workspace/component/hugging-face-image-upload/hugging-face-image-upload.component.spec.ts" name="HuggingFaceImageUploadComponent &gt; clearImage &gt; resets file state, the form control, and any model value" time="0.0087894">
        </testcase>
    </testsuite>
    <testsuite name="src/app/workspace/component/menu/menu.component.spec.ts" timestamp="2026-06-23T18:31:02.014Z" hostname="roshiii" tests="50" failures="0" errors="0" skipped="0" time="20.5120137">
        <testcase classname="src/app/workspace/component/menu/menu.component.spec.ts" name="MenuComponent &gt; should create" time="1.1991813">
        </testcase>
        <testcase classname="src/app/workspace/component/menu/menu.component.spec.ts" name="MenuComponent &gt; getRunButtonBehavior &gt; returns &apos;Invalid Workflow&apos; when the workflow is invalid" time="0.5029515">
        </testcase>
        <testcase classname="src/app/workspace/component/menu/menu.component.spec.ts" name="MenuComponent &gt; getRunButtonBehavior &gt; returns &apos;Empty Workflow&apos; when the workflow has no operators" time="0.3985511">
        </testcase>
        <testcase classname="src/app/workspace/component/menu/menu.component.spec.ts" name="MenuComponent &gt; getRunButtonBehavior &gt; returns &apos;Connect&apos; when no computing unit is attached" time="0.3559014">
        </testcase>
        <testcase classname="src/app/workspace/component/menu/menu.component.spec.ts" name="MenuComponent &gt; getRunButtonBehavior &gt; returns &apos;Run&apos; when connected and execution is uninitialized" time="0.3304103">
        </testcase>
        <testcase classname="src/app/workspace/component/menu/menu.component.spec.ts" name="MenuComponent &gt; getRunButtonBehavior &gt; returns &apos;Pause&apos; while a workflow is running" time="0.374678">
        </testcase>
        <testcase classname="src/app/workspace/component/menu/menu.component.spec.ts" name="MenuComponent &gt; getRunButtonBehavior &gt; returns &apos;Resume&apos; when execution is paused" time="0.3943591">
        </testcase>
        <testcase classname="src/app/workspace/component/menu/menu.component.spec.ts" name="MenuComponent &gt; getRunButtonBehavior &gt; returns &apos;Connecting&apos; when a unit exists but the websocket is not connected" time="0.3896269">
        </testcase>
        <testcase classname="src/app/workspace/component/menu/menu.component.spec.ts" name="MenuComponent &gt; applyRunButtonBehavior copies the behavior onto the bound fields" time="0.4625824">
        </testcase>
        <testcase classname="src/app/workspace/component/menu/menu.component.spec.ts" name="MenuComponent &gt; re-applies run button behavior when the validation stream reports an empty workflow" time="0.5484313">
        </testcase>
        <testcase classname="src/app/workspace/component/menu/menu.component.spec.ts" name="MenuComponent &gt; hasOperators &gt; returns false on an empty graph" time="0.3428708">
        </testcase>
        <testcase classname="src/app/workspace/component/menu/menu.component.spec.ts" name="MenuComponent &gt; hasOperators &gt; returns true once an operator is added" time="0.574269">
        </testcase>
        <testcase classname="src/app/workspace/component/menu/menu.component.spec.ts" name="MenuComponent &gt; onClickAddCommentBox delegates to the workflow action service" time="0.5189453">
        </testcase>
        <testcase classname="src/app/workspace/component/menu/menu.component.spec.ts" name="MenuComponent &gt; onClickDeleteAllOperators removes every operator from the graph" time="0.3097124">
        </testcase>
        <testcase classname="src/app/workspace/component/menu/menu.component.spec.ts" name="MenuComponent &gt; onClickAutoLayout is a no-op when there are no operators" time="0.2904167">
        </testcase>
        <testcase classname="src/app/workspace/component/menu/menu.component.spec.ts" name="MenuComponent &gt; onClickAutoLayout invokes auto layout when operators are present" time="0.2608242">
        </testcase>
        <testcase classname="src/app/workspace/component/menu/menu.component.spec.ts" name="MenuComponent &gt; handleKill delegates to executeWorkflowService.killWorkflow" time="0.2350821">
        </testcase>
        <testcase classname="src/app/workspace/component/menu/menu.component.spec.ts" name="MenuComponent &gt; handleCheckpoint delegates to executeWorkflowService.takeGlobalCheckpoint" time="0.2796472">
        </testcase>
        <testcase classname="src/app/workspace/component/menu/menu.component.spec.ts" name="MenuComponent &gt; onClickClosePanels and onClickResetPanels delegate to PanelService" time="0.2239725">
        </testcase>
        <testcase classname="src/app/workspace/component/menu/menu.component.spec.ts" name="MenuComponent &gt; runWorkflow &gt; does nothing when the workflow is invalid" time="0.243634">
        </testcase>
        <testcase classname="src/app/workspace/component/menu/menu.component.spec.ts" name="MenuComponent &gt; runWorkflow &gt; does nothing when the workflow is empty" time="0.2664004">
        </testcase>
        <testcase classname="src/app/workspace/component/menu/menu.component.spec.ts" name="MenuComponent &gt; runWorkflow &gt; opens the add-computing-unit modal when no unit is connected" time="0.2473005">
        </testcase>
        <testcase classname="src/app/workspace/component/menu/menu.component.spec.ts" name="MenuComponent &gt; runWorkflow &gt; submits the execution when connected" time="0.2472838">
        </testcase>
        <testcase classname="src/app/workspace/component/menu/menu.component.spec.ts" name="MenuComponent &gt; onWorkflowNameChange forwards the new name to the workflow action service" time="0.2374513">
        </testcase>
        <testcase classname="src/app/workspace/component/menu/menu.component.spec.ts" name="MenuComponent &gt; onClickExportWorkflow (save) &gt; serializes the workflow content as JSON and downloads it under the workflow name" time="0.258943">
        </testcase>
        <testcase classname="src/app/workspace/component/menu/menu.component.spec.ts" name="MenuComponent &gt; version history &gt; onClickGetAllVersions delegates to workflowVersionService.displayWorkflowVersions" time="0.2168879">
        </testcase>
        <testcase classname="src/app/workspace/component/menu/menu.component.spec.ts" name="MenuComponent &gt; version history &gt; closeParticularVersionDisplay delegates to workflowVersionService" time="0.2191848">
        </testcase>
        <testcase classname="src/app/workspace/component/menu/menu.component.spec.ts" name="MenuComponent &gt; version history &gt; revertToVersion reverts and then persists the workflow" time="0.2723089">
        </testcase>
        <testcase classname="src/app/workspace/component/menu/menu.component.spec.ts" name="MenuComponent &gt; version history &gt; cloneVersion notifies success and closes the version panel when cloning succeeds" time="0.3251549">
        </testcase>
        <testcase classname="src/app/workspace/component/menu/menu.component.spec.ts" name="MenuComponent &gt; version history &gt; cloneVersion shows an error notification and does not close the panel when cloning fails" time="0.2971384">
        </testcase>
        <testcase classname="src/app/workspace/component/menu/menu.component.spec.ts" name="MenuComponent &gt; onClickOpenShareAccess (share) &gt; looks up workflow owners and opens the share-access modal" time="0.3627949">
        </testcase>
        <testcase classname="src/app/workspace/component/menu/menu.component.spec.ts" name="MenuComponent &gt; onClickOpenShareAccess (share) &gt; navigates to /user/workflow (no /dashboard prefix) when the modal reports the owner revoked their own access" time="0.223625">
        </testcase>
        <testcase classname="src/app/workspace/component/menu/menu.component.spec.ts" name="MenuComponent &gt; onClickOpenShareAccess (share) &gt; does not navigate when the share-access modal closes without revoking own access" time="0.2021695">
        </testcase>
        <testcase classname="src/app/workspace/component/menu/menu.component.spec.ts" name="MenuComponent &gt; onClickCreateNewWorkflow resets the graph and navigates back to root" time="0.2685372">
        </testcase>
        <testcase classname="src/app/workspace/component/menu/menu.component.spec.ts" name="MenuComponent &gt; onClickRestoreZoomOffsetDefault delegates to the joint graph wrapper" time="0.2240622">
        </testcase>
        <testcase classname="src/app/workspace/component/menu/menu.component.spec.ts" name="MenuComponent &gt; onClickEditDescription opens the markdown description modal seeded with the current description" time="0.2256274">
        </testcase>
        <testcase classname="src/app/workspace/component/menu/menu.component.spec.ts" name="MenuComponent &gt; onClickExportExecutionResult opens the result-exportation modal with the current workflow name" time="0.2271295">
        </testcase>
        <testcase classname="src/app/workspace/component/menu/menu.component.spec.ts" name="MenuComponent &gt; canvas display toggles &gt; toggleRegion &gt; publishes the displayed flag to the joint graph wrapper when enabled" time="0.2241249">
        </testcase>
        <testcase classname="src/app/workspace/component/menu/menu.component.spec.ts" name="MenuComponent &gt; canvas display toggles &gt; toggleRegion &gt; publishes the displayed flag to the joint graph wrapper when disabled" time="0.2878603">
        </testcase>
        <testcase classname="src/app/workspace/component/menu/menu.component.spec.ts" name="MenuComponent &gt; canvas display toggles &gt; toggleStatus &gt; removes hide-operator-status when enabled and repositions the status label" time="0.2300186">
        </testcase>
        <testcase classname="src/app/workspace/component/menu/menu.component.spec.ts" name="MenuComponent &gt; canvas display toggles &gt; toggleStatus &gt; adds hide-operator-status when disabled" time="0.3771285">
        </testcase>
        <testcase classname="src/app/workspace/component/menu/menu.component.spec.ts" name="MenuComponent &gt; canvas display toggles &gt; toggleStatus &gt; offsets the status label higher when worker counts are shown" time="0.4275015">
        </testcase>
        <testcase classname="src/app/workspace/component/menu/menu.component.spec.ts" name="MenuComponent &gt; execution duration timer &gt; sets executionDuration to the event&apos;s base duration on each event" time="0.8594987">
        </testcase>
        <testcase classname="src/app/workspace/component/menu/menu.component.spec.ts" name="MenuComponent &gt; execution duration timer &gt; advances the duration by 1s every second while running" time="0.9596854">
        </testcase>
        <testcase classname="src/app/workspace/component/menu/menu.component.spec.ts" name="MenuComponent &gt; execution duration timer &gt; does not start a timer when the execution is not running" time="0.9930773">
        </testcase>
        <testcase classname="src/app/workspace/component/menu/menu.component.spec.ts" name="MenuComponent &gt; execution duration timer &gt; restarts the 1s timer on each new running event, cancelling the previous one" time="0.6714639">
        </testcase>
        <testcase classname="src/app/workspace/component/menu/menu.component.spec.ts" name="MenuComponent &gt; execution duration timer &gt; stops the timer when a running execution transitions to not running" time="0.8887716">
        </testcase>
        <testcase classname="src/app/workspace/component/menu/menu.component.spec.ts" name="MenuComponent &gt; execution duration timer &gt; tears down the timer on destroy so the duration stops advancing" time="0.8015821">
        </testcase>
        <testcase classname="src/app/workspace/component/menu/menu.component.spec.ts" name="MenuComponent &gt; computing unit status subscription &gt; updates computingUnitStatus and re-applies the run button behavior on each status emission" time="0.6313657">
        </testcase>
        <testcase classname="src/app/workspace/component/menu/menu.component.spec.ts" name="MenuComponent &gt; computing unit status subscription &gt; stops updating computingUnitStatus once the component is destroyed" time="0.5930475">
        </testcase>
    </testsuite>
    <testsuite name="src/app/workspace/component/power-button/computing-unit-selection.component.spec.ts" timestamp="2026-06-23T18:31:02.028Z" hostname="roshiii" tests="1" failures="0" errors="0" skipped="0" time="0.066394">
        <testcase classname="src/app/workspace/component/power-button/computing-unit-selection.component.spec.ts" name="PowerButtonComponent &gt; should create" time="0.0596057">
        </testcase>
    </testsuite>
    <testsuite name="src/app/workspace/component/property-editor/property-editor.component.spec.ts" timestamp="2026-06-23T18:31:02.030Z" hostname="roshiii" tests="4" failures="0" errors="0" skipped="0" time="1.7258775">
        <testcase classname="src/app/workspace/component/property-editor/property-editor.component.spec.ts" name="PropertyEditorComponent &gt; should create" time="0.4887842">
        </testcase>
        <testcase classname="src/app/workspace/component/property-editor/property-editor.component.spec.ts" name="PropertyEditorComponent &gt; should clear and hide the property editor panel correctly when no operator is highlighted" time="0.5174421">
        </testcase>
        <testcase classname="src/app/workspace/component/property-editor/property-editor.component.spec.ts" name="PropertyEditorComponent &gt; should clear and hide the property editor panel correctly when multiple operators are highlighted" time="0.1784033">
        </testcase>
        <testcase classname="src/app/workspace/component/property-editor/property-editor.component.spec.ts" name="PropertyEditorComponent &gt; should switch the content of property editor to another operator from the former operator correctly" time="0.507304">
        </testcase>
    </testsuite>
    <testsuite name="src/app/workspace/component/result-panel/result-panel-modal.component.spec.ts" timestamp="2026-06-23T18:31:02.032Z" hostname="roshiii" tests="2" failures="0" errors="0" skipped="0" time="0.0353066">
        <testcase classname="src/app/workspace/component/result-panel/result-panel-modal.component.spec.ts" name="RowModalComponent &gt; should create" time="0.0217128">
        </testcase>
        <testcase classname="src/app/workspace/component/result-panel/result-panel-modal.component.spec.ts" name="RowModalComponent &gt; should populate row data on ngOnChanges" time="0.0132278">
        </testcase>
    </testsuite>
    <testsuite name="src/app/workspace/component/result-panel/result-panel.component.spec.ts" timestamp="2026-06-23T18:31:02.033Z" hostname="roshiii" tests="4" failures="0" errors="0" skipped="0" time="0.3277762">
        <testcase classname="src/app/workspace/component/result-panel/result-panel.component.spec.ts" name="ResultPanelComponent &gt; should create" time="0.0487607">
        </testcase>
        <testcase classname="src/app/workspace/component/result-panel/result-panel.component.spec.ts" name="ResultPanelComponent &gt; should show nothing by default" time="0.0428058">
        </testcase>
        <testcase classname="src/app/workspace/component/result-panel/result-panel.component.spec.ts" name="ResultPanelComponent &gt; should show the result panel if a workflow finishes execution" time="0.1809598">
        </testcase>
        <testcase classname="src/app/workspace/component/result-panel/result-panel.component.spec.ts" name="ResultPanelComponent &gt; wipes the panel and operator selection when results are cleared, e.g. on a computing-unit switch (#3120)" time="0.0545437">
        </testcase>
    </testsuite>
    <testsuite name="src/app/workspace/component/ui-udf-parameters/ui-udf-parameters.component.spec.ts" timestamp="2026-06-23T18:31:02.035Z" hostname="roshiii" tests="2" failures="0" errors="0" skipped="0" time="0.0092264">
        <testcase classname="src/app/workspace/component/ui-udf-parameters/ui-udf-parameters.component.spec.ts" name="UiUdfParametersComponent &gt; should disable name and type fields while leaving value editable" time="0.0061651">
        </testcase>
        <testcase classname="src/app/workspace/component/ui-udf-parameters/ui-udf-parameters.component.spec.ts" name="UiUdfParametersComponent &gt; should apply disabled state to rows generated from the field array template" time="0.0027586">
        </testcase>
    </testsuite>
    <testsuite name="src/app/workspace/component/visualization-panel-content/visualization-frame-content.component.spec.ts" timestamp="2026-06-23T18:31:02.036Z" hostname="roshiii" tests="7" failures="0" errors="0" skipped="0" time="0.2802553">
        <testcase classname="src/app/workspace/component/visualization-panel-content/visualization-frame-content.component.spec.ts" name="VisualizationFrameContentComponent &gt; drawChart() guard clauses &gt; is a no-op when operatorId is undefined" time="0.038724">
        </testcase>
        <testcase classname="src/app/workspace/component/visualization-panel-content/visualization-frame-content.component.spec.ts" name="VisualizationFrameContentComponent &gt; drawChart() guard clauses &gt; is a no-op when getResultService returns undefined" time="0.0435106">
        </testcase>
        <testcase classname="src/app/workspace/component/visualization-panel-content/visualization-frame-content.component.spec.ts" name="VisualizationFrameContentComponent &gt; drawChart() guard clauses &gt; is a no-op when the snapshot is empty/undefined" time="0.0266377">
        </testcase>
        <testcase classname="src/app/workspace/component/visualization-panel-content/visualization-frame-content.component.spec.ts" name="VisualizationFrameContentComponent &gt; drawChart() rendering &gt; renders the last snapshot entry&apos;s html-content through the DomSanitizer" time="0.0463502">
        </testcase>
        <testcase classname="src/app/workspace/component/visualization-panel-content/visualization-frame-content.component.spec.ts" name="VisualizationFrameContentComponent &gt; result-update stream subscription &gt; redraws after UPDATE_INTERVAL_MS when a matching operatorId emits" time="0.0504815">
        </testcase>
        <testcase classname="src/app/workspace/component/visualization-panel-content/visualization-frame-content.component.spec.ts" name="VisualizationFrameContentComponent &gt; result-update stream subscription &gt; ignores stream emissions that don&apos;t include the current operatorId" time="0.0356947">
        </testcase>
        <testcase classname="src/app/workspace/component/visualization-panel-content/visualization-frame-content.component.spec.ts" name="VisualizationFrameContentComponent &gt; result-update stream subscription &gt; ignores stream emissions when operatorId is undefined" time="0.0381269">
        </testcase>
    </testsuite>
    <testsuite name="src/app/workspace/component/workflow-editor/workflow-editor.component.spec.ts" timestamp="2026-06-23T18:31:02.041Z" hostname="roshiii" tests="25" failures="0" errors="0" skipped="0" time="6.9034374">
        <testcase classname="src/app/workspace/component/workflow-editor/workflow-editor.component.spec.ts" name="WorkflowEditorComponent &gt; JointJS Paper &gt; should create" time="0.5829982">
        </testcase>
        <testcase classname="src/app/workspace/component/workflow-editor/workflow-editor.component.spec.ts" name="WorkflowEditorComponent &gt; JointJS Paper &gt; should hide operator status on the canvas by default" time="0.1356253">
        </testcase>
        <testcase classname="src/app/workspace/component/workflow-editor/workflow-editor.component.spec.ts" name="WorkflowEditorComponent &gt; JointJS Paper &gt; should create region elements hidden so the Regions toggle starts off on canvas and mini-map" time="0.1303">
        </testcase>
        <testcase classname="src/app/workspace/component/workflow-editor/workflow-editor.component.spec.ts" name="WorkflowEditorComponent &gt; JointJS Paper &gt; should show regions created during execution when the toggle is already on" time="0.1834097">
        </testcase>
        <testcase classname="src/app/workspace/component/workflow-editor/workflow-editor.component.spec.ts" name="WorkflowEditorComponent &gt; JointJS Paper &gt; should keep regions visible when they are recreated on a later execution update" time="0.2891935">
        </testcase>
        <testcase classname="src/app/workspace/component/workflow-editor/workflow-editor.component.spec.ts" name="WorkflowEditorComponent &gt; JointJS Paper &gt; should toggle visibility of existing regions when the displayed flag changes" time="0.1426529">
        </testcase>
        <testcase classname="src/app/workspace/component/workflow-editor/workflow-editor.component.spec.ts" name="WorkflowEditorComponent &gt; JointJS Paper &gt; should create element in the UI after adding operator in the model" time="0.0692951">
        </testcase>
        <testcase classname="src/app/workspace/component/workflow-editor/workflow-editor.component.spec.ts" name="WorkflowEditorComponent &gt; JointJS Paper &gt; should create a graph of multiple cells in the UI" time="0.1290002">
        </testcase>
        <testcase classname="src/app/workspace/component/workflow-editor/workflow-editor.component.spec.ts" name="WorkflowEditorComponent &gt; External Module Integration &gt; should react to operator highlight event and change the appearance of the operator to be highlighted" time="0.3548848">
        </testcase>
        <testcase classname="src/app/workspace/component/workflow-editor/workflow-editor.component.spec.ts" name="WorkflowEditorComponent &gt; External Module Integration &gt; should react to operator unhighlight event and change the appearance of the operator to be unhighlighted" time="0.2162363">
        </testcase>
        <testcase classname="src/app/workspace/component/workflow-editor/workflow-editor.component.spec.ts" name="WorkflowEditorComponent &gt; External Module Integration &gt; should react to operator validation and change the color of operator box if the operator is valid " time="0.4895615">
        </testcase>
        <testcase classname="src/app/workspace/component/workflow-editor/workflow-editor.component.spec.ts" name="WorkflowEditorComponent &gt; External Module Integration &gt; should validate operator connections correctly" time="0.5895332">
        </testcase>
        <testcase classname="src/app/workspace/component/workflow-editor/workflow-editor.component.spec.ts" name="WorkflowEditorComponent &gt; External Module Integration &gt; should validate operator connections with ports that allow multi-inputs correctly" time="0.3821006">
        </testcase>
        <testcase classname="src/app/workspace/component/workflow-editor/workflow-editor.component.spec.ts" name="WorkflowEditorComponent &gt; External Module Integration &gt; should react to jointJS paper zoom event" time="0.0474238">
        </testcase>
        <testcase classname="src/app/workspace/component/workflow-editor/workflow-editor.component.spec.ts" name="WorkflowEditorComponent &gt; External Module Integration &gt; should react to jointJS paper restore default offset event" time="0.049178">
        </testcase>
        <testcase classname="src/app/workspace/component/workflow-editor/workflow-editor.component.spec.ts" name="WorkflowEditorComponent &gt; External Module Integration &gt; should delete the highlighted operator when user presses the backspace key" time="0.1916438">
        </testcase>
        <testcase classname="src/app/workspace/component/workflow-editor/workflow-editor.component.spec.ts" name="WorkflowEditorComponent &gt; External Module Integration &gt; should delete the highlighted operator when user presses the delete key" time="0.2084842">
        </testcase>
        <testcase classname="src/app/workspace/component/workflow-editor/workflow-editor.component.spec.ts" name="WorkflowEditorComponent &gt; External Module Integration &gt; should delete all highlighted operators when user presses the backspace key" time="0.1666992">
        </testcase>
        <testcase classname="src/app/workspace/component/workflow-editor/workflow-editor.component.spec.ts" name="WorkflowEditorComponent &gt; External Module Integration &gt; should highlight all operators when user presses command + A" time="0.3427746">
        </testcase>
        <testcase classname="src/app/workspace/component/workflow-editor/workflow-editor.component.spec.ts" name="WorkflowEditorComponent &gt; External Module Integration &gt; should undo action when user presses command + Z or control + Z" time="0.1020604">
        </testcase>
        <testcase classname="src/app/workspace/component/workflow-editor/workflow-editor.component.spec.ts" name="WorkflowEditorComponent &gt; External Module Integration &gt; should redo action when user presses command/control + Y or command/control + shift + Z" time="1.1828491">
        </testcase>
        <testcase classname="src/app/workspace/component/workflow-editor/workflow-editor.component.spec.ts" name="WorkflowEditorComponent &gt; External Module Integration &gt; operator border restoration after navigation &gt; paints the execution-state stroke (green) for a valid operator with a cached Completed status" time="0.329124">
        </testcase>
        <testcase classname="src/app/workspace/component/workflow-editor/workflow-editor.component.spec.ts" name="WorkflowEditorComponent &gt; External Module Integration &gt; operator border restoration after navigation &gt; falls back to the default valid stroke (#CFCFCF) when no cached status exists" time="0.2318931">
        </testcase>
        <testcase classname="src/app/workspace/component/workflow-editor/workflow-editor.component.spec.ts" name="WorkflowEditorComponent &gt; External Module Integration &gt; operator border restoration after navigation &gt; paints the invalid stroke (red) for an invalid operator with no cached status" time="0.1453652">
        </testcase>
        <testcase classname="src/app/workspace/component/workflow-editor/workflow-editor.component.spec.ts" name="WorkflowEditorComponent &gt; External Module Integration &gt; operator border restoration after navigation &gt; prioritizes invalid (red) over cached Completed status" time="0.2050659">
        </testcase>
    </testsuite>
    <testsuite name="src/app/workspace/service/agent/agent.service.spec.ts" timestamp="2026-06-23T18:31:02.051Z" hostname="roshiii" tests="2" failures="0" errors="0" skipped="0" time="0.0145338">
        <testcase classname="src/app/workspace/service/agent/agent.service.spec.ts" name="AgentService &gt; createAgent &gt; creates an agent without putting the user token in the payload" time="0.0083696">
        </testcase>
        <testcase classname="src/app/workspace/service/agent/agent.service.spec.ts" name="AgentService &gt; createAgent &gt; includes workflowId and the selected computing unit id in the payload" time="0.0054824">
        </testcase>
    </testsuite>
    <testsuite name="src/app/workspace/service/compile-workflow/workflow-compiling.service.spec.ts" timestamp="2026-06-23T18:31:02.052Z" hostname="roshiii" tests="7" failures="0" errors="0" skipped="0" time="0.1057069">
        <testcase classname="src/app/workspace/service/compile-workflow/workflow-compiling.service.spec.ts" name="WorkflowCompilingService.dropInvalidAttributeValues &gt; drops list entries and resets single attributes that are no longer valid" time="0.002448">
        </testcase>
        <testcase classname="src/app/workspace/service/compile-workflow/workflow-compiling.service.spec.ts" name="WorkflowCompilingService.dropInvalidAttributeValues &gt; reports no change when all attribute references are valid" time="0.0009729">
        </testcase>
        <testcase classname="src/app/workspace/service/compile-workflow/workflow-compiling.service.spec.ts" name="WorkflowCompilingService.dropInvalidAttributeValues &gt; makes no change when the input schema (enum) is unknown" time="0.0009525">
        </testcase>
        <testcase classname="src/app/workspace/service/compile-workflow/workflow-compiling.service.spec.ts" name="WorkflowCompilingService.dropInvalidAttributeValues &gt; returns the value unchanged for non-object schemas or nullish values" time="0.0010749">
        </testcase>
        <testcase classname="src/app/workspace/service/compile-workflow/workflow-compiling.service.spec.ts" name="WorkflowCompilingService.dropInvalidAttributeValues &gt; skips schema properties that are absent from the value object" time="0.0008847">
        </testcase>
        <testcase classname="src/app/workspace/service/compile-workflow/workflow-compiling.service.spec.ts" name="WorkflowCompilingService schema propagation property cleanup &gt; drops operator property values that the propagated input schema no longer supports" time="0.0552281">
        </testcase>
        <testcase classname="src/app/workspace/service/compile-workflow/workflow-compiling.service.spec.ts" name="WorkflowCompilingService schema propagation property cleanup &gt; leaves valid property values untouched" time="0.0435958">
        </testcase>
    </testsuite>
    <testsuite name="src/app/workspace/service/code-editor/code-editor.service.spec.ts" timestamp="2026-06-23T18:31:02.055Z" hostname="roshiii" tests="4" failures="0" errors="0" skipped="0" time="0.005896">
        <testcase classname="src/app/workspace/service/code-editor/code-editor.service.spec.ts" name="CodeEditorService &gt; should be created" time="0.0014478">
        </testcase>
        <testcase classname="src/app/workspace/service/code-editor/code-editor.service.spec.ts" name="CodeEditorService &gt; should emit true after setEditorState is called with true" time="0.0015681">
        </testcase>
        <testcase classname="src/app/workspace/service/code-editor/code-editor.service.spec.ts" name="CodeEditorService &gt; should emit false after setEditorState is called with false" time="0.0012264">
        </testcase>
        <testcase classname="src/app/workspace/service/code-editor/code-editor.service.spec.ts" name="CodeEditorService &gt; should track state independently for different operator IDs" time="0.0012696">
        </testcase>
    </testsuite>
    <testsuite name="src/app/workspace/service/code-editor/ui-udf-parameters-parser.service.spec.ts" timestamp="2026-06-23T18:31:02.057Z" hostname="roshiii" tests="15" failures="0" errors="0" skipped="0" time="0.1209055">
        <testcase classname="src/app/workspace/service/code-editor/ui-udf-parameters-parser.service.spec.ts" name="UiUdfParametersParserService &gt; should parse supported positional, named, and attr_type arguments" time="0.0322661">
        </testcase>
        <testcase classname="src/app/workspace/service/code-editor/ui-udf-parameters-parser.service.spec.ts" name="UiUdfParametersParserService &gt; should parse multiline UiParameter calls with split arguments" time="0.0076578">
        </testcase>
        <testcase classname="src/app/workspace/service/code-editor/ui-udf-parameters-parser.service.spec.ts" name="UiUdfParametersParserService &gt; should ignore calls where name or type is missing" time="0.0103475">
        </testcase>
        <testcase classname="src/app/workspace/service/code-editor/ui-udf-parameters-parser.service.spec.ts" name="UiUdfParametersParserService &gt; should ignore invalid positional argument ordering" time="0.0190984">
        </testcase>
        <testcase classname="src/app/workspace/service/code-editor/ui-udf-parameters-parser.service.spec.ts" name="UiUdfParametersParserService &gt; should ignore legacy key= named argument" time="0.0112129">
        </testcase>
        <testcase classname="src/app/workspace/service/code-editor/ui-udf-parameters-parser.service.spec.ts" name="UiUdfParametersParserService &gt; should ignore non-self calls and non-AttributeType members" time="0.0021891">
        </testcase>
        <testcase classname="src/app/workspace/service/code-editor/ui-udf-parameters-parser.service.spec.ts" name="UiUdfParametersParserService &gt; should ignore empty and extra positional arguments" time="0.0020064">
        </testcase>
        <testcase classname="src/app/workspace/service/code-editor/ui-udf-parameters-parser.service.spec.ts" name="UiUdfParametersParserService &gt; should ignore commented out UiParameter calls" time="0.0021944">
        </testcase>
        <testcase classname="src/app/workspace/service/code-editor/ui-udf-parameters-parser.service.spec.ts" name="UiUdfParametersParserService &gt; should ignore commented out multiline UiParameter sections" time="0.0018602">
        </testcase>
        <testcase classname="src/app/workspace/service/code-editor/ui-udf-parameters-parser.service.spec.ts" name="UiUdfParametersParserService &gt; should ignore UiParameter examples inside triple-quoted strings" time="0.0029288">
        </testcase>
        <testcase classname="src/app/workspace/service/code-editor/ui-udf-parameters-parser.service.spec.ts" name="UiUdfParametersParserService &gt; should reject binary UiParameter types" time="0.0075009">
        </testcase>
        <testcase classname="src/app/workspace/service/code-editor/ui-udf-parameters-parser.service.spec.ts" name="UiUdfParametersParserService &gt; should ignore unsupported classes and custom-named subclasses" time="0.0057279">
        </testcase>
        <testcase classname="src/app/workspace/service/code-editor/ui-udf-parameters-parser.service.spec.ts" name="UiUdfParametersParserService &gt; should parse supported UiParameter calls when unsupported classes are present" time="0.002163">
        </testcase>
        <testcase classname="src/app/workspace/service/code-editor/ui-udf-parameters-parser.service.spec.ts" name="UiUdfParametersParserService &gt; should raise an error for multiple supported UDF classes" time="0.0054815">
        </testcase>
        <testcase classname="src/app/workspace/service/code-editor/ui-udf-parameters-parser.service.spec.ts" name="UiUdfParametersParserService &gt; should raise an error for duplicate parameter names" time="0.0074952">
        </testcase>
    </testsuite>
    <testsuite name="src/app/workspace/service/code-editor/ui-udf-parameters-sync.service.spec.ts" timestamp="2026-06-23T18:31:02.061Z" hostname="roshiii" tests="8" failures="0" errors="0" skipped="0" time="0.0285848">
        <testcase classname="src/app/workspace/service/code-editor/ui-udf-parameters-sync.service.spec.ts" name="UiUdfParametersSyncService &gt; should preserve values from current parameter names" time="0.0036149">
        </testcase>
        <testcase classname="src/app/workspace/service/code-editor/ui-udf-parameters-sync.service.spec.ts" name="UiUdfParametersSyncService &gt; should remove stale parameters while preserving retained values" time="0.0017">
        </testcase>
        <testcase classname="src/app/workspace/service/code-editor/ui-udf-parameters-sync.service.spec.ts" name="UiUdfParametersSyncService &gt; should not emit when the merged parameters are unchanged" time="0.001398">
        </testcase>
        <testcase classname="src/app/workspace/service/code-editor/ui-udf-parameters-sync.service.spec.ts" name="UiUdfParametersSyncService &gt; should emit parser errors without replacing the current parameters" time="0.0017452">
        </testcase>
        <testcase classname="src/app/workspace/service/code-editor/ui-udf-parameters-sync.service.spec.ts" name="UiUdfParametersSyncService &gt; should not parse code for non-Python UDF operators" time="0.0011792">
        </testcase>
        <testcase classname="src/app/workspace/service/code-editor/ui-udf-parameters-sync.service.spec.ts" name="UiUdfParametersSyncService &gt; should read code from the shared operator property when editor code is omitted" time="0.0055313">
            <system-err>
TypeError: Cannot read properties of null (reading &apos;forEach&apos;)
    at YText._integrate [90m(file:///D:/projects/texera/frontend/[39mnode_modules/[4myjs[24m/dist/yjs.mjs:6584:54[90m)[39m
    at ContentType.integrate [90m(file:///D:/projects/texera/frontend/[39mnode_modules/[4myjs[24m/dist/yjs.mjs:8930:15[90m)[39m
    at Item.integrate [90m(file:///D:/projects/texera/frontend/[39mnode_modules/[4myjs[24m/dist/yjs.mjs:9488:20[90m)[39m
    at typeMapSet [90m(file:///D:/projects/texera/frontend/[39mnode_modules/[4myjs[24m/dist/yjs.mjs:5231:130[90m)[39m
    at [90mfile:///D:/projects/texera/frontend/[39mnode_modules/[4myjs[24m/dist/yjs.mjs:5749:9
    at transact [90m(file:///D:/projects/texera/frontend/[39mnode_modules/[4myjs[24m/dist/yjs.mjs:3228:5[90m)[39m
    at YMap.set [90m(file:///D:/projects/texera/frontend/[39mnode_modules/[4myjs[24m/dist/yjs.mjs:5748:7[90m)[39m
    at [90mfile:///D:/projects/texera/frontend/[39mnode_modules/[4myjs[24m/dist/yjs.mjs:5613:12
    at Map.forEach (&lt;anonymous&gt;)
    at YMap._integrate [90m(file:///D:/projects/texera/frontend/[39mnode_modules/[4myjs[24m/dist/yjs.mjs:5612:60[90m)[39m

            </system-err>
        </testcase>
        <testcase classname="src/app/workspace/service/code-editor/ui-udf-parameters-sync.service.spec.ts" name="UiUdfParametersSyncService &gt; should warn and skip sync when shared code cannot be read" time="0.0019787">
        </testcase>
        <testcase classname="src/app/workspace/service/code-editor/ui-udf-parameters-sync.service.spec.ts" name="UiUdfParametersSyncService &gt; should debounce YText changes and clean up the observer" time="0.0109514">
        </testcase>
    </testsuite>
    <testsuite name="src/app/workspace/service/drag-drop/drag-drop.service.spec.ts" timestamp="2026-06-23T18:31:02.064Z" hostname="roshiii" tests="6" failures="0" errors="0" skipped="0" time="0.9780041">
        <testcase classname="src/app/workspace/service/drag-drop/drag-drop.service.spec.ts" name="DragDropService &gt; should be created" time="0.0080104">
        </testcase>
        <testcase classname="src/app/workspace/service/drag-drop/drag-drop.service.spec.ts" name="DragDropService &gt; should successfully create a new operator link given 2 operator predicates" time="0.0073193">
        </testcase>
        <testcase classname="src/app/workspace/service/drag-drop/drag-drop.service.spec.ts" name="DragDropService &gt; should find 3 input operatorPredicates and 3 output operatorPredicates for an operatorPredicate with 3 input / 3 output ports" time="0.087212">
        </testcase>
        <testcase classname="src/app/workspace/service/drag-drop/drag-drop.service.spec.ts" name="DragDropService &gt; should publish operatorPredicates to highlight streams when calling &quot;updateHighlighting(prevHighlights,newHighlights)&quot;" time="0.029204">
        </testcase>
        <testcase classname="src/app/workspace/service/drag-drop/drag-drop.service.spec.ts" name="DragDropService &gt; should not find any operator when the mouse coordinate is greater than the threshold defined" time="0.0109334">
        </testcase>
        <testcase classname="src/app/workspace/service/drag-drop/drag-drop.service.spec.ts" name="DragDropService &gt; should add the dropped operator with links to suggested neighbors and unhighlight prior suggestions" time="0.8348166">
        </testcase>
    </testsuite>
    <testsuite name="src/app/workspace/service/dynamic-schema/dynamic-schema.service.spec.ts" timestamp="2026-06-23T18:31:02.066Z" hostname="roshiii" tests="5" failures="0" errors="0" skipped="0" time="0.0604934">
        <testcase classname="src/app/workspace/service/dynamic-schema/dynamic-schema.service.spec.ts" name="DynamicSchemaService &gt; should be created" time="0.0064415">
        </testcase>
        <testcase classname="src/app/workspace/service/dynamic-schema/dynamic-schema.service.spec.ts" name="DynamicSchemaService &gt; should update dynamic schema map when operator is added/deleted" time="0.0168196">
        </testcase>
        <testcase classname="src/app/workspace/service/dynamic-schema/dynamic-schema.service.spec.ts" name="DynamicSchemaService &gt; should call all initial schema transformers when creating a new dynamic schema" time="0.011184">
        </testcase>
        <testcase classname="src/app/workspace/service/dynamic-schema/dynamic-schema.service.spec.ts" name="DynamicSchemaService &gt; should emit event when dynamic schema is changed" time="0.0133786">
        </testcase>
        <testcase classname="src/app/workspace/service/dynamic-schema/dynamic-schema.service.spec.ts" name="DynamicSchemaService &gt; should not emit event if the updated dynamic schema is same" time="0.012179">
        </testcase>
    </testsuite>
    <testsuite name="src/app/workspace/service/execute-workflow/execute-workflow.service.spec.ts" timestamp="2026-06-23T18:31:02.067Z" hostname="roshiii" tests="8" failures="0" errors="0" skipped="0" time="0.0733006">
        <testcase classname="src/app/workspace/service/execute-workflow/execute-workflow.service.spec.ts" name="ExecuteWorkflowService &gt; should be created" time="0.0089733">
        </testcase>
        <testcase classname="src/app/workspace/service/execute-workflow/execute-workflow.service.spec.ts" name="ExecuteWorkflowService &gt; resetExecutionAndWorkers() clears the execution state and worker assignments" time="0.0082371">
        </testcase>
        <testcase classname="src/app/workspace/service/execute-workflow/execute-workflow.service.spec.ts" name="ExecuteWorkflowService &gt; should generate a logical plan request based on the workflow graph that is passed to the function" time="0.0110312">
        </testcase>
        <testcase classname="src/app/workspace/service/execute-workflow/execute-workflow.service.spec.ts" name="ExecuteWorkflowService &gt; should msg backend when executing workflow" time="0.0118499">
            <system-err>
No computing unit selected for workflow execution

            </system-err>
        </testcase>
        <testcase classname="src/app/workspace/service/execute-workflow/execute-workflow.service.spec.ts" name="ExecuteWorkflowService &gt; it should raise an error when pauseWorkflow() is called without an execution state" time="0.007227">
        </testcase>
        <testcase classname="src/app/workspace/service/execute-workflow/execute-workflow.service.spec.ts" name="ExecuteWorkflowService &gt; it should raise an error when resumeWorkflow() is called without an execution state" time="0.0067683">
        </testcase>
        <testcase classname="src/app/workspace/service/execute-workflow/execute-workflow.service.spec.ts" name="ExecuteWorkflowService &gt; should execute workflow with email notification successfully" time="0.0107824">
            <system-err>
No computing unit selected for workflow execution

            </system-err>
        </testcase>
        <testcase classname="src/app/workspace/service/execute-workflow/execute-workflow.service.spec.ts" name="ExecuteWorkflowService &gt; should handle failure when executing workflow with email notification" time="0.0078407">
        </testcase>
    </testsuite>
    <testsuite name="src/app/workspace/service/joint-ui/joint-ui.service.spec.ts" timestamp="2026-06-23T18:31:02.070Z" hostname="roshiii" tests="56" failures="0" errors="0" skipped="0" time="0.2701057">
        <testcase classname="src/app/workspace/service/joint-ui/joint-ui.service.spec.ts" name="JointUIService &gt; truncateOperatorDisplayName &gt; returns the name unchanged when it fits within the pixel budget" time="0.0083003">
        </testcase>
        <testcase classname="src/app/workspace/service/joint-ui/joint-ui.service.spec.ts" name="JointUIService &gt; truncateOperatorDisplayName &gt; truncates and appends an ellipsis when the name exceeds the budget" time="0.0403281">
        </testcase>
        <testcase classname="src/app/workspace/service/joint-ui/joint-ui.service.spec.ts" name="JointUIService &gt; truncateOperatorDisplayName &gt; returns an empty string unchanged" time="0.0012325">
        </testcase>
        <testcase classname="src/app/workspace/service/joint-ui/joint-ui.service.spec.ts" name="JointUIService &gt; truncateOperatorDisplayName &gt; truncates CJK characters at code-point boundaries" time="0.0015819">
        </testcase>
        <testcase classname="src/app/workspace/service/joint-ui/joint-ui.service.spec.ts" name="JointUIService &gt; truncateOperatorDisplayName &gt; truncates emoji at grapheme boundaries (no orphan surrogates)" time="0.011002">
        </testcase>
        <testcase classname="src/app/workspace/service/joint-ui/joint-ui.service.spec.ts" name="JointUIService &gt; truncateOperatorDisplayName &gt; keeps a ZWJ grapheme cluster (family emoji) intact when truncating" time="0.0021397">
        </testcase>
        <testcase classname="src/app/workspace/service/joint-ui/joint-ui.service.spec.ts" name="JointUIService &gt; truncateOperatorDisplayName &gt; falls back to code-point iteration when Intl.Segmenter is unavailable" time="0.0010776">
        </testcase>
        <testcase classname="src/app/workspace/service/joint-ui/joint-ui.service.spec.ts" name="JointUIService &gt; truncateOperatorDisplayName &gt; uses the default canvas-based measurer when no measurer is injected" time="0.0029468">
        </testcase>
        <testcase classname="src/app/workspace/service/joint-ui/joint-ui.service.spec.ts" name="JointUIService &gt; measureOperatorNameWidth &gt; falls back to a per-char approximation when no canvas 2D context is available" time="0.0021095">
        </testcase>
        <testcase classname="src/app/workspace/service/joint-ui/joint-ui.service.spec.ts" name="JointUIService &gt; measureOperatorNameWidth &gt; uses Canvas measureText when a 2D context is available, and caches it" time="0.0047463">
        </testcase>
        <testcase classname="src/app/workspace/service/joint-ui/joint-ui.service.spec.ts" name="JointUIService &gt; changeOperatorJointDisplayName &gt; writes the truncated caption to the joint model&apos;s text attr" time="0.0060591">
        </testcase>
        <testcase classname="src/app/workspace/service/joint-ui/joint-ui.service.spec.ts" name="JointUIService &gt; getOperatorFillColor (static) &gt; returns the disabled fill for an isDisabled=true operator" time="0.0008319">
        </testcase>
        <testcase classname="src/app/workspace/service/joint-ui/joint-ui.service.spec.ts" name="JointUIService &gt; getOperatorFillColor (static) &gt; returns the default white fill for an enabled operator" time="0.0007916">
        </testcase>
        <testcase classname="src/app/workspace/service/joint-ui/joint-ui.service.spec.ts" name="JointUIService &gt; getOperatorCacheDisplayText (static) &gt; returns empty string when cacheStatus is undefined" time="0.0008097">
        </testcase>
        <testcase classname="src/app/workspace/service/joint-ui/joint-ui.service.spec.ts" name="JointUIService &gt; getOperatorCacheDisplayText (static) &gt; returns empty string when the operator is not marked for reuse" time="0.0006944">
        </testcase>
        <testcase classname="src/app/workspace/service/joint-ui/joint-ui.service.spec.ts" name="JointUIService &gt; getOperatorCacheDisplayText (static) &gt; returns the cache status text when both are set" time="0.0006975">
        </testcase>
        <testcase classname="src/app/workspace/service/joint-ui/joint-ui.service.spec.ts" name="JointUIService &gt; getOperatorCacheIcon (static) &gt; returns empty when the operator is not marked for reuse" time="0.0009884">
        </testcase>
        <testcase classname="src/app/workspace/service/joint-ui/joint-ui.service.spec.ts" name="JointUIService &gt; getOperatorCacheIcon (static) &gt; returns the valid-cache icon when cacheStatus is &apos;cache valid&apos;" time="0.0008196">
        </testcase>
        <testcase classname="src/app/workspace/service/joint-ui/joint-ui.service.spec.ts" name="JointUIService &gt; getOperatorCacheIcon (static) &gt; returns the invalid-cache icon for any other status (including undefined)" time="0.000772">
        </testcase>
        <testcase classname="src/app/workspace/service/joint-ui/joint-ui.service.spec.ts" name="JointUIService &gt; getOperatorViewResultIcon (static) &gt; returns the view-result asset when viewResult=true" time="0.0009996">
        </testcase>
        <testcase classname="src/app/workspace/service/joint-ui/joint-ui.service.spec.ts" name="JointUIService &gt; getOperatorViewResultIcon (static) &gt; returns empty otherwise" time="0.0008079">
        </testcase>
        <testcase classname="src/app/workspace/service/joint-ui/joint-ui.service.spec.ts" name="JointUIService &gt; getJointLinkCell (static) &gt; builds a joint link cell carrying source/target/id from the OperatorLink" time="0.0035526">
        </testcase>
        <testcase classname="src/app/workspace/service/joint-ui/joint-ui.service.spec.ts" name="JointUIService &gt; getJointUserPointerName (static) &gt; prefixes the coeditor clientId with &apos;pointer_&apos;" time="0.0021911">
        </testcase>
        <testcase classname="src/app/workspace/service/joint-ui/joint-ui.service.spec.ts" name="JointUIService &gt; getJointUserPointerCell (static) &gt; builds a circle cell whose id matches getJointUserPointerName" time="0.0063492">
        </testcase>
        <testcase classname="src/app/workspace/service/joint-ui/joint-ui.service.spec.ts" name="JointUIService &gt; changeOperatorColor &gt; paints the body stroke neutral for a valid operator" time="0.001852">
        </testcase>
        <testcase classname="src/app/workspace/service/joint-ui/joint-ui.service.spec.ts" name="JointUIService &gt; changeOperatorColor &gt; paints the body stroke red for an invalid operator" time="0.0022223">
        </testcase>
        <testcase classname="src/app/workspace/service/joint-ui/joint-ui.service.spec.ts" name="JointUIService &gt; changeOperatorState &gt; writes fill=&apos;#a6bd37&apos; for state=Ready" time="0.0023877">
        </testcase>
        <testcase classname="src/app/workspace/service/joint-ui/joint-ui.service.spec.ts" name="JointUIService &gt; changeOperatorState &gt; writes fill=&apos;green&apos; for state=Completed" time="0.0017306">
        </testcase>
        <testcase classname="src/app/workspace/service/joint-ui/joint-ui.service.spec.ts" name="JointUIService &gt; changeOperatorState &gt; writes fill=&apos;magenta&apos; for state=Paused" time="0.0016575">
        </testcase>
        <testcase classname="src/app/workspace/service/joint-ui/joint-ui.service.spec.ts" name="JointUIService &gt; changeOperatorState &gt; writes fill=&apos;magenta&apos; for state=Pausing" time="0.0012717">
        </testcase>
        <testcase classname="src/app/workspace/service/joint-ui/joint-ui.service.spec.ts" name="JointUIService &gt; changeOperatorState &gt; writes fill=&apos;orange&apos; for state=Running" time="0.0010432">
        </testcase>
        <testcase classname="src/app/workspace/service/joint-ui/joint-ui.service.spec.ts" name="JointUIService &gt; changeOperatorState &gt; writes fill=&apos;gray&apos; for state=Uninitialized" time="0.0020977">
        </testcase>
        <testcase classname="src/app/workspace/service/joint-ui/joint-ui.service.spec.ts" name="JointUIService &gt; foldOperatorDetails / unfoldOperatorDetails &gt; hides operator state + metric texts and the action buttons when folded" time="0.0014024">
        </testcase>
        <testcase classname="src/app/workspace/service/joint-ui/joint-ui.service.spec.ts" name="JointUIService &gt; foldOperatorDetails / unfoldOperatorDetails &gt; reveals the same surface when unfolded" time="0.0014383">
        </testcase>
        <testcase classname="src/app/workspace/service/joint-ui/joint-ui.service.spec.ts" name="JointUIService &gt; showAgentActionLabel / hideAgentActionLabel &gt; writes the action label with the agent name prefix when the model exists" time="0.0010171">
        </testcase>
        <testcase classname="src/app/workspace/service/joint-ui/joint-ui.service.spec.ts" name="JointUIService &gt; showAgentActionLabel / hideAgentActionLabel &gt; uses the default &apos;Agent&apos; name when none is supplied" time="0.0078906">
        </testcase>
        <testcase classname="src/app/workspace/service/joint-ui/joint-ui.service.spec.ts" name="JointUIService &gt; showAgentActionLabel / hideAgentActionLabel &gt; no-ops when the model is missing" time="0.0044545">
        </testcase>
        <testcase classname="src/app/workspace/service/joint-ui/joint-ui.service.spec.ts" name="JointUIService &gt; showAgentActionLabel / hideAgentActionLabel &gt; clears the label text and hides it on hideAgentActionLabel" time="0.0010542">
        </testcase>
        <testcase classname="src/app/workspace/service/joint-ui/joint-ui.service.spec.ts" name="JointUIService &gt; showAgentActionLabel / hideAgentActionLabel &gt; hideAgentActionLabel is a no-op when the model is missing" time="0.0032609">
        </testcase>
        <testcase classname="src/app/workspace/service/joint-ui/joint-ui.service.spec.ts" name="JointUIService &gt; getCommentElement &gt; builds a comment element with the supplied commentBoxID and position" time="0.0095649">
        </testcase>
        <testcase classname="src/app/workspace/service/joint-ui/joint-ui.service.spec.ts" name="JointUIService &gt; getCommentElement &gt; falls back to (0,0) when commentBoxPosition is missing" time="0.0033458">
        </testcase>
        <testcase classname="src/app/workspace/service/joint-ui/joint-ui.service.spec.ts" name="JointUIService &gt; getJointOperatorElement &gt; throws when the operator type isn&apos;t in the loaded schema list" time="0.0013951">
        </testcase>
        <testcase classname="src/app/workspace/service/joint-ui/joint-ui.service.spec.ts" name="JointUIService &gt; getJointOperatorElement &gt; returns an element carrying the predicate&apos;s operatorID and z-index 1" time="0.0265661">
        </testcase>
        <testcase classname="src/app/workspace/service/joint-ui/joint-ui.service.spec.ts" name="JointUIService &gt; getJointOperatorElement &gt; emits add/remove port buttons in the markup when dynamicInputPorts and dynamicOutputPorts are true" time="0.0100451">
        </testcase>
        <testcase classname="src/app/workspace/service/joint-ui/joint-ui.service.spec.ts" name="JointUIService &gt; getJointOperatorElement &gt; renders customDisplayName in the operator name attr when supplied" time="0.0093688">
        </testcase>
        <testcase classname="src/app/workspace/service/joint-ui/joint-ui.service.spec.ts" name="JointUIService &gt; changeOperatorState — port label re-coloring &gt; re-paints every input and output port label to the state&apos;s fill color" time="0.0101376">
        </testcase>
        <testcase classname="src/app/workspace/service/joint-ui/joint-ui.service.spec.ts" name="JointUIService &gt; changeOperatorDisableStatus &gt; paints the body fill with the disabled grey color for a disabled operator" time="0.0052549">
        </testcase>
        <testcase classname="src/app/workspace/service/joint-ui/joint-ui.service.spec.ts" name="JointUIService &gt; changeOperatorDisableStatus &gt; paints the body fill with the default white color for an enabled operator" time="0.0043255">
        </testcase>
        <testcase classname="src/app/workspace/service/joint-ui/joint-ui.service.spec.ts" name="JointUIService &gt; changeOperatorViewResultStatus &gt; writes the view-result asset path when viewResult is true" time="0.0010448">
        </testcase>
        <testcase classname="src/app/workspace/service/joint-ui/joint-ui.service.spec.ts" name="JointUIService &gt; changeOperatorViewResultStatus &gt; writes the empty asset path when viewResult is missing/false" time="0.0068066">
        </testcase>
        <testcase classname="src/app/workspace/service/joint-ui/joint-ui.service.spec.ts" name="JointUIService &gt; changeOperatorReuseCacheStatus &gt; writes both the reuse-cache icon and the view-result icon when the cache is valid" time="0.0012211">
        </testcase>
        <testcase classname="src/app/workspace/service/joint-ui/joint-ui.service.spec.ts" name="JointUIService &gt; changeOperatorReuseCacheStatus &gt; writes the empty path for both icons when the operator isn&apos;t marked for reuse" time="0.0017753">
        </testcase>
        <testcase classname="src/app/workspace/service/joint-ui/joint-ui.service.spec.ts" name="JointUIService &gt; changeOperatorStatistics &gt; falls back to the Uninitialized state when statistics is undefined" time="0.0013791">
        </testcase>
        <testcase classname="src/app/workspace/service/joint-ui/joint-ui.service.spec.ts" name="JointUIService &gt; changeOperatorStatistics &gt; writes per-port counts derived from inputPortMetrics and outputPortMetrics" time="0.0282477">
        </testcase>
        <testcase classname="src/app/workspace/service/joint-ui/joint-ui.service.spec.ts" name="JointUIService &gt; changeOperatorStatistics &gt; writes the worker count label when statistics include numWorkers" time="0.0015904">
        </testcase>
        <testcase classname="src/app/workspace/service/joint-ui/joint-ui.service.spec.ts" name="JointUIService &gt; changeOperatorStatistics &gt; defaults the worker count to 1 when numWorkers is unspecified" time="0.0012004">
        </testcase>
    </testsuite>
    <testsuite name="src/app/workspace/service/operator-debug/udf-debug.service.spec.ts" timestamp="2026-06-23T18:31:02.087Z" hostname="roshiii" tests="21" failures="0" errors="0" skipped="0" time="0.9755448">
        <testcase classname="src/app/workspace/service/operator-debug/udf-debug.service.spec.ts" name="UdfDebugServiceSpec &gt; should initialize debug handlers on service creation" time="0.0184646">
        </testcase>
        <testcase classname="src/app/workspace/service/operator-debug/udf-debug.service.spec.ts" name="UdfDebugServiceSpec &gt; should retrieve the debug state of an operator" time="0.0191523">
        </testcase>
        <testcase classname="src/app/workspace/service/operator-debug/udf-debug.service.spec.ts" name="UdfDebugServiceSpec &gt; should get the condition of a breakpoint" time="0.0159877">
        </testcase>
        <testcase classname="src/app/workspace/service/operator-debug/udf-debug.service.spec.ts" name="UdfDebugServiceSpec &gt; should return empty string if condition does not exist" time="0.0119483">
        </testcase>
        <testcase classname="src/app/workspace/service/operator-debug/udf-debug.service.spec.ts" name="UdfDebugServiceSpec &gt; should update the breakpoint condition if different" time="0.0410014">
        </testcase>
        <testcase classname="src/app/workspace/service/operator-debug/udf-debug.service.spec.ts" name="UdfDebugServiceSpec &gt; should not update the breakpoint condition if it is the same" time="0.0275858">
        </testcase>
        <testcase classname="src/app/workspace/service/operator-debug/udf-debug.service.spec.ts" name="UdfDebugServiceSpec &gt; should modify a breakpoint (remove existing)" time="0.0156882">
        </testcase>
        <testcase classname="src/app/workspace/service/operator-debug/udf-debug.service.spec.ts" name="UdfDebugServiceSpec &gt; should modify a breakpoint (add new)" time="0.0214552">
        </testcase>
        <testcase classname="src/app/workspace/service/operator-debug/udf-debug.service.spec.ts" name="UdfDebugServiceSpec &gt; should continue the workflow execution" time="0.0315511">
        </testcase>
        <testcase classname="src/app/workspace/service/operator-debug/udf-debug.service.spec.ts" name="UdfDebugServiceSpec &gt; should step through the workflow execution" time="0.0141709">
        </testcase>
        <testcase classname="src/app/workspace/service/operator-debug/udf-debug.service.spec.ts" name="UdfDebugServiceSpec &gt; should clear the debug state on state change to Uninitialized" time="0.0501632">
        </testcase>
        <testcase classname="src/app/workspace/service/operator-debug/udf-debug.service.spec.ts" name="UdfDebugServiceSpec &gt; should handle console update events (breakpoint creation)" time="0.0711275">
        </testcase>
        <testcase classname="src/app/workspace/service/operator-debug/udf-debug.service.spec.ts" name="UdfDebugServiceSpec &gt; should not call doContinue if a breakpoint is hit" time="0.0401585">
        </testcase>
        <testcase classname="src/app/workspace/service/operator-debug/udf-debug.service.spec.ts" name="UdfDebugServiceSpec &gt; should handle breakpoint deletion and remove it from the debug state" time="0.0409659">
        </testcase>
        <testcase classname="src/app/workspace/service/operator-debug/udf-debug.service.spec.ts" name="UdfDebugServiceSpec &gt; should handle console update events (breakpoint deletion)" time="0.0987679">
        </testcase>
        <testcase classname="src/app/workspace/service/operator-debug/udf-debug.service.spec.ts" name="UdfDebugServiceSpec &gt; should handle console update events (breakpoint deletion) without sending continue if a hit breakpoint exists" time="0.0700623">
        </testcase>
        <testcase classname="src/app/workspace/service/operator-debug/udf-debug.service.spec.ts" name="UdfDebugServiceSpec &gt; should call doContinue for all workers if no breakpoints are hit" time="0.0326996">
        </testcase>
        <testcase classname="src/app/workspace/service/operator-debug/udf-debug.service.spec.ts" name="UdfDebugServiceSpec &gt; should handle console update events (breakpoint blank message)" time="0.0904155">
        </testcase>
        <testcase classname="src/app/workspace/service/operator-debug/udf-debug.service.spec.ts" name="UdfDebugServiceSpec &gt; should handle console update events (stepping message)" time="0.1020807">
        </testcase>
        <testcase classname="src/app/workspace/service/operator-debug/udf-debug.service.spec.ts" name="UdfDebugServiceSpec &gt; should mark a breakpoint as hit" time="0.0205881">
        </testcase>
        <testcase classname="src/app/workspace/service/operator-debug/udf-debug.service.spec.ts" name="UdfDebugServiceSpec &gt; should mark continue by resetting hit statuses and removing temporary breakpoints" time="0.1398507">
        </testcase>
    </testsuite>
    <testsuite name="src/app/workspace/service/operator-menu/operator-menu.service.spec.ts" timestamp="2026-06-23T18:31:02.094Z" hostname="roshiii" tests="11" failures="0" errors="0" skipped="0" time="0.1352278">
        <testcase classname="src/app/workspace/service/operator-menu/operator-menu.service.spec.ts" name="OperatorMenuService &gt; should be created" time="0.0096518">
        </testcase>
        <testcase classname="src/app/workspace/service/operator-menu/operator-menu.service.spec.ts" name="OperatorMenuService &gt; starts with empty highlighted snapshots" time="0.0072553">
        </testcase>
        <testcase classname="src/app/workspace/service/operator-menu/operator-menu.service.spec.ts" name="OperatorMenuService &gt; does not expose mutable BehaviorSubjects on the public API" time="0.0062703">
        </testcase>
        <testcase classname="src/app/workspace/service/operator-menu/operator-menu.service.spec.ts" name="OperatorMenuService &gt; emits the new highlighted operator IDs on highlightedOperators$" time="0.0122886">
        </testcase>
        <testcase classname="src/app/workspace/service/operator-menu/operator-menu.service.spec.ts" name="OperatorMenuService &gt; emits the new highlighted comment box IDs on highlightedCommentBoxes$" time="0.0115996">
        </testcase>
        <testcase classname="src/app/workspace/service/operator-menu/operator-menu.service.spec.ts" name="OperatorMenuService &gt; emits exactly once on highlightedOperators$ per highlight change (no fan-out)" time="0.0112596">
        </testcase>
        <testcase classname="src/app/workspace/service/operator-menu/operator-menu.service.spec.ts" name="OperatorMenuService &gt; button state recomputation &gt; makes disable button clickable when an operator is highlighted and modification is enabled" time="0.0117408">
        </testcase>
        <testcase classname="src/app/workspace/service/operator-menu/operator-menu.service.spec.ts" name="OperatorMenuService &gt; button state recomputation &gt; flips isDisableOperator to enable after the operator is disabled" time="0.0122332">
        </testcase>
        <testcase classname="src/app/workspace/service/operator-menu/operator-menu.service.spec.ts" name="OperatorMenuService &gt; button state recomputation &gt; excludes sinks from view-result targets" time="0.0203597">
        </testcase>
        <testcase classname="src/app/workspace/service/operator-menu/operator-menu.service.spec.ts" name="OperatorMenuService &gt; button state recomputation &gt; recomputes when modification-enabled stream fires without a highlight change" time="0.0147937">
        </testcase>
        <testcase classname="src/app/workspace/service/operator-menu/operator-menu.service.spec.ts" name="OperatorMenuService &gt; button state recomputation &gt; recomputes when view-result state of a highlighted non-sink operator changes" time="0.0169395">
        </testcase>
    </testsuite>
    <testsuite name="src/app/workspace/service/operator-metadata/operator-metadata.service.spec.ts" timestamp="2026-06-23T18:31:02.099Z" hostname="roshiii" tests="3" failures="0" errors="0" skipped="0" time="0.0144866">
        <testcase classname="src/app/workspace/service/operator-metadata/operator-metadata.service.spec.ts" name="OperatorMetadataService &gt; should be created" time="0.0043003">
        </testcase>
        <testcase classname="src/app/workspace/service/operator-metadata/operator-metadata.service.spec.ts" name="OperatorMetadataService &gt; should send http request once" time="0.0037569">
        </testcase>
        <testcase classname="src/app/workspace/service/operator-metadata/operator-metadata.service.spec.ts" name="OperatorMetadataService &gt; should check if operatorType exists correctly" time="0.006047">
        </testcase>
    </testsuite>
    <testsuite name="src/app/workspace/service/preset/preset.service.spec.ts" timestamp="2026-06-23T18:31:02.101Z" hostname="roshiii" tests="36" failures="0" errors="0" skipped="0" time="1.0478798">
        <testcase classname="src/app/workspace/service/preset/preset.service.spec.ts" name="PresetService &gt; should be created" time="0.1390974">
        </testcase>
        <testcase classname="src/app/workspace/service/preset/preset.service.spec.ts" name="PresetService &gt; preset I/O &gt; emits an event on applyPresetStream when a preset is applied" time="0.073898">
        </testcase>
        <testcase classname="src/app/workspace/service/preset/preset.service.spec.ts" name="PresetService &gt; preset I/O &gt; emits an event on savePresetsStream when presets are saved" time="0.0528982">
        </testcase>
        <testcase classname="src/app/workspace/service/preset/preset.service.spec.ts" name="PresetService &gt; preset I/O &gt; writes through UserConfigService.set when saving a non-empty preset list" time="0.0532902">
        </testcase>
        <testcase classname="src/app/workspace/service/preset/preset.service.spec.ts" name="PresetService &gt; preset I/O &gt; calls UserConfigService.delete instead of set when saving an empty preset list" time="0.0487082">
        </testcase>
        <testcase classname="src/app/workspace/service/preset/preset.service.spec.ts" name="PresetService &gt; preset I/O &gt; displays the success toast by default when saving presets" time="0.0125883">
        </testcase>
        <testcase classname="src/app/workspace/service/preset/preset.service.spec.ts" name="PresetService &gt; preset I/O &gt; suppresses the toast when displayMessage is explicitly null" time="0.0510749">
        </testcase>
        <testcase classname="src/app/workspace/service/preset/preset.service.spec.ts" name="PresetService &gt; preset I/O &gt; createPreset appends to existing presets and writes back" time="0.0503349">
        </testcase>
        <testcase classname="src/app/workspace/service/preset/preset.service.spec.ts" name="PresetService &gt; preset I/O &gt; createPreset does not write the preset back when it already exists" time="0.0383617">
        </testcase>
        <testcase classname="src/app/workspace/service/preset/preset.service.spec.ts" name="PresetService &gt; preset I/O &gt; updatePreset does not write the preset back when the original preset is missing" time="0.0246261">
        </testcase>
        <testcase classname="src/app/workspace/service/preset/preset.service.spec.ts" name="PresetService &gt; preset I/O &gt; deletePreset removes the matching preset via savePresets" time="0.0192233">
        </testcase>
        <testcase classname="src/app/workspace/service/preset/preset.service.spec.ts" name="PresetService &gt; preset I/O &gt; deletePreset clears the dictionary entry when the last preset is removed" time="0.0134055">
        </testcase>
        <testcase classname="src/app/workspace/service/preset/preset.service.spec.ts" name="PresetService &gt; preset I/O &gt; getPresets returns the parsed preset array stored in user config" time="0.0071345">
        </testcase>
        <testcase classname="src/app/workspace/service/preset/preset.service.spec.ts" name="PresetService &gt; preset I/O &gt; getPresets yields an empty array when no entry exists" time="0.0088521">
        </testcase>
        <testcase classname="src/app/workspace/service/preset/preset.service.spec.ts" name="PresetService &gt; preset I/O &gt; getPresets emits an error when the stored value is not a valid preset array" time="0.0132609">
        </testcase>
        <testcase classname="src/app/workspace/service/preset/preset.service.spec.ts" name="PresetService &gt; operator preset application &gt; does not set operator properties when applyPreset uses a non-operator type" time="0.0844631">
        </testcase>
        <testcase classname="src/app/workspace/service/preset/preset.service.spec.ts" name="PresetService &gt; operator preset application &gt; merges preset values into operator properties when a valid preset is applied" time="0.042777">
        </testcase>
        <testcase classname="src/app/workspace/service/preset/preset.service.spec.ts" name="PresetService &gt; operator preset application &gt; does not change operator properties when an invalid preset is applied" time="0.0207251">
        </testcase>
        <testcase classname="src/app/workspace/service/preset/preset.service.spec.ts" name="PresetService &gt; operator preset application &gt; ignores apply events targeting an operator that does not exist on the graph" time="0.0164382">
        </testcase>
        <testcase classname="src/app/workspace/service/preset/preset.service.spec.ts" name="PresetService &gt; operator preset validation &gt; rejects an empty preset" time="0.016909">
        </testcase>
        <testcase classname="src/app/workspace/service/preset/preset.service.spec.ts" name="PresetService &gt; operator preset validation &gt; rejects presets containing only properties that are not preset-enabled" time="0.0190721">
        </testcase>
        <testcase classname="src/app/workspace/service/preset/preset.service.spec.ts" name="PresetService &gt; operator preset validation &gt; rejects presets with empty string values" time="0.015232">
        </testcase>
        <testcase classname="src/app/workspace/service/preset/preset.service.spec.ts" name="PresetService &gt; operator preset validation &gt; accepts presets that match the preset schema with non-empty values" time="0.0119383">
        </testcase>
        <testcase classname="src/app/workspace/service/preset/preset.service.spec.ts" name="PresetService &gt; operator preset validation &gt; isValidNewOperatorPreset returns false when the preset already exists" time="0.0175039">
            <system-out>
[33mfalse[39m vn

            </system-out>
        </testcase>
        <testcase classname="src/app/workspace/service/preset/preset.service.spec.ts" name="PresetService &gt; operator preset validation &gt; isValidNewOperatorPreset returns true when the preset is novel" time="0.0174896">
            <system-out>
[33mtrue[39m vn

            </system-out>
        </testcase>
        <testcase classname="src/app/workspace/service/preset/preset.service.spec.ts" name="PresetService &gt; operator preset validation &gt; isValidNewOperatorPreset short-circuits to false when the preset itself is invalid" time="0.0203112">
        </testcase>
        <testcase classname="src/app/workspace/service/preset/preset.service.spec.ts" name="PresetService &gt; static schema helpers &gt; getOperatorPresetSchema keeps only enable-preset properties and marks them required" time="0.0088274">
        </testcase>
        <testcase classname="src/app/workspace/service/preset/preset.service.spec.ts" name="PresetService &gt; static schema helpers &gt; getOperatorPresetSchema throws when the operator schema has no properties" time="0.0082452">
        </testcase>
        <testcase classname="src/app/workspace/service/preset/preset.service.spec.ts" name="PresetService &gt; static schema helpers &gt; getOperatorPresetSchema throws when no property is preset-enabled" time="0.0069296">
        </testcase>
        <testcase classname="src/app/workspace/service/preset/preset.service.spec.ts" name="PresetService &gt; static schema helpers &gt; getOperatorPreset &gt; throws when operator properties are empty" time="0.0648726">
        </testcase>
        <testcase classname="src/app/workspace/service/preset/preset.service.spec.ts" name="PresetService &gt; static schema helpers &gt; getOperatorPreset &gt; throws when operator properties miss a required preset property" time="0.0088246">
        </testcase>
        <testcase classname="src/app/workspace/service/preset/preset.service.spec.ts" name="PresetService &gt; static schema helpers &gt; getOperatorPreset &gt; returns the preset when properties cover all preset fields" time="0.0116354">
        </testcase>
        <testcase classname="src/app/workspace/service/preset/preset.service.spec.ts" name="PresetService &gt; static schema helpers &gt; getOperatorPreset &gt; strips non-preset properties when returning the preset" time="0.0088415">
        </testcase>
        <testcase classname="src/app/workspace/service/preset/preset.service.spec.ts" name="PresetService &gt; static schema helpers &gt; filterOperatorPresetProperties &gt; returns empty when input is empty (never adds keys)" time="0.008379">
        </testcase>
        <testcase classname="src/app/workspace/service/preset/preset.service.spec.ts" name="PresetService &gt; static schema helpers &gt; filterOperatorPresetProperties &gt; filters out non-preset properties only when at least one preset property is present" time="0.0084143">
        </testcase>
        <testcase classname="src/app/workspace/service/preset/preset.service.spec.ts" name="PresetService &gt; static schema helpers &gt; filterOperatorPresetProperties &gt; keeps preset properties and strips extras" time="0.0195849">
        </testcase>
    </testsuite>
    <testsuite name="src/app/workspace/service/undo-redo/undo-redo.service.spec.ts" timestamp="2026-06-23T18:31:02.114Z" hostname="roshiii" tests="4" failures="0" errors="0" skipped="0" time="0.054645">
        <testcase classname="src/app/workspace/service/undo-redo/undo-redo.service.spec.ts" name="UndoRedoService &gt; should be created" time="0.0069664">
        </testcase>
        <testcase classname="src/app/workspace/service/undo-redo/undo-redo.service.spec.ts" name="UndoRedoService &gt; executing command should append to stack" time="0.0109693">
        </testcase>
        <testcase classname="src/app/workspace/service/undo-redo/undo-redo.service.spec.ts" name="UndoRedoService &gt; redoing command should move from undo to redo stack and vice versa" time="0.0215231">
        </testcase>
        <testcase classname="src/app/workspace/service/undo-redo/undo-redo.service.spec.ts" name="UndoRedoService &gt; executing new action clears redo stack" time="0.0147021">
        </testcase>
    </testsuite>
    <testsuite name="src/app/workspace/service/validation/validation-workflow.service.spec.ts" timestamp="2026-06-23T18:31:02.116Z" hostname="roshiii" tests="6" failures="0" errors="0" skipped="0" time="0.4143428">
        <testcase classname="src/app/workspace/service/validation/validation-workflow.service.spec.ts" name="ValidationWorkflowService &gt; should be created" time="0.011392">
        </testcase>
        <testcase classname="src/app/workspace/service/validation/validation-workflow.service.spec.ts" name="ValidationWorkflowService &gt; should receive true from validateOperator when operator box is connected and required properties are complete " time="0.112098">
        </testcase>
        <testcase classname="src/app/workspace/service/validation/validation-workflow.service.spec.ts" name="ValidationWorkflowService &gt; should subscribe the changes of validateOperatorStream when operator box is connected and required properties are complete " time="0.0853976">
        </testcase>
        <testcase classname="src/app/workspace/service/validation/validation-workflow.service.spec.ts" name="ValidationWorkflowService &gt; should receive false from validateOperator when operator box is not connected or required properties are not complete " time="0.0705653">
        </testcase>
        <testcase classname="src/app/workspace/service/validation/validation-workflow.service.spec.ts" name="ValidationWorkflowService &gt; should subscribe the changes of validateOperatorStream when operator link is deleted after valid status " time="0.0557259">
        </testcase>
        <testcase classname="src/app/workspace/service/validation/validation-workflow.service.spec.ts" name="ValidationWorkflowService &gt; should consider disabled operators when validating workflow" time="0.0786637">
            <system-out>
{
  mockScan2: {
    isValid: [33mfalse[39m,
    messages: { required: [32m&quot;must have required property &apos;tableName&apos;&quot;[39m }
  }
}

            </system-out>
        </testcase>
    </testsuite>
    <testsuite name="src/app/workspace/service/virtual-environment/virtual-environment.service.spec.ts" timestamp="2026-06-23T18:31:02.118Z" hostname="roshiii" tests="5" failures="0" errors="0" skipped="0" time="0.0290035">
        <testcase classname="src/app/workspace/service/virtual-environment/virtual-environment.service.spec.ts" name="WorkflowPveService &gt; should be created" time="0.0043598">
        </testcase>
        <testcase classname="src/app/workspace/service/virtual-environment/virtual-environment.service.spec.ts" name="WorkflowPveService &gt; savePve() POSTs to /pve/db with name + packages and returns the new veid" time="0.0048095">
        </testcase>
        <testcase classname="src/app/workspace/service/virtual-environment/virtual-environment.service.spec.ts" name="WorkflowPveService &gt; updateUserPve() PUTs to /pve/db/{veid} with name + packages" time="0.0050033">
        </testcase>
        <testcase classname="src/app/workspace/service/virtual-environment/virtual-environment.service.spec.ts" name="WorkflowPveService &gt; listUserPves() GETs /pve/db and returns the array of records" time="0.0090852">
        </testcase>
        <testcase classname="src/app/workspace/service/virtual-environment/virtual-environment.service.spec.ts" name="WorkflowPveService &gt; deleteUserPve() DELETEs /pve/db/{veid}" time="0.0050164">
        </testcase>
    </testsuite>
    <testsuite name="src/app/workspace/service/workflow-console/workflow-console.service.spec.ts" timestamp="2026-06-23T18:31:02.120Z" hostname="roshiii" tests="2" failures="0" errors="0" skipped="0" time="0.0103281">
        <testcase classname="src/app/workspace/service/workflow-console/workflow-console.service.spec.ts" name="WorkflowConsoleService &gt; should be created" time="0.0047139">
        </testcase>
        <testcase classname="src/app/workspace/service/workflow-console/workflow-console.service.spec.ts" name="WorkflowConsoleService &gt; clearConsoleMessages() removes all messages and notifies subscribers" time="0.0051841">
        </testcase>
    </testsuite>
    <testsuite name="src/app/workspace/service/workflow-result/workflow-result.service.spec.ts" timestamp="2026-06-23T18:31:02.121Z" hostname="roshiii" tests="7" failures="0" errors="0" skipped="0" time="0.02199">
        <testcase classname="src/app/workspace/service/workflow-result/workflow-result.service.spec.ts" name="WorkflowResultService &gt; should be created" time="0.0038654">
        </testcase>
        <testcase classname="src/app/workspace/service/workflow-result/workflow-result.service.spec.ts" name="WorkflowResultService &gt; clearResults() drops cached operator results" time="0.0040553">
        </testcase>
        <testcase classname="src/app/workspace/service/workflow-result/workflow-result.service.spec.ts" name="WorkflowResultService &gt; clearResults() resets table stats to empty for subscribers" time="0.004291">
        </testcase>
        <testcase classname="src/app/workspace/service/workflow-result/workflow-result.service.spec.ts" name="WorkflowResultService &gt; clearResults() emits on the cleared stream so the UI tears down stale frames" time="0.004265">
        </testcase>
        <testcase classname="src/app/workspace/service/workflow-result/workflow-result.service.spec.ts" name="OperatorPaginationResultService &gt; getSchema &gt; should return the current schema" time="0.0014929">
        </testcase>
        <testcase classname="src/app/workspace/service/workflow-result/workflow-result.service.spec.ts" name="OperatorPaginationResultService &gt; selectTuple &gt; should return the correct tuple and schema" time="0.0019176">
        </testcase>
        <testcase classname="src/app/workspace/service/workflow-result/workflow-result.service.spec.ts" name="OperatorPaginationResultService &gt; selectTuple &gt; should handle out-of-bounds tuple index" time="0.0015174">
        </testcase>
    </testsuite>
    <testsuite name="src/app/workspace/service/workflow-result-export/workflow-result-export.service.spec.ts" timestamp="2026-06-23T18:31:02.123Z" hostname="roshiii" tests="1" failures="0" errors="0" skipped="0" time="0.0067632">
        <testcase classname="src/app/workspace/service/workflow-result-export/workflow-result-export.service.spec.ts" name="WorkflowResultExportService &gt; should be created" time="0.0063668">
        </testcase>
    </testsuite>
    <testsuite name="src/app/workspace/service/workflow-status/operator-reuse-cache-status.service.spec.ts" timestamp="2026-06-23T18:31:02.124Z" hostname="roshiii" tests="6" failures="0" errors="0" skipped="0" time="0.0363806">
        <testcase classname="src/app/workspace/service/workflow-status/operator-reuse-cache-status.service.spec.ts" name="OperatorCacheStatusService &gt; should be created" time="0.0072881">
        </testcase>
        <testcase classname="src/app/workspace/service/workflow-status/operator-reuse-cache-status.service.spec.ts" name="OperatorCacheStatusService - behavior &gt; calls changeOperatorReuseCacheStatus for each operator in a CacheStatusUpdateEvent" time="0.0107545">
        </testcase>
        <testcase classname="src/app/workspace/service/workflow-status/operator-reuse-cache-status.service.spec.ts" name="OperatorCacheStatusService - behavior &gt; does not call changeOperatorReuseCacheStatus when mainJointPaper is null on CacheStatusUpdateEvent" time="0.0043134">
        </testcase>
        <testcase classname="src/app/workspace/service/workflow-status/operator-reuse-cache-status.service.spec.ts" name="OperatorCacheStatusService - behavior &gt; calls changeOperatorReuseCacheStatus for all ops in a reuse cache operators changed event" time="0.0040671">
        </testcase>
        <testcase classname="src/app/workspace/service/workflow-status/operator-reuse-cache-status.service.spec.ts" name="OperatorCacheStatusService - behavior &gt; does not call changeOperatorReuseCacheStatus when mainJointPaper is null on reuse cache changed event" time="0.0036948">
        </testcase>
        <testcase classname="src/app/workspace/service/workflow-status/operator-reuse-cache-status.service.spec.ts" name="OperatorCacheStatusService - behavior &gt; does not throw when reuse cache changed event has empty operator lists" time="0.0055642">
        </testcase>
    </testsuite>
    <testsuite name="src/app/workspace/service/workflow-websocket/workflow-websocket.service.spec.ts" timestamp="2026-06-23T18:31:02.127Z" hostname="roshiii" tests="3" failures="0" errors="0" skipped="0" time="0.0176515">
        <testcase classname="src/app/workspace/service/workflow-websocket/workflow-websocket.service.spec.ts" name="WorkflowWebsocketService &gt; should be created" time="0.0049918">
        </testcase>
        <testcase classname="src/app/workspace/service/workflow-websocket/workflow-websocket.service.spec.ts" name="WorkflowWebsocketService &gt; should close the previous status subscription when openWebsocket is called again" time="0.0091547">
            <system-out>
websocketUrl ws://localhost:3000/wsapi/workflow-websocket?wid=1&amp;uid=1&amp;cuid=1&amp;access-token=eyJhbGciOiJIUzI1NiJ9.eyJzdWIiOiJZaWNvbmcgSHVhbmciLCJ1c2VySWQiOjMsImV4cCI6OTk5OTk5OTk5OX0.aAM9pw_qIBs0EjD5hiCGHR4GEe2YPXPVenceJ3zaU_g
websocketUrl ws://localhost:3000/wsapi/workflow-websocket?wid=1&amp;uid=1&amp;cuid=1&amp;access-token=eyJhbGciOiJIUzI1NiJ9.eyJzdWIiOiJZaWNvbmcgSHVhbmciLCJ1c2VySWQiOjMsImV4cCI6OTk5OTk5OTk5OX0.aAM9pw_qIBs0EjD5hiCGHR4GEe2YPXPVenceJ3zaU_g

            </system-out>
        </testcase>
        <testcase classname="src/app/workspace/service/workflow-websocket/workflow-websocket.service.spec.ts" name="WorkflowWebsocketService &gt; should reset the cached worker count when the websocket is closed" time="0.0031342">
        </testcase>
    </testsuite>
    <testsuite name="src/app/common/service/computing-unit/computing-unit-status/computing-unit-status.service.spec.ts" timestamp="2026-06-23T18:31:02.128Z" hostname="roshiii" tests="5" failures="0" errors="0" skipped="0" time="0.0290804">
        <testcase classname="src/app/common/service/computing-unit/computing-unit-status/computing-unit-status.service.spec.ts" name="ComputingUnitStatusService &gt; should be created" time="0.0046119">
        </testcase>
        <testcase classname="src/app/common/service/computing-unit/computing-unit-status/computing-unit-status.service.spec.ts" name="ComputingUnitStatusService &gt; reconnects when re-selecting the same workflow after disconnect (regression #3120)" time="0.0050016">
        </testcase>
        <testcase classname="src/app/common/service/computing-unit/computing-unit-status/computing-unit-status.service.spec.ts" name="ComputingUnitStatusService &gt; disconnect() clears the selected computing unit" time="0.0043283">
        </testcase>
        <testcase classname="src/app/common/service/computing-unit/computing-unit-status/computing-unit-status.service.spec.ts" name="ComputingUnitStatusService &gt; emits a connection-reset signal when switching to a different computing unit (issue #3120)" time="0.0080037">
        </testcase>
        <testcase classname="src/app/common/service/computing-unit/computing-unit-status/computing-unit-status.service.spec.ts" name="ComputingUnitStatusService &gt; emits a connection-reset signal when switching units even if the socket already dropped (issue #3120)" time="0.0060874">
        </testcase>
    </testsuite>
    <testsuite name="src/app/common/service/user/config/user-config.service.spec.ts" timestamp="2026-06-23T18:31:02.130Z" hostname="roshiii" tests="19" failures="0" errors="0" skipped="0" time="0.1933449">
        <testcase classname="src/app/common/service/user/config/user-config.service.spec.ts" name="UserConfigService &gt; should be created" time="0.0071516">
        </testcase>
        <testcase classname="src/app/common/service/user/config/user-config.service.spec.ts" name="UserConfigService &gt; starts with an empty local dictionary after the initial fetch" time="0.0038103">
        </testcase>
        <testcase classname="src/app/common/service/user/config/user-config.service.spec.ts" name="UserConfigService &gt; fetchAll &gt; issues a GET to the config endpoint and replaces the local dictionary" time="0.0039079">
        </testcase>
        <testcase classname="src/app/common/service/user/config/user-config.service.spec.ts" name="UserConfigService &gt; fetchAll &gt; notifies dictionaryChanged subscribers when the dictionary is replaced" time="0.0059842">
        </testcase>
        <testcase classname="src/app/common/service/user/config/user-config.service.spec.ts" name="UserConfigService &gt; fetchAll &gt; throws when the user is not logged in" time="0.0047452">
        </testcase>
        <testcase classname="src/app/common/service/user/config/user-config.service.spec.ts" name="UserConfigService &gt; fetchKey &gt; issues a GET to the per-key endpoint and merges the value into the local dict" time="0.0048233">
        </testcase>
        <testcase classname="src/app/common/service/user/config/user-config.service.spec.ts" name="UserConfigService &gt; fetchKey &gt; notifies dictionaryChanged subscribers only when the value actually changes" time="0.0044636">
        </testcase>
        <testcase classname="src/app/common/service/user/config/user-config.service.spec.ts" name="UserConfigService &gt; fetchKey &gt; throws when the user is not logged in" time="0.0069449">
        </testcase>
        <testcase classname="src/app/common/service/user/config/user-config.service.spec.ts" name="UserConfigService &gt; fetchKey &gt; throws when given an empty key" time="0.0063615">
        </testcase>
        <testcase classname="src/app/common/service/user/config/user-config.service.spec.ts" name="UserConfigService &gt; set &gt; issues a PUT with the value as the body and updates the local dict" time="0.026471">
        </testcase>
        <testcase classname="src/app/common/service/user/config/user-config.service.spec.ts" name="UserConfigService &gt; set &gt; does not refire dictionaryChanged when setting the same value twice" time="0.011187">
        </testcase>
        <testcase classname="src/app/common/service/user/config/user-config.service.spec.ts" name="UserConfigService &gt; set &gt; throws when the user is not logged in" time="0.0091378">
        </testcase>
        <testcase classname="src/app/common/service/user/config/user-config.service.spec.ts" name="UserConfigService &gt; set &gt; throws when given an empty key" time="0.003522">
        </testcase>
        <testcase classname="src/app/common/service/user/config/user-config.service.spec.ts" name="UserConfigService &gt; delete &gt; issues a DELETE to the per-key endpoint and removes the entry from the local dict" time="0.0563155">
        </testcase>
        <testcase classname="src/app/common/service/user/config/user-config.service.spec.ts" name="UserConfigService &gt; delete &gt; is a no-op (no HTTP request) when the key is not present in the local dict" time="0.0088891">
        </testcase>
        <testcase classname="src/app/common/service/user/config/user-config.service.spec.ts" name="UserConfigService &gt; delete &gt; throws when the user is not logged in" time="0.0087917">
        </testcase>
        <testcase classname="src/app/common/service/user/config/user-config.service.spec.ts" name="UserConfigService &gt; delete &gt; throws when given an empty key" time="0.0065162">
        </testcase>
        <testcase classname="src/app/common/service/user/config/user-config.service.spec.ts" name="UserConfigService &gt; user-change reactions &gt; re-fetches the dictionary when a logged-in user is emitted on userChanged" time="0.0040515">
        </testcase>
        <testcase classname="src/app/common/service/user/config/user-config.service.spec.ts" name="UserConfigService &gt; user-change reactions &gt; clears the local dictionary when the user logs out" time="0.0091755">
        </testcase>
    </testsuite>
    <testsuite name="src/app/dashboard/component/admin/execution/admin-execution.component.spec.ts" timestamp="2026-06-23T18:31:02.136Z" hostname="roshiii" tests="2" failures="0" errors="0" skipped="0" time="0.732446">
        <testcase classname="src/app/dashboard/component/admin/execution/admin-execution.component.spec.ts" name="AdminDashboardComponent &gt; should create" time="0.4106396">
        </testcase>
        <testcase classname="src/app/dashboard/component/admin/execution/admin-execution.component.spec.ts" name="AdminDashboardComponent &gt; renders the workflow link to /user/workflow/&lt;id&gt; when the admin has access" time="0.3212329">
        </testcase>
    </testsuite>
    <testsuite name="src/app/dashboard/component/admin/settings/admin-settings.component.spec.ts" timestamp="2026-06-23T18:31:02.137Z" hostname="roshiii" tests="2" failures="0" errors="0" skipped="0" time="0.4135484">
        <testcase classname="src/app/dashboard/component/admin/settings/admin-settings.component.spec.ts" name="AdminSettingsComponent &gt; should create" time="0.1955621">
        </testcase>
        <testcase classname="src/app/dashboard/component/admin/settings/admin-settings.component.spec.ts" name="AdminSettingsComponent &gt; renders MiB unit beside both size-based inputs" time="0.2173453">
        </testcase>
    </testsuite>
    <testsuite name="src/app/dashboard/component/admin/user/admin-user.component.spec.ts" timestamp="2026-06-23T18:31:02.138Z" hostname="roshiii" tests="1" failures="0" errors="0" skipped="0" time="0.2074081">
        <testcase classname="src/app/dashboard/component/admin/user/admin-user.component.spec.ts" name="AdminUserComponent &gt; should create" time="0.2069079">
        </testcase>
    </testsuite>
    <testsuite name="src/app/dashboard/component/user/dataset-card-item/dataset-card-item.component.spec.ts" timestamp="2026-06-23T18:31:02.139Z" hostname="roshiii" tests="9" failures="0" errors="0" skipped="0" time="0.2094902">
        <testcase classname="src/app/dashboard/component/user/dataset-card-item/dataset-card-item.component.spec.ts" name="DatasetCardItemComponent &gt; entryLink &gt; routes to the private dataset page when the current user has access" time="0.0215773">
        </testcase>
        <testcase classname="src/app/dashboard/component/user/dataset-card-item/dataset-card-item.component.spec.ts" name="DatasetCardItemComponent &gt; entryLink &gt; routes to the hub detail page when the current user has no access" time="0.0153272">
        </testcase>
        <testcase classname="src/app/dashboard/component/user/dataset-card-item/dataset-card-item.component.spec.ts" name="DatasetCardItemComponent &gt; coverImageSrc &gt; falls back to the default cover when coverImageUrl is missing" time="0.047112">
        </testcase>
        <testcase classname="src/app/dashboard/component/user/dataset-card-item/dataset-card-item.component.spec.ts" name="DatasetCardItemComponent &gt; coverImageSrc &gt; swaps in the presigned URL once the backend resolves it" time="0.0337815">
        </testcase>
        <testcase classname="src/app/dashboard/component/user/dataset-card-item/dataset-card-item.component.spec.ts" name="DatasetCardItemComponent &gt; coverImageSrc &gt; falls back to the default cover when the backend returns a null url" time="0.0198027">
        </testcase>
        <testcase classname="src/app/dashboard/component/user/dataset-card-item/dataset-card-item.component.spec.ts" name="DatasetCardItemComponent &gt; coverImageSrc &gt; falls back to the default cover when the backend errors" time="0.0174791">
        </testcase>
        <testcase classname="src/app/dashboard/component/user/dataset-card-item/dataset-card-item.component.spec.ts" name="DatasetCardItemComponent &gt; toggleLike &gt; does nothing when the user is not signed in" time="0.0159536">
        </testcase>
        <testcase classname="src/app/dashboard/component/user/dataset-card-item/dataset-card-item.component.spec.ts" name="DatasetCardItemComponent &gt; toggleLike &gt; toggles to liked and reconciles state from the server" time="0.0165057">
        </testcase>
        <testcase classname="src/app/dashboard/component/user/dataset-card-item/dataset-card-item.component.spec.ts" name="DatasetCardItemComponent &gt; toggleLike &gt; toggles to unliked and reconciles state from the server" time="0.0195707">
        </testcase>
    </testsuite>
    <testsuite name="src/app/dashboard/component/user/filters/filters.component.spec.ts" timestamp="2026-06-23T18:31:02.142Z" hostname="roshiii" tests="4" failures="0" errors="0" skipped="0" time="3.9314171">
        <testcase classname="src/app/dashboard/component/user/filters/filters.component.spec.ts" name="FiltersComponent &gt; should create" time="2.1468035">
        </testcase>
        <testcase classname="src/app/dashboard/component/user/filters/filters.component.spec.ts" name="FiltersComponent &gt; parses manually entered mtime" time="0.6975473">
        </testcase>
        <testcase classname="src/app/dashboard/component/user/filters/filters.component.spec.ts" name="FiltersComponent &gt; parses manually entered ctime" time="0.6009279">
        </testcase>
        <testcase classname="src/app/dashboard/component/user/filters/filters.component.spec.ts" name="FiltersComponent &gt; preserves ordering when parsing drop down" time="0.4853644">
        </testcase>
    </testsuite>
    <testsuite name="src/app/dashboard/component/user/filters-instructions/filters-instructions.component.spec.ts" timestamp="2026-06-23T18:31:02.144Z" hostname="roshiii" tests="1" failures="0" errors="0" skipped="0" time="0.0147887">
        <testcase classname="src/app/dashboard/component/user/filters-instructions/filters-instructions.component.spec.ts" name="FiltersInstructionsComponent &gt; should create" time="0.0144441">
        </testcase>
    </testsuite>
    <testsuite name="src/app/dashboard/component/user/flarum/flarum.component.spec.ts" timestamp="2026-06-23T18:31:02.145Z" hostname="roshiii" tests="3" failures="0" errors="0" skipped="0" time="0.1339419">
        <testcase classname="src/app/dashboard/component/user/flarum/flarum.component.spec.ts" name="FlarumComponent &gt; asks DomSanitizer to trust the forum resource url at construction time" time="0.0397285">
        </testcase>
        <testcase classname="src/app/dashboard/component/user/flarum/flarum.component.spec.ts" name="FlarumComponent &gt; exposes the sanitizer&apos;s SafeResourceUrl as flarumUrl" time="0.0297575">
        </testcase>
        <testcase classname="src/app/dashboard/component/user/flarum/flarum.component.spec.ts" name="FlarumComponent &gt; renders an iframe whose [src] binding is driven by flarumUrl" time="0.0640008">
        </testcase>
    </testsuite>
    <testsuite name="src/app/dashboard/component/user/list-item/list-item.component.spec.ts" timestamp="2026-06-23T18:31:02.147Z" hostname="roshiii" tests="9" failures="0" errors="0" skipped="0" time="0.6757093">
        <testcase classname="src/app/dashboard/component/user/list-item/list-item.component.spec.ts" name="ListItemComponent &gt; should update workflow name successfully" time="0.0860258">
        </testcase>
        <testcase classname="src/app/dashboard/component/user/list-item/list-item.component.spec.ts" name="ListItemComponent &gt; should handle error when updating workflow name" time="0.1109655">
        </testcase>
        <testcase classname="src/app/dashboard/component/user/list-item/list-item.component.spec.ts" name="ListItemComponent &gt; should update workflow description successfully" time="0.0617473">
        </testcase>
        <testcase classname="src/app/dashboard/component/user/list-item/list-item.component.spec.ts" name="ListItemComponent &gt; should handle error when updating workflow description" time="0.0622859">
        </testcase>
        <testcase classname="src/app/dashboard/component/user/list-item/list-item.component.spec.ts" name="ListItemComponent &gt; initializeEntry routes &gt; routes owned workflows to the user workspace" time="0.0517824">
        </testcase>
        <testcase classname="src/app/dashboard/component/user/list-item/list-item.component.spec.ts" name="ListItemComponent &gt; initializeEntry routes &gt; routes non-owned workflows to the hub workflow detail page" time="0.098476">
        </testcase>
        <testcase classname="src/app/dashboard/component/user/list-item/list-item.component.spec.ts" name="ListItemComponent &gt; initializeEntry routes &gt; routes projects to the user project page" time="0.1005224">
        </testcase>
        <testcase classname="src/app/dashboard/component/user/list-item/list-item.component.spec.ts" name="ListItemComponent &gt; initializeEntry routes &gt; routes owned datasets to the user dataset page" time="0.0427742">
        </testcase>
        <testcase classname="src/app/dashboard/component/user/list-item/list-item.component.spec.ts" name="ListItemComponent &gt; initializeEntry routes &gt; routes non-owned datasets to the hub dataset detail page" time="0.0605093">
        </testcase>
    </testsuite>
    <testsuite name="src/app/dashboard/component/user/search-bar/search-bar.component.spec.ts" timestamp="2026-06-23T18:31:02.151Z" hostname="roshiii" tests="11" failures="0" errors="0" skipped="0" time="0.3233083">
        <testcase classname="src/app/dashboard/component/user/search-bar/search-bar.component.spec.ts" name="SearchBarComponent &gt; initializes isLogin from UserService and updates when userChanged emits" time="0.0335405">
        </testcase>
        <testcase classname="src/app/dashboard/component/user/search-bar/search-bar.component.spec.ts" name="SearchBarComponent &gt; onSearchInputChange clears listOfResult immediately for an empty query" time="0.0245143">
        </testcase>
        <testcase classname="src/app/dashboard/component/user/search-bar/search-bar.component.spec.ts" name="SearchBarComponent &gt; debounces searchSubject by 200ms and only triggers getSearchResults once for rapid input" time="0.0397806">
        </testcase>
        <testcase classname="src/app/dashboard/component/user/search-bar/search-bar.component.spec.ts" name="SearchBarComponent &gt; calls SearchService.search with the documented argument list and caches results by query" time="0.0258731">
        </testcase>
        <testcase classname="src/app/dashboard/component/user/search-bar/search-bar.component.spec.ts" name="SearchBarComponent &gt; addToCache evicts the oldest entry once 20 queries are cached" time="0.0414543">
        </testcase>
        <testcase classname="src/app/dashboard/component/user/search-bar/search-bar.component.spec.ts" name="SearchBarComponent &gt; convertToName &gt; returns the workflow&apos;s DashboardEntry.name" time="0.029387">
        </testcase>
        <testcase classname="src/app/dashboard/component/user/search-bar/search-bar.component.spec.ts" name="SearchBarComponent &gt; convertToName &gt; returns the project&apos;s name" time="0.0277441">
        </testcase>
        <testcase classname="src/app/dashboard/component/user/search-bar/search-bar.component.spec.ts" name="SearchBarComponent &gt; convertToName &gt; returns the file&apos;s name" time="0.022464">
        </testcase>
        <testcase classname="src/app/dashboard/component/user/search-bar/search-bar.component.spec.ts" name="SearchBarComponent &gt; convertToName &gt; returns the dataset&apos;s name" time="0.036593">
        </testcase>
        <testcase classname="src/app/dashboard/component/user/search-bar/search-bar.component.spec.ts" name="SearchBarComponent &gt; convertToName &gt; throws for a SearchResultItem with no recognized resource" time="0.0199654">
        </testcase>
        <testcase classname="src/app/dashboard/component/user/search-bar/search-bar.component.spec.ts" name="SearchBarComponent &gt; performSearch navigates to SEARCH with the keyword as the q query param" time="0.0212023">
        </testcase>
    </testsuite>
    <testsuite name="src/app/dashboard/component/user/share-access/share-access.component.spec.ts" timestamp="2026-06-23T18:31:02.155Z" hostname="roshiii" tests="44" failures="0" errors="0" skipped="0" time="5.2519108">
        <testcase classname="src/app/dashboard/component/user/share-access/share-access.component.spec.ts" name="ShareAccessComponent &gt; ngOnInit &gt; loads access list and owner from ShareAccessService" time="0.5691097">
            <system-err>

  It looks like you&apos;re using ngModel on the same form field as formControlName.
  Support for using the ngModel input property and ngModelChange event with
  reactive form directives has been deprecated in Angular v6 and will be removed
  in a future version of Angular.

  For more information on this, see our API docs here:
  https://v21.angular.dev/api/forms/FormControlName
  

            </system-err>
        </testcase>
        <testcase classname="src/app/dashboard/component/user/share-access/share-access.component.spec.ts" name="ShareAccessComponent &gt; ngOnInit &gt; loads publish state for workflow via WorkflowPersistService" time="0.2936223">
        </testcase>
        <testcase classname="src/app/dashboard/component/user/share-access/share-access.component.spec.ts" name="ShareAccessComponent &gt; ngOnInit &gt; sets isPublic to false when workflow publish state is Private" time="0.1495739">
        </testcase>
        <testcase classname="src/app/dashboard/component/user/share-access/share-access.component.spec.ts" name="ShareAccessComponent &gt; ngOnInit &gt; loads publish state for dataset via DatasetService.getDataset" time="0.1660515">
        </testcase>
        <testcase classname="src/app/dashboard/component/user/share-access/share-access.component.spec.ts" name="ShareAccessComponent &gt; ngOnInit &gt; does not query publish state for non-workflow/dataset types" time="0.1524954">
        </testcase>
        <testcase classname="src/app/dashboard/component/user/share-access/share-access.component.spec.ts" name="ShareAccessComponent &gt; handleInputConfirm &gt; splits input on whitespace, commas, and semicolons into emailTags" time="0.1745916">
        </testcase>
        <testcase classname="src/app/dashboard/component/user/share-access/share-access.component.spec.ts" name="ShareAccessComponent &gt; handleInputConfirm &gt; rejects invalid emails via NzMessageService.error" time="0.1362764">
        </testcase>
        <testcase classname="src/app/dashboard/component/user/share-access/share-access.component.spec.ts" name="ShareAccessComponent &gt; handleInputConfirm &gt; rejects duplicate emails via NzMessageService.error" time="0.0940031">
        </testcase>
        <testcase classname="src/app/dashboard/component/user/share-access/share-access.component.spec.ts" name="ShareAccessComponent &gt; handleInputConfirm &gt; resets the email form control after processing" time="0.0880318">
        </testcase>
        <testcase classname="src/app/dashboard/component/user/share-access/share-access.component.spec.ts" name="ShareAccessComponent &gt; handleInputConfirm &gt; calls event.preventDefault when an event is provided" time="0.1129882">
        </testcase>
        <testcase classname="src/app/dashboard/component/user/share-access/share-access.component.spec.ts" name="ShareAccessComponent &gt; onPaste &gt; concatenates clipboard text to the existing email value and runs handleInputConfirm" time="0.1246673">
        </testcase>
        <testcase classname="src/app/dashboard/component/user/share-access/share-access.component.spec.ts" name="ShareAccessComponent &gt; onPaste &gt; is a no-op when clipboard data is empty" time="0.107873">
        </testcase>
        <testcase classname="src/app/dashboard/component/user/share-access/share-access.component.spec.ts" name="ShareAccessComponent &gt; grantAccess &gt; uses the workflow dashboard path when sharing a workflow" time="0.0615238">
        </testcase>
        <testcase classname="src/app/dashboard/component/user/share-access/share-access.component.spec.ts" name="ShareAccessComponent &gt; grantAccess &gt; uses the dataset dashboard path when sharing a dataset" time="0.0701903">
        </testcase>
        <testcase classname="src/app/dashboard/component/user/share-access/share-access.component.spec.ts" name="ShareAccessComponent &gt; grantAccess &gt; uses the project dashboard path when sharing a project" time="0.0736662">
        </testcase>
        <testcase classname="src/app/dashboard/component/user/share-access/share-access.component.spec.ts" name="ShareAccessComponent &gt; grantAccess &gt; omits the access URL when sharing a computing-unit" time="0.0982946">
        </testcase>
        <testcase classname="src/app/dashboard/component/user/share-access/share-access.component.spec.ts" name="ShareAccessComponent &gt; grantAccess &gt; calls ShareAccessService.grantAccess with the selected access level for each tag" time="0.1144064">
        </testcase>
        <testcase classname="src/app/dashboard/component/user/share-access/share-access.component.spec.ts" name="ShareAccessComponent &gt; grantAccess &gt; shows a success notification and clears emailTags after granting" time="0.0733248">
        </testcase>
        <testcase classname="src/app/dashboard/component/user/share-access/share-access.component.spec.ts" name="ShareAccessComponent &gt; grantAccess &gt; surfaces HttpErrorResponse via NotificationService.error" time="0.086886">
        </testcase>
        <testcase classname="src/app/dashboard/component/user/share-access/share-access.component.spec.ts" name="ShareAccessComponent &gt; hasWriteAccess &gt; returns false when there is no current user email" time="0.0723638">
        </testcase>
        <testcase classname="src/app/dashboard/component/user/share-access/share-access.component.spec.ts" name="ShareAccessComponent &gt; hasWriteAccess &gt; returns true when the current user is the owner" time="0.0791941">
        </testcase>
        <testcase classname="src/app/dashboard/component/user/share-access/share-access.component.spec.ts" name="ShareAccessComponent &gt; hasWriteAccess &gt; returns true when the current user has WRITE privilege in the access list" time="0.0667095">
        </testcase>
        <testcase classname="src/app/dashboard/component/user/share-access/share-access.component.spec.ts" name="ShareAccessComponent &gt; hasWriteAccess &gt; returns false when the current user has READ privilege" time="0.1522597">
        </testcase>
        <testcase classname="src/app/dashboard/component/user/share-access/share-access.component.spec.ts" name="ShareAccessComponent &gt; verifyRevokeAccess / revokeAccess &gt; opens a self-revoke modal when revoking own access" time="0.1289913">
        </testcase>
        <testcase classname="src/app/dashboard/component/user/share-access/share-access.component.spec.ts" name="ShareAccessComponent &gt; verifyRevokeAccess / revokeAccess &gt; opens an other-user revoke modal when revoking someone else" time="0.0703156">
        </testcase>
        <testcase classname="src/app/dashboard/component/user/share-access/share-access.component.spec.ts" name="ShareAccessComponent &gt; verifyRevokeAccess / revokeAccess &gt; calls revokeAccess on confirm and emits refresh on destroy for self-revoke" time="0.1105988">
        </testcase>
        <testcase classname="src/app/dashboard/component/user/share-access/share-access.component.spec.ts" name="ShareAccessComponent &gt; verifyRevokeAccess / revokeAccess &gt; does not close the outer modal when revoking another user" time="0.0900124">
        </testcase>
        <testcase classname="src/app/dashboard/component/user/share-access/share-access.component.spec.ts" name="ShareAccessComponent &gt; verifyRevokeAccess / revokeAccess &gt; surfaces revoke HttpErrorResponse via NotificationService.error" time="0.1199003">
        </testcase>
        <testcase classname="src/app/dashboard/component/user/share-access/share-access.component.spec.ts" name="ShareAccessComponent &gt; changeAccessLevel &gt; calls applyAccessLevelChange directly when not a self-downgrade" time="0.0974318">
        </testcase>
        <testcase classname="src/app/dashboard/component/user/share-access/share-access.component.spec.ts" name="ShareAccessComponent &gt; changeAccessLevel &gt; opens a downgrade-confirmation modal when downgrading own WRITE access to READ" time="0.1198403">
        </testcase>
        <testcase classname="src/app/dashboard/component/user/share-access/share-access.component.spec.ts" name="ShareAccessComponent &gt; changeAccessLevel &gt; does not open the downgrade modal when upgrading own access from READ to WRITE" time="0.0966801">
        </testcase>
        <testcase classname="src/app/dashboard/component/user/share-access/share-access.component.spec.ts" name="ShareAccessComponent &gt; verifyPublish / verifyUnpublish &gt; publishes a workflow on confirm and updates the action service when inWorkspace" time="0.1458433">
        </testcase>
        <testcase classname="src/app/dashboard/component/user/share-access/share-access.component.spec.ts" name="ShareAccessComponent &gt; verifyPublish / verifyUnpublish &gt; does not call WorkflowActionService.setWorkflowIsPublished when not inWorkspace" time="0.1083911">
        </testcase>
        <testcase classname="src/app/dashboard/component/user/share-access/share-access.component.spec.ts" name="ShareAccessComponent &gt; verifyPublish / verifyUnpublish &gt; publishes a dataset on confirm" time="0.1519736">
        </testcase>
        <testcase classname="src/app/dashboard/component/user/share-access/share-access.component.spec.ts" name="ShareAccessComponent &gt; verifyPublish / verifyUnpublish &gt; does not open the publish modal when the item is already public" time="0.0685164">
        </testcase>
        <testcase classname="src/app/dashboard/component/user/share-access/share-access.component.spec.ts" name="ShareAccessComponent &gt; verifyPublish / verifyUnpublish &gt; unpublishes a workflow on confirm and updates the action service when inWorkspace" time="0.1414347">
        </testcase>
        <testcase classname="src/app/dashboard/component/user/share-access/share-access.component.spec.ts" name="ShareAccessComponent &gt; verifyPublish / verifyUnpublish &gt; unpublishes a dataset on confirm" time="0.0713152">
        </testcase>
        <testcase classname="src/app/dashboard/component/user/share-access/share-access.component.spec.ts" name="ShareAccessComponent &gt; verifyPublish / verifyUnpublish &gt; does not open the unpublish modal when the item is already private" time="0.0695417">
        </testcase>
        <testcase classname="src/app/dashboard/component/user/share-access/share-access.component.spec.ts" name="ShareAccessComponent &gt; publish / unpublish methods &gt; publishWorkflow flips isPublic and shows a success notification" time="0.1190373">
        </testcase>
        <testcase classname="src/app/dashboard/component/user/share-access/share-access.component.spec.ts" name="ShareAccessComponent &gt; publish / unpublish methods &gt; publishWorkflow surfaces HttpErrorResponse via NotificationService.error" time="0.0905935">
        </testcase>
        <testcase classname="src/app/dashboard/component/user/share-access/share-access.component.spec.ts" name="ShareAccessComponent &gt; publish / unpublish methods &gt; unpublishWorkflow flips isPublic to false and shows a success notification" time="0.0882275">
        </testcase>
        <testcase classname="src/app/dashboard/component/user/share-access/share-access.component.spec.ts" name="ShareAccessComponent &gt; publish / unpublish methods &gt; publishDataset flips isPublic and shows a success notification" time="0.06353">
        </testcase>
        <testcase classname="src/app/dashboard/component/user/share-access/share-access.component.spec.ts" name="ShareAccessComponent &gt; publish / unpublish methods &gt; publishDataset surfaces HttpErrorResponse via NotificationService.error" time="0.1022468">
        </testcase>
        <testcase classname="src/app/dashboard/component/user/share-access/share-access.component.spec.ts" name="ShareAccessComponent &gt; publish / unpublish methods &gt; unpublishDataset flips isPublic to false and shows a success notification" time="0.070212">
        </testcase>
    </testsuite>
    <testsuite name="src/app/dashboard/component/user/sort-button/sort-button.component.spec.ts" timestamp="2026-06-23T18:31:02.170Z" hostname="roshiii" tests="6" failures="0" errors="0" skipped="0" time="0.8248235">
        <testcase classname="src/app/dashboard/component/user/sort-button/sort-button.component.spec.ts" name="SortButtonComponent &gt; should create the component with correct default sorting method" time="0.2010312">
        </testcase>
        <testcase classname="src/app/dashboard/component/user/sort-button/sort-button.component.spec.ts" name="SortButtonComponent &gt; should handle lastSort() correctly" time="0.0430868">
        </testcase>
        <testcase classname="src/app/dashboard/component/user/sort-button/sort-button.component.spec.ts" name="SortButtonComponent &gt; should handle dateSort() correctly" time="0.075271">
        </testcase>
        <testcase classname="src/app/dashboard/component/user/sort-button/sort-button.component.spec.ts" name="SortButtonComponent &gt; should handle ascSort() correctly" time="0.077268">
        </testcase>
        <testcase classname="src/app/dashboard/component/user/sort-button/sort-button.component.spec.ts" name="SortButtonComponent &gt; should handle dscSort() correctly" time="0.2825873">
        </testcase>
        <testcase classname="src/app/dashboard/component/user/sort-button/sort-button.component.spec.ts" name="SortButtonComponent &gt; should handle execSort() correctly" time="0.1450344">
        </testcase>
    </testsuite>
    <testsuite name="src/app/dashboard/component/user/user-avatar/user-avatar.component.spec.ts" timestamp="2026-06-23T18:31:02.172Z" hostname="roshiii" tests="1" failures="0" errors="0" skipped="0" time="0.0140659">
        <testcase classname="src/app/dashboard/component/user/user-avatar/user-avatar.component.spec.ts" name="UserAvatarComponent &gt; should create" time="0.0137771">
        </testcase>
    </testsuite>
    <testsuite name="src/app/dashboard/component/user/user-computing-unit/user-computing-unit.component.spec.ts" timestamp="2026-06-23T18:31:02.173Z" hostname="roshiii" tests="1" failures="0" errors="0" skipped="0" time="0.0907514">
        <testcase classname="src/app/dashboard/component/user/user-computing-unit/user-computing-unit.component.spec.ts" name="UserComputingUnitComponent &gt; should create" time="0.090055">
        </testcase>
    </testsuite>
    <testsuite name="src/app/dashboard/component/user/user-dataset/user-dataset.component.spec.ts" timestamp="2026-06-23T18:31:02.174Z" hostname="roshiii" tests="14" failures="0" errors="0" skipped="0" time="0.0284957">
        <testcase classname="src/app/dashboard/component/user/user-dataset/user-dataset.component.spec.ts" name="UserDatasetComponent &gt; user state tracking &gt; updates isLogin and currentUid when userChanged emits" time="0.0029692">
        </testcase>
        <testcase classname="src/app/dashboard/component/user/user-dataset/user-dataset.component.spec.ts" name="UserDatasetComponent &gt; ngAfterViewInit &gt; subscribes to userChanged and calls search on each emission" time="0.0022824">
        </testcase>
        <testcase classname="src/app/dashboard/component/user/user-dataset/user-dataset.component.spec.ts" name="UserDatasetComponent &gt; search filterScope variants &gt; defaults to &quot;private&quot;: passes isLogin through, includePublic = false" time="0.0030481">
        </testcase>
        <testcase classname="src/app/dashboard/component/user/user-dataset/user-dataset.component.spec.ts" name="UserDatasetComponent &gt; search filterScope variants &gt; &quot;public&quot;: forces isLogin = false, includePublic = true" time="0.00154">
        </testcase>
        <testcase classname="src/app/dashboard/component/user/user-dataset/user-dataset.component.spec.ts" name="UserDatasetComponent &gt; search filterScope variants &gt; &quot;all&quot;: passes isLogin through, includePublic = true" time="0.0015634">
        </testcase>
        <testcase classname="src/app/dashboard/component/user/user-dataset/user-dataset.component.spec.ts" name="UserDatasetComponent &gt; search filterScope variants &gt; &quot;private&quot; with isLogin = false: passes false through, includePublic = false" time="0.001769">
        </testcase>
        <testcase classname="src/app/dashboard/component/user/user-dataset/user-dataset.component.spec.ts" name="UserDatasetComponent &gt; search call shape &gt; invokes executeSearch with the documented argument order via reset(...) then loadMore()" time="0.0022998">
        </testcase>
        <testcase classname="src/app/dashboard/component/user/user-dataset/user-dataset.component.spec.ts" name="UserDatasetComponent &gt; mismatch warning &gt; when hasMismatch = true: sets component.hasMismatch and warns for 4000ms" time="0.0020358">
        </testcase>
        <testcase classname="src/app/dashboard/component/user/user-dataset/user-dataset.component.spec.ts" name="UserDatasetComponent &gt; mismatch warning &gt; when hasMismatch is missing/false: does not warn and clears hasMismatch" time="0.0016282">
        </testcase>
        <testcase classname="src/app/dashboard/component/user/user-dataset/user-dataset.component.spec.ts" name="UserDatasetComponent &gt; onClickOpenDatasetAddComponent &gt; opens UserDatasetVersionCreatorComponent with isCreatingVersion: false" time="0.0021649">
        </testcase>
        <testcase classname="src/app/dashboard/component/user/user-dataset/user-dataset.component.spec.ts" name="UserDatasetComponent &gt; onClickOpenDatasetAddComponent &gt; on close with a dataset result: navigates to the new dataset URL" time="0.0014988">
        </testcase>
        <testcase classname="src/app/dashboard/component/user/user-dataset/user-dataset.component.spec.ts" name="UserDatasetComponent &gt; onClickOpenDatasetAddComponent &gt; on close with null result: does not navigate" time="0.0014838">
        </testcase>
        <testcase classname="src/app/dashboard/component/user/user-dataset/user-dataset.component.spec.ts" name="UserDatasetComponent &gt; deleteDataset &gt; is a no-op when entry.dataset.dataset.did is undefined" time="0.0013614">
        </testcase>
        <testcase classname="src/app/dashboard/component/user/user-dataset/user-dataset.component.spec.ts" name="UserDatasetComponent &gt; deleteDataset &gt; calls deleteDatasets(did) and filters the entry out of searchResultsComponent.entries" time="0.0016776">
        </testcase>
    </testsuite>
    <testsuite name="src/app/dashboard/component/user/user-icon/user-icon.component.spec.ts" timestamp="2026-06-23T18:31:02.179Z" hostname="roshiii" tests="3" failures="0" errors="0" skipped="0" time="0.0997518">
        <testcase classname="src/app/dashboard/component/user/user-icon/user-icon.component.spec.ts" name="UserIconComponent &gt; should create" time="0.0227827">
        </testcase>
        <testcase classname="src/app/dashboard/component/user/user-icon/user-icon.component.spec.ts" name="UserIconComponent &gt; onClickLogout &gt; navigates to /about (no /dashboard prefix) after logout" time="0.0331232">
        </testcase>
        <testcase classname="src/app/dashboard/component/user/user-icon/user-icon.component.spec.ts" name="UserIconComponent &gt; onClickLogout &gt; clears the flarum_remember cookie on logout" time="0.0425862">
        </testcase>
    </testsuite>
    <testsuite name="src/app/dashboard/component/user/user-quota/user-quota.component.spec.ts" timestamp="2026-06-23T18:31:02.181Z" hostname="roshiii" tests="1" failures="0" errors="0" skipped="0" time="0.0553818">
        <testcase classname="src/app/dashboard/component/user/user-quota/user-quota.component.spec.ts" name="UserQuotaComponent &gt; should create" time="0.054776">
        </testcase>
    </testsuite>
    <testsuite name="src/app/dashboard/component/user/user-workflow/user-workflow.component.spec.ts" timestamp="2026-06-23T18:31:02.181Z" hostname="roshiii" tests="12" failures="0" errors="0" skipped="0" time="10.3273393">
        <testcase classname="src/app/dashboard/component/user/user-workflow/user-workflow.component.spec.ts" name="SavedWorkflowSectionComponent &gt; searchNoInput" time="1.8849476">
            <system-out>
Master Filter List: []

            </system-out>
        </testcase>
        <testcase classname="src/app/dashboard/component/user/user-workflow/user-workflow.component.spec.ts" name="SavedWorkflowSectionComponent &gt; searchByWorkflowName" time="0.9847323">
        </testcase>
        <testcase classname="src/app/dashboard/component/user/user-workflow/user-workflow.component.spec.ts" name="SavedWorkflowSectionComponent &gt; searchByOwners" time="1.1347536">
        </testcase>
        <testcase classname="src/app/dashboard/component/user/user-workflow/user-workflow.component.spec.ts" name="SavedWorkflowSectionComponent &gt; searchByIDs" time="0.9213735">
        </testcase>
        <testcase classname="src/app/dashboard/component/user/user-workflow/user-workflow.component.spec.ts" name="SavedWorkflowSectionComponent &gt; searchByProjects" time="0.8979582">
        </testcase>
        <testcase classname="src/app/dashboard/component/user/user-workflow/user-workflow.component.spec.ts" name="SavedWorkflowSectionComponent &gt; searchByCreationTime" time="0.6448498">
        </testcase>
        <testcase classname="src/app/dashboard/component/user/user-workflow/user-workflow.component.spec.ts" name="SavedWorkflowSectionComponent &gt; searchByModifyTime" time="0.6765482">
        </testcase>
        <testcase classname="src/app/dashboard/component/user/user-workflow/user-workflow.component.spec.ts" name="SavedWorkflowSectionComponent &gt; searchByOperators" time="0.6448833">
        </testcase>
        <testcase classname="src/app/dashboard/component/user/user-workflow/user-workflow.component.spec.ts" name="SavedWorkflowSectionComponent &gt; searchByManyOperators" time="0.5726573">
        </testcase>
        <testcase classname="src/app/dashboard/component/user/user-workflow/user-workflow.component.spec.ts" name="SavedWorkflowSectionComponent &gt; searchByManyParameters" time="0.5811559">
        </testcase>
        <testcase classname="src/app/dashboard/component/user/user-workflow/user-workflow.component.spec.ts" name="SavedWorkflowSectionComponent &gt; onClickCreateNewWorkflowFromDashboard &gt; navigates to /user/workflow/&lt;wid&gt; (no /dashboard prefix) on successful creation" time="0.6549218">
        </testcase>
        <testcase classname="src/app/dashboard/component/user/user-workflow/user-workflow.component.spec.ts" name="SavedWorkflowSectionComponent &gt; downloads checked files" time="0.7268229">
        </testcase>
    </testsuite>
    <testsuite name="src/app/dashboard/service/admin/guard/admin-guard.service.spec.ts" timestamp="2026-06-23T18:31:02.185Z" hostname="roshiii" tests="3" failures="0" errors="0" skipped="0" time="0.0123603">
        <testcase classname="src/app/dashboard/service/admin/guard/admin-guard.service.spec.ts" name="AdminGuardService &gt; allows navigation and does not redirect when the user is an admin" time="0.0045638">
        </testcase>
        <testcase classname="src/app/dashboard/service/admin/guard/admin-guard.service.spec.ts" name="AdminGuardService &gt; blocks navigation and redirects to USER_WORKFLOW when the user is a regular (non-admin) user" time="0.0042346">
        </testcase>
        <testcase classname="src/app/dashboard/service/admin/guard/admin-guard.service.spec.ts" name="AdminGuardService &gt; blocks navigation and redirects to USER_WORKFLOW when there is no signed-in user" time="0.0029286">
        </testcase>
    </testsuite>
    <testsuite name="src/app/dashboard/service/user/dataset/dataset.service.spec.ts" timestamp="2026-06-23T18:31:02.186Z" hostname="roshiii" tests="28" failures="0" errors="0" skipped="0" time="0.1805766">
        <testcase classname="src/app/dashboard/service/user/dataset/dataset.service.spec.ts" name="DatasetService &gt; createDataset POSTs the dataset metadata under the create endpoint" time="0.0238598">
        </testcase>
        <testcase classname="src/app/dashboard/service/user/dataset/dataset.service.spec.ts" name="DatasetService &gt; getDataset hits /dataset/{did} when logged in" time="0.0041553">
        </testcase>
        <testcase classname="src/app/dashboard/service/user/dataset/dataset.service.spec.ts" name="DatasetService &gt; getDataset hits /dataset/public/{did} when anonymous" time="0.0037408">
        </testcase>
        <testcase classname="src/app/dashboard/service/user/dataset/dataset.service.spec.ts" name="DatasetService &gt; retrieveDatasetVersionSingleFile resolves the presigned URL then GETs the blob" time="0.0060433">
        </testcase>
        <testcase classname="src/app/dashboard/service/user/dataset/dataset.service.spec.ts" name="DatasetService &gt; retrieveDatasetVersionSingleFile uses the public presign endpoint when anonymous" time="0.0037848">
        </testcase>
        <testcase classname="src/app/dashboard/service/user/dataset/dataset.service.spec.ts" name="DatasetService &gt; retrieveDatasetVersionZip sets dvid when a version is specified" time="0.0057085">
        </testcase>
        <testcase classname="src/app/dashboard/service/user/dataset/dataset.service.spec.ts" name="DatasetService &gt; retrieveDatasetVersionZip sets latest=true when dvid is omitted" time="0.0041299">
        </testcase>
        <testcase classname="src/app/dashboard/service/user/dataset/dataset.service.spec.ts" name="DatasetService &gt; retrieveAccessibleDatasets GETs /dataset/list" time="0.00575">
        </testcase>
        <testcase classname="src/app/dashboard/service/user/dataset/dataset.service.spec.ts" name="DatasetService &gt; createDatasetVersion attaches fileNodes onto the returned DatasetVersion" time="0.013276">
        </testcase>
        <testcase classname="src/app/dashboard/service/user/dataset/dataset.service.spec.ts" name="DatasetService &gt; listMultipartUploads returns the filePaths array" time="0.0107784">
        </testcase>
        <testcase classname="src/app/dashboard/service/user/dataset/dataset.service.spec.ts" name="DatasetService &gt; listMultipartUploads tolerates a null payload" time="0.008678">
        </testcase>
        <testcase classname="src/app/dashboard/service/user/dataset/dataset.service.spec.ts" name="DatasetService &gt; finalizeMultipartUpload routes through type=finish when not aborting" time="0.0083815">
        </testcase>
        <testcase classname="src/app/dashboard/service/user/dataset/dataset.service.spec.ts" name="DatasetService &gt; finalizeMultipartUpload routes through type=abort when aborting" time="0.0073278">
        </testcase>
        <testcase classname="src/app/dashboard/service/user/dataset/dataset.service.spec.ts" name="DatasetService &gt; resetDatasetFileDiff PUTs /dataset/{did}/diff with the encoded filePath" time="0.0052687">
        </testcase>
        <testcase classname="src/app/dashboard/service/user/dataset/dataset.service.spec.ts" name="DatasetService &gt; deleteDatasetFile DELETEs /dataset/{did}/file with the encoded filePath" time="0.005145">
        </testcase>
        <testcase classname="src/app/dashboard/service/user/dataset/dataset.service.spec.ts" name="DatasetService &gt; getDatasetDiff returns the staged-object list" time="0.0034947">
        </testcase>
        <testcase classname="src/app/dashboard/service/user/dataset/dataset.service.spec.ts" name="DatasetService &gt; retrieveDatasetVersionList hits the authenticated path when logged in" time="0.0031835">
        </testcase>
        <testcase classname="src/app/dashboard/service/user/dataset/dataset.service.spec.ts" name="DatasetService &gt; retrieveDatasetVersionList hits the public path when anonymous" time="0.0036235">
        </testcase>
        <testcase classname="src/app/dashboard/service/user/dataset/dataset.service.spec.ts" name="DatasetService &gt; retrieveDatasetLatestVersion attaches fileNodes onto the returned version" time="0.0040936">
        </testcase>
        <testcase classname="src/app/dashboard/service/user/dataset/dataset.service.spec.ts" name="DatasetService &gt; retrieveDatasetVersionFileTree picks the authenticated path when logged in" time="0.0038403">
        </testcase>
        <testcase classname="src/app/dashboard/service/user/dataset/dataset.service.spec.ts" name="DatasetService &gt; retrieveDatasetVersionFileTree picks the public path when anonymous" time="0.0030739">
        </testcase>
        <testcase classname="src/app/dashboard/service/user/dataset/dataset.service.spec.ts" name="DatasetService &gt; deleteDatasets DELETEs /dataset/{did}" time="0.0120839">
        </testcase>
        <testcase classname="src/app/dashboard/service/user/dataset/dataset.service.spec.ts" name="DatasetService &gt; updateDatasetName POSTs name + did into /update/name" time="0.0057195">
        </testcase>
        <testcase classname="src/app/dashboard/service/user/dataset/dataset.service.spec.ts" name="DatasetService &gt; updateDatasetDescription POSTs description + did into /update/description" time="0.0044894">
        </testcase>
        <testcase classname="src/app/dashboard/service/user/dataset/dataset.service.spec.ts" name="DatasetService &gt; updateDatasetPublicity POSTs to /dataset/{did}/update/publicity" time="0.0039082">
        </testcase>
        <testcase classname="src/app/dashboard/service/user/dataset/dataset.service.spec.ts" name="DatasetService &gt; updateDatasetDownloadable POSTs to /dataset/{did}/update/downloadable" time="0.0055655">
        </testcase>
        <testcase classname="src/app/dashboard/service/user/dataset/dataset.service.spec.ts" name="DatasetService &gt; retrieveOwners GETs /dataset/user-dataset-owners" time="0.0053196">
        </testcase>
        <testcase classname="src/app/dashboard/service/user/dataset/dataset.service.spec.ts" name="DatasetService &gt; updateDatasetCoverImage POSTs the cover image base64 to /dataset/{did}/update/cover" time="0.0053148">
        </testcase>
    </testsuite>
    <testsuite name="src/app/dashboard/service/user/download/download.service.spec.ts" timestamp="2026-06-23T18:31:02.194Z" hostname="roshiii" tests="15" failures="0" errors="0" skipped="1" time="0.0956248">
        <testcase classname="src/app/dashboard/service/user/download/download.service.spec.ts" name="DownloadService &gt; downloads a single file and saves it under the basename of the path" time="0.0088487">
        </testcase>
        <testcase classname="src/app/dashboard/service/user/download/download.service.spec.ts" name="DownloadService &gt; falls back to a default filename when the path has no basename segment" time="0.0054757">
        </testcase>
        <testcase classname="src/app/dashboard/service/user/download/download.service.spec.ts" name="DownloadService &gt; propagates errors from downloadSingleFile and emits the error notification" time="0.0109794">
        </testcase>
        <testcase classname="src/app/dashboard/service/user/download/download.service.spec.ts" name="DownloadService &gt; passes isLogin=false through to retrieveDatasetVersionSingleFile" time="0.0047486">
        </testcase>
        <testcase classname="src/app/dashboard/service/user/download/download.service.spec.ts" name="DownloadService &gt; downloads the latest dataset version as a zip named after the dataset" time="0.0064832">
        </testcase>
        <testcase classname="src/app/dashboard/service/user/download/download.service.spec.ts" name="DownloadService &gt; emits the dataset error notification and rethrows on retrieve failure" time="0.0058277">
        </testcase>
        <testcase classname="src/app/dashboard/service/user/download/download.service.spec.ts" name="DownloadService &gt; downloads a specific dataset version with composite zip name" time="0.0067261">
        </testcase>
        <testcase classname="src/app/dashboard/service/user/download/download.service.spec.ts" name="DownloadService &gt; emits the version-specific error notification on retrieve failure" time="0.0057128">
        </testcase>
        <testcase classname="src/app/dashboard/service/user/download/download.service.spec.ts" name="DownloadService &gt; downloads a workflow as a JSON blob named after the workflow" time="0.0058482">
        </testcase>
        <testcase classname="src/app/dashboard/service/user/download/download.service.spec.ts" name="DownloadService &gt; downloads the workflow ZIP and routes through createWorkflowsZip" time="0.0087853">
        </testcase>
        <testcase classname="src/app/dashboard/service/user/download/download.service.spec.ts" name="DownloadService &gt; propagates errors from createWorkflowsZip with the expected error notification" time="0.0064085">
        </testcase>
        <testcase classname="src/app/dashboard/service/user/download/download.service.spec.ts" name="DownloadService &gt; downloads a single operator file directly when there&apos;s exactly one file" time="0.0054235">
        </testcase>
        <testcase classname="src/app/dashboard/service/user/download/download.service.spec.ts" name="DownloadService &gt; zips multiple operator files into a workflow-named archive" time="0">
            <skipped/>
        </testcase>
        <testcase classname="src/app/dashboard/service/user/download/download.service.spec.ts" name="DownloadService &gt; errors out cleanly when no operator result files are provided" time="0.0073242">
        </testcase>
        <testcase classname="src/app/dashboard/service/user/download/download.service.spec.ts" name="DownloadService &gt; hits the downloadability endpoint and returns the operator → labels map" time="0.0063488">
        </testcase>
    </testsuite>
    <testsuite name="src/app/dashboard/service/user/workflow-executions/workflow-executions.service.spec.ts" timestamp="2026-06-23T18:31:02.200Z" hostname="roshiii" tests="1" failures="0" errors="0" skipped="1" time="0">
        <testcase classname="src/app/dashboard/service/user/workflow-executions/workflow-executions.service.spec.ts" name="WorkflowExecutionsService &gt; add unit tests for WorkflowExecutionsService" time="0">
            <skipped/>
        </testcase>
    </testsuite>
    <testsuite name="src/app/dashboard/service/user/workflow-version/workflow-version.service.spec.ts" timestamp="2026-06-23T18:31:02.201Z" hostname="roshiii" tests="30" failures="0" errors="0" skipped="0" time="0.3168488">
        <testcase classname="src/app/dashboard/service/user/workflow-version/workflow-version.service.spec.ts" name="WorkflowVersionService &gt; canRestoreVersion &gt; is false when no readonly display has been entered" time="0.0387701">
        </testcase>
        <testcase classname="src/app/dashboard/service/user/workflow-version/workflow-version.service.spec.ts" name="WorkflowVersionService &gt; canRestoreVersion &gt; is true after entering readonly display from a modification-enabled state" time="0.0130245">
        </testcase>
        <testcase classname="src/app/dashboard/service/user/workflow-version/workflow-version.service.spec.ts" name="WorkflowVersionService &gt; canRestoreVersion &gt; is false after entering readonly display from an already-disabled state" time="0.0079674">
        </testcase>
        <testcase classname="src/app/dashboard/service/user/workflow-version/workflow-version.service.spec.ts" name="WorkflowVersionService &gt; setDisplayParticularVersion &gt; publishes both ids and the flag when entering a particular version" time="0.011644">
        </testcase>
        <testcase classname="src/app/dashboard/service/user/workflow-version/workflow-version.service.spec.ts" name="WorkflowVersionService &gt; setDisplayParticularVersion &gt; ignores undefined version ids but still flips the flag" time="0.0101378">
        </testcase>
        <testcase classname="src/app/dashboard/service/user/workflow-version/workflow-version.service.spec.ts" name="WorkflowVersionService &gt; setDisplayParticularVersion &gt; nulls both ids when leaving a particular version" time="0.0100322">
        </testcase>
        <testcase classname="src/app/dashboard/service/user/workflow-version/workflow-version.service.spec.ts" name="WorkflowVersionService &gt; displayWorkflowVersions unhighlights whatever is currently highlighted" time="0.0094281">
        </testcase>
        <testcase classname="src/app/dashboard/service/user/workflow-version/workflow-version.service.spec.ts" name="WorkflowVersionService &gt; displayReadonlyWorkflow &gt; snapshots the current workflow, disables persist+undo, then reloads readonly" time="0.0105819">
        </testcase>
        <testcase classname="src/app/dashboard/service/user/workflow-version/workflow-version.service.spec.ts" name="WorkflowVersionService &gt; displayReadonlyWorkflow &gt; only captures the modification state once across nested calls" time="0.0067733">
        </testcase>
        <testcase classname="src/app/dashboard/service/user/workflow-version/workflow-version.service.spec.ts" name="WorkflowVersionService &gt; displayParticularVersion diffs, swaps the paper, and emits the flag" time="0.0101755">
        </testcase>
        <testcase classname="src/app/dashboard/service/user/workflow-version/workflow-version.service.spec.ts" name="WorkflowVersionService &gt; highlight helpers &gt; highlightOpBoundary writes rect.boundary/fill with the rgba color" time="0.0059503">
        </testcase>
        <testcase classname="src/app/dashboard/service/user/workflow-version/workflow-version.service.spec.ts" name="WorkflowVersionService &gt; highlight helpers &gt; highlightOpBracket writes the position-prefixed stroke attribute" time="0.0204552">
        </testcase>
        <testcase classname="src/app/dashboard/service/user/workflow-version/workflow-version.service.spec.ts" name="WorkflowVersionService &gt; highlight helpers &gt; is a no-op when the joint paper is not yet bound" time="0.0061688">
        </testcase>
        <testcase classname="src/app/dashboard/service/user/workflow-version/workflow-version.service.spec.ts" name="WorkflowVersionService &gt; highlightOpVersionDiff &gt; colors modified ops orange and added ops green" time="0.0078297">
        </testcase>
        <testcase classname="src/app/dashboard/service/user/workflow-version/workflow-version.service.spec.ts" name="WorkflowVersionService &gt; highlightOpVersionDiff &gt; draws left/right red brackets around the neighbors of deleted ops" time="0.0064712">
        </testcase>
        <testcase classname="src/app/dashboard/service/user/workflow-version/workflow-version.service.spec.ts" name="WorkflowVersionService &gt; highlightOpVersionDiff &gt; skips bracket drawing when the temp workflow is missing" time="0.0065355">
        </testcase>
        <testcase classname="src/app/dashboard/service/user/workflow-version/workflow-version.service.spec.ts" name="WorkflowVersionService &gt; unhighlightOpVersionDiff &gt; resets the boundary fill of added and modified ops to transparent" time="0.0049901">
        </testcase>
        <testcase classname="src/app/dashboard/service/user/workflow-version/workflow-version.service.spec.ts" name="WorkflowVersionService &gt; unhighlightOpVersionDiff &gt; resets the red brackets drawn around the neighbors of deleted ops" time="0.0101901">
        </testcase>
        <testcase classname="src/app/dashboard/service/user/workflow-version/workflow-version.service.spec.ts" name="WorkflowVersionService &gt; unhighlightOpVersionDiff &gt; skips bracket clearing when the temp workflow is missing" time="0.0055107">
        </testcase>
        <testcase classname="src/app/dashboard/service/user/workflow-version/workflow-version.service.spec.ts" name="WorkflowVersionService &gt; getWorkflowsDifference &gt; classifies operators into added, deleted, and modified" time="0.0060663">
        </testcase>
        <testcase classname="src/app/dashboard/service/user/workflow-version/workflow-version.service.spec.ts" name="WorkflowVersionService &gt; getWorkflowsDifference &gt; returns empty diffs when the contents are identical" time="0.0050088">
        </testcase>
        <testcase classname="src/app/dashboard/service/user/workflow-version/workflow-version.service.spec.ts" name="WorkflowVersionService &gt; getWorkflowsDifference &gt; records per-property and version-bump diffs in operatorPropertyDiff" time="0.0053582">
        </testcase>
        <testcase classname="src/app/dashboard/service/user/workflow-version/workflow-version.service.spec.ts" name="WorkflowVersionService &gt; close + revert helpers &gt; revertToVersion clears stacks, re-enables modification, and exits readonly mode" time="0.01083">
        </testcase>
        <testcase classname="src/app/dashboard/service/user/workflow-version/workflow-version.service.spec.ts" name="WorkflowVersionService &gt; close + revert helpers &gt; closeReadonlyWorkflowDisplay restores the previous workflow and re-enables undo" time="0.0094868">
        </testcase>
        <testcase classname="src/app/dashboard/service/user/workflow-version/workflow-version.service.spec.ts" name="WorkflowVersionService &gt; close + revert helpers &gt; closeParticularVersionDisplay unhighlights, restores, and flips the flag" time="0.0056247">
        </testcase>
        <testcase classname="src/app/dashboard/service/user/workflow-version/workflow-version.service.spec.ts" name="WorkflowVersionService &gt; close + revert helpers &gt; restoreModificationState re-disables modification when the snapshot was false" time="0.0068991">
        </testcase>
        <testcase classname="src/app/dashboard/service/user/workflow-version/workflow-version.service.spec.ts" name="WorkflowVersionService &gt; HTTP &gt; retrieveVersionsOfWorkflow GETs /version/{wid}" time="0.011209">
        </testcase>
        <testcase classname="src/app/dashboard/service/user/workflow-version/workflow-version.service.spec.ts" name="WorkflowVersionService &gt; HTTP &gt; retrieveWorkflowByVersion parses a string `content` into an object" time="0.006229">
        </testcase>
        <testcase classname="src/app/dashboard/service/user/workflow-version/workflow-version.service.spec.ts" name="WorkflowVersionService &gt; HTTP &gt; retrieveWorkflowByVersion drops null payloads (filter blocks the emission)" time="0.0055465">
        </testcase>
        <testcase classname="src/app/dashboard/service/user/workflow-version/workflow-version.service.spec.ts" name="WorkflowVersionService &gt; HTTP &gt; cloneWorkflowVersion POSTs to /version/clone/{vid} with the displayed id" time="0.0348107">
        </testcase>
    </testsuite>
    <testsuite name="src/app/hub/component/about/local-login/local-login.component.spec.ts" timestamp="2026-06-23T18:31:02.214Z" hostname="roshiii" tests="22" failures="0" errors="0" skipped="0" time="1.4998018">
        <testcase classname="src/app/hub/component/about/local-login/local-login.component.spec.ts" name="LocalLoginComponent &gt; should create the component" time="0.2381108">
        </testcase>
        <testcase classname="src/app/hub/component/about/local-login/local-login.component.spec.ts" name="LocalLoginComponent &gt; form construction &gt; builds allForms with the expected controls" time="0.0539404">
        </testcase>
        <testcase classname="src/app/hub/component/about/local-login/local-login.component.spec.ts" name="LocalLoginComponent &gt; form construction &gt; requires loginUsername and registerUsername" time="0.0466753">
        </testcase>
        <testcase classname="src/app/hub/component/about/local-login/local-login.component.spec.ts" name="LocalLoginComponent &gt; form construction &gt; requires passwords and enforces minLength(6)" time="0.1157167">
        </testcase>
        <testcase classname="src/app/hub/component/about/local-login/local-login.component.spec.ts" name="LocalLoginComponent &gt; form construction &gt; wires the confirmationValidator on registerConfirmationPassword" time="0.0534202">
        </testcase>
        <testcase classname="src/app/hub/component/about/local-login/local-login.component.spec.ts" name="LocalLoginComponent &gt; form construction &gt; requires registerConfirmationPassword to be non-empty" time="0.0406717">
        </testcase>
        <testcase classname="src/app/hub/component/about/local-login/local-login.component.spec.ts" name="LocalLoginComponent &gt; confirmationValidator &gt; returns { confirm: true } when the value does not match registerPassword" time="0.0526812">
        </testcase>
        <testcase classname="src/app/hub/component/about/local-login/local-login.component.spec.ts" name="LocalLoginComponent &gt; confirmationValidator &gt; returns {} when the value matches registerPassword" time="0.0579215">
        </testcase>
        <testcase classname="src/app/hub/component/about/local-login/local-login.component.spec.ts" name="LocalLoginComponent &gt; updateConfirmValidator &gt; schedules updateValueAndValidity on registerConfirmationPassword via setTimeout" time="0.0497539">
        </testcase>
        <testcase classname="src/app/hub/component/about/local-login/local-login.component.spec.ts" name="LocalLoginComponent &gt; ngOnInit &gt; patches loginUsername and loginPassword from defaultLocalUser when populated" time="0.0586648">
        </testcase>
        <testcase classname="src/app/hub/component/about/local-login/local-login.component.spec.ts" name="LocalLoginComponent &gt; ngOnInit &gt; does not patch login fields when defaultLocalUser is empty" time="0.0529752">
        </testcase>
        <testcase classname="src/app/hub/component/about/local-login/local-login.component.spec.ts" name="LocalLoginComponent &gt; login &gt; sets loginErrorMessage and short-circuits when validateUsername fails" time="0.0632">
        </testcase>
        <testcase classname="src/app/hub/component/about/local-login/local-login.component.spec.ts" name="LocalLoginComponent &gt; login &gt; calls UserService.login with trimmed username and navigates to USER_WORKFLOW on success" time="0.0755813">
        </testcase>
        <testcase classname="src/app/hub/component/about/local-login/local-login.component.spec.ts" name="LocalLoginComponent &gt; login &gt; navigates to queryParams.returnUrl when present" time="0.1954109">
        </testcase>
        <testcase classname="src/app/hub/component/about/local-login/local-login.component.spec.ts" name="LocalLoginComponent &gt; login &gt; surfaces the error&apos;s message via NotificationService.error on failure" time="0.0472996">
        </testcase>
        <testcase classname="src/app/hub/component/about/local-login/local-login.component.spec.ts" name="LocalLoginComponent &gt; login &gt; falls back to &apos;Incorrect username or password&apos; when the error has no message" time="0.040613">
        </testcase>
        <testcase classname="src/app/hub/component/about/local-login/local-login.component.spec.ts" name="LocalLoginComponent &gt; register &gt; sets registerErrorMessage when the password is shorter than 6 characters" time="0.0409653">
        </testcase>
        <testcase classname="src/app/hub/component/about/local-login/local-login.component.spec.ts" name="LocalLoginComponent &gt; register &gt; sets registerErrorMessage when passwords do not match" time="0.0482552">
        </testcase>
        <testcase classname="src/app/hub/component/about/local-login/local-login.component.spec.ts" name="LocalLoginComponent &gt; register &gt; sets registerErrorMessage when validateUsername fails" time="0.0405496">
        </testcase>
        <testcase classname="src/app/hub/component/about/local-login/local-login.component.spec.ts" name="LocalLoginComponent &gt; register &gt; calls UserService.register with the trimmed username and surfaces a success notification" time="0.0474035">
        </testcase>
        <testcase classname="src/app/hub/component/about/local-login/local-login.component.spec.ts" name="LocalLoginComponent &gt; register &gt; surfaces the error&apos;s message via NotificationService.error on failure" time="0.0403556">
        </testcase>
        <testcase classname="src/app/hub/component/about/local-login/local-login.component.spec.ts" name="LocalLoginComponent &gt; register &gt; falls back to &apos;Registration failed&apos; when the error has no message" time="0.037534">
        </testcase>
    </testsuite>
    <testsuite name="src/app/hub/component/workflow/detail/hub-workflow-detail.component.spec.ts" timestamp="2026-06-23T18:31:02.221Z" hostname="roshiii" tests="32" failures="0" errors="0" skipped="0" time="2.7902045">
        <testcase classname="src/app/hub/component/workflow/detail/hub-workflow-detail.component.spec.ts" name="HubWorkflowDetailComponent &gt; constructor / wid resolution &gt; uses NZ_MODAL_DATA wid and leaves isHub false" time="0.3374555">
        </testcase>
        <testcase classname="src/app/hub/component/workflow/detail/hub-workflow-detail.component.spec.ts" name="HubWorkflowDetailComponent &gt; constructor / wid resolution &gt; falls back to route.snapshot.params.id and sets isHub true" time="0.1416815">
        </testcase>
        <testcase classname="src/app/hub/component/workflow/detail/hub-workflow-detail.component.spec.ts" name="HubWorkflowDetailComponent &gt; constructor / wid resolution &gt; sets isActivatedUser true for REGULAR" time="0.1256672">
        </testcase>
        <testcase classname="src/app/hub/component/workflow/detail/hub-workflow-detail.component.spec.ts" name="HubWorkflowDetailComponent &gt; constructor / wid resolution &gt; sets isActivatedUser true for ADMIN" time="0.0722264">
        </testcase>
        <testcase classname="src/app/hub/component/workflow/detail/hub-workflow-detail.component.spec.ts" name="HubWorkflowDetailComponent &gt; constructor / wid resolution &gt; leaves isActivatedUser false for non-activated roles" time="0.075238">
        </testcase>
        <testcase classname="src/app/hub/component/workflow/detail/hub-workflow-detail.component.spec.ts" name="HubWorkflowDetailComponent &gt; constructor / wid resolution &gt; disables workflow modification" time="0.0872989">
        </testcase>
        <testcase classname="src/app/hub/component/workflow/detail/hub-workflow-detail.component.spec.ts" name="HubWorkflowDetailComponent &gt; ngOnInit &gt; early-returns when wid is undefined" time="0.0538944">
        </testcase>
        <testcase classname="src/app/hub/component/workflow/detail/hub-workflow-detail.component.spec.ts" name="HubWorkflowDetailComponent &gt; ngOnInit &gt; assigns likeCount and cloneCount from getCounts" time="0.0655326">
        </testcase>
        <testcase classname="src/app/hub/component/workflow/detail/hub-workflow-detail.component.spec.ts" name="HubWorkflowDetailComponent &gt; ngOnInit &gt; defaults likeCount and cloneCount to 0 when counts are missing" time="0.0697751">
        </testcase>
        <testcase classname="src/app/hub/component/workflow/detail/hub-workflow-detail.component.spec.ts" name="HubWorkflowDetailComponent &gt; ngOnInit &gt; pipes postView through throttleTime and assigns viewCount" time="0.0527626">
        </testcase>
        <testcase classname="src/app/hub/component/workflow/detail/hub-workflow-detail.component.spec.ts" name="HubWorkflowDetailComponent &gt; ngOnInit &gt; passes 0 as userId to postView when there is no current user" time="0.1108938">
        </testcase>
        <testcase classname="src/app/hub/component/workflow/detail/hub-workflow-detail.component.spec.ts" name="HubWorkflowDetailComponent &gt; ngOnInit &gt; sets isLiked from the isLiked response when a user is logged in" time="0.0501261">
        </testcase>
        <testcase classname="src/app/hub/component/workflow/detail/hub-workflow-detail.component.spec.ts" name="HubWorkflowDetailComponent &gt; ngOnInit &gt; falls back to isLiked = false when the response is empty" time="0.0605333">
        </testcase>
        <testcase classname="src/app/hub/component/workflow/detail/hub-workflow-detail.component.spec.ts" name="HubWorkflowDetailComponent &gt; ngOnInit &gt; does not call isLiked when there is no current user" time="0.0578625">
        </testcase>
        <testcase classname="src/app/hub/component/workflow/detail/hub-workflow-detail.component.spec.ts" name="HubWorkflowDetailComponent &gt; ngAfterViewInit / loadWorkflowWithId &gt; uses retrieveWorkflow when not in hub mode and triggers center event" time="0.0927352">
        </testcase>
        <testcase classname="src/app/hub/component/workflow/detail/hub-workflow-detail.component.spec.ts" name="HubWorkflowDetailComponent &gt; ngAfterViewInit / loadWorkflowWithId &gt; uses retrievePublicWorkflow when in hub mode and triggers center event" time="0.0978614">
        </testcase>
        <testcase classname="src/app/hub/component/workflow/detail/hub-workflow-detail.component.spec.ts" name="HubWorkflowDetailComponent &gt; ngAfterViewInit / loadWorkflowWithId &gt; reports the load failure and does not reload or trigger center event when retrieveWorkflow errors" time="0.1257154">
        </testcase>
        <testcase classname="src/app/hub/component/workflow/detail/hub-workflow-detail.component.spec.ts" name="HubWorkflowDetailComponent &gt; ngAfterViewInit / loadWorkflowWithId &gt; reports the load failure and does not reload or trigger center event when retrievePublicWorkflow errors" time="0.0731893">
        </testcase>
        <testcase classname="src/app/hub/component/workflow/detail/hub-workflow-detail.component.spec.ts" name="HubWorkflowDetailComponent &gt; ngAfterViewInit / loadWorkflowWithId &gt; skips loading when wid is undefined" time="0.0415352">
        </testcase>
        <testcase classname="src/app/hub/component/workflow/detail/hub-workflow-detail.component.spec.ts" name="HubWorkflowDetailComponent &gt; ngOnDestroy &gt; calls WorkflowActionService.clearWorkflow" time="0.0810196">
        </testcase>
        <testcase classname="src/app/hub/component/workflow/detail/hub-workflow-detail.component.spec.ts" name="HubWorkflowDetailComponent &gt; goBack &gt; navigates to HUB_WORKFLOW_RESULT" time="0.0863167">
        </testcase>
        <testcase classname="src/app/hub/component/workflow/detail/hub-workflow-detail.component.spec.ts" name="HubWorkflowDetailComponent &gt; goBack &gt; notifies the user on navigation failure" time="0.078267">
        </testcase>
        <testcase classname="src/app/hub/component/workflow/detail/hub-workflow-detail.component.spec.ts" name="HubWorkflowDetailComponent &gt; cloneWorkflow &gt; early-returns when wid is undefined" time="0.1104259">
        </testcase>
        <testcase classname="src/app/hub/component/workflow/detail/hub-workflow-detail.component.spec.ts" name="HubWorkflowDetailComponent &gt; cloneWorkflow &gt; navigates to the user workspace and shows a success notification" time="0.0944115">
        </testcase>
        <testcase classname="src/app/hub/component/workflow/detail/hub-workflow-detail.component.spec.ts" name="HubWorkflowDetailComponent &gt; toggleLike &gt; short-circuits when there is no current user" time="0.1060104">
        </testcase>
        <testcase classname="src/app/hub/component/workflow/detail/hub-workflow-detail.component.spec.ts" name="HubWorkflowDetailComponent &gt; toggleLike &gt; short-circuits when wid is undefined" time="0.070936">
        </testcase>
        <testcase classname="src/app/hub/component/workflow/detail/hub-workflow-detail.component.spec.ts" name="HubWorkflowDetailComponent &gt; toggleLike &gt; calls postLike when not currently liked, flips isLiked, refreshes likeCount" time="0.0643025">
        </testcase>
        <testcase classname="src/app/hub/component/workflow/detail/hub-workflow-detail.component.spec.ts" name="HubWorkflowDetailComponent &gt; toggleLike &gt; calls postUnlike when currently liked, flips isLiked, refreshes likeCount" time="0.0622383">
        </testcase>
        <testcase classname="src/app/hub/component/workflow/detail/hub-workflow-detail.component.spec.ts" name="HubWorkflowDetailComponent &gt; toggleLike &gt; does not flip isLiked when postLike returns false" time="0.0642632">
        </testcase>
        <testcase classname="src/app/hub/component/workflow/detail/hub-workflow-detail.component.spec.ts" name="HubWorkflowDetailComponent &gt; formatCount &gt; returns 1.0k for 1000" time="0.060649">
        </testcase>
        <testcase classname="src/app/hub/component/workflow/detail/hub-workflow-detail.component.spec.ts" name="HubWorkflowDetailComponent &gt; formatCount &gt; returns the raw string for values below 1000" time="0.0638771">
        </testcase>
        <testcase classname="src/app/hub/component/workflow/detail/hub-workflow-detail.component.spec.ts" name="HubWorkflowDetailComponent &gt; changeViewDisplayStyle &gt; toggles displayPreciseViewCount" time="0.0523962">
        </testcase>
    </testsuite>
    <testsuite name="src/app/workspace/component/code-editor-dialog/breakpoint-condition-input/breakpoint-condition-input.component.spec.ts" timestamp="2026-06-23T18:31:02.231Z" hostname="roshiii" tests="5" failures="0" errors="0" skipped="0" time="0.3662862">
        <testcase classname="src/app/workspace/component/code-editor-dialog/breakpoint-condition-input/breakpoint-condition-input.component.spec.ts" name="BreakpointConditionInputComponent &gt; should create the component" time="0.0493522">
        </testcase>
        <testcase classname="src/app/workspace/component/code-editor-dialog/breakpoint-condition-input/breakpoint-condition-input.component.spec.ts" name="BreakpointConditionInputComponent &gt; should update the condition when lineNum changes" time="0.0217588">
        </testcase>
        <testcase classname="src/app/workspace/component/code-editor-dialog/breakpoint-condition-input/breakpoint-condition-input.component.spec.ts" name="BreakpointConditionInputComponent &gt; should handle Enter key event and save the condition" time="0.1156158">
        </testcase>
        <testcase classname="src/app/workspace/component/code-editor-dialog/breakpoint-condition-input/breakpoint-condition-input.component.spec.ts" name="BreakpointConditionInputComponent &gt; should not handle Enter key event if shift key is pressed" time="0.0924094">
        </testcase>
        <testcase classname="src/app/workspace/component/code-editor-dialog/breakpoint-condition-input/breakpoint-condition-input.component.spec.ts" name="BreakpointConditionInputComponent &gt; should emit close event on focusout" time="0.0706019">
        </testcase>
    </testsuite>
    <testsuite name="src/app/workspace/component/left-panel/operator-menu/operator-menu.component.spec.ts" timestamp="2026-06-23T18:31:02.232Z" hostname="roshiii" tests="4" failures="0" errors="0" skipped="0" time="0.970028">
        <testcase classname="src/app/workspace/component/left-panel/operator-menu/operator-menu.component.spec.ts" name="OperatorPanelComponent &gt; should create" time="0.2824893">
        </testcase>
        <testcase classname="src/app/workspace/component/left-panel/operator-menu/operator-menu.component.spec.ts" name="OperatorPanelComponent &gt; should search an operator by its user friendly name" time="0.4275651">
        </testcase>
        <testcase classname="src/app/workspace/component/left-panel/operator-menu/operator-menu.component.spec.ts" name="OperatorPanelComponent &gt; should support fuzzy search on operator user friendly name" time="0.1347828">
        </testcase>
        <testcase classname="src/app/workspace/component/left-panel/operator-menu/operator-menu.component.spec.ts" name="OperatorPanelComponent &gt; should clear the search box when an operator from search box is dropped" time="0.1246074">
        </testcase>
    </testsuite>
    <testsuite name="src/app/workspace/component/left-panel/settings/settings.component.spec.ts" timestamp="2026-06-23T18:31:02.233Z" hostname="roshiii" tests="10" failures="0" errors="0" skipped="0" time="0.3748586">
        <testcase classname="src/app/workspace/component/left-panel/settings/settings.component.spec.ts" name="SettingsComponent &gt; should create" time="0.0387707">
        </testcase>
        <testcase classname="src/app/workspace/component/left-panel/settings/settings.component.spec.ts" name="SettingsComponent &gt; should initialize the form from current workflow settings" time="0.031721">
        </testcase>
        <testcase classname="src/app/workspace/component/left-panel/settings/settings.component.spec.ts" name="SettingsComponent &gt; should mark dataTransferBatchSize invalid when below the minimum" time="0.0447283">
        </testcase>
        <testcase classname="src/app/workspace/component/left-panel/settings/settings.component.spec.ts" name="SettingsComponent &gt; should push dataTransferBatchSize updates to the workflow service and persist when logged in" time="0.0310323">
        </testcase>
        <testcase classname="src/app/workspace/component/left-panel/settings/settings.component.spec.ts" name="SettingsComponent &gt; should not update or persist a non-positive batch size" time="0.0308827">
        </testcase>
        <testcase classname="src/app/workspace/component/left-panel/settings/settings.component.spec.ts" name="SettingsComponent &gt; should skip persistWorkflow when the user is not logged in" time="0.0378982">
        </testcase>
        <testcase classname="src/app/workspace/component/left-panel/settings/settings.component.spec.ts" name="SettingsComponent &gt; should update the execution mode on the workflow service and persist" time="0.0339204">
        </testcase>
        <testcase classname="src/app/workspace/component/left-panel/settings/settings.component.spec.ts" name="SettingsComponent &gt; should surface a notification error when persistWorkflow fails" time="0.0532796">
        </testcase>
        <testcase classname="src/app/workspace/component/left-panel/settings/settings.component.spec.ts" name="SettingsComponent &gt; should propagate form value changes through to the workflow service" time="0.0443666">
        </testcase>
        <testcase classname="src/app/workspace/component/left-panel/settings/settings.component.spec.ts" name="SettingsComponent &gt; should ignore form value changes that fail validation" time="0.0276042">
        </testcase>
    </testsuite>
    <testsuite name="src/app/workspace/component/left-panel/time-travel/time-travel.component.spec.ts" timestamp="2026-06-23T18:31:02.236Z" hostname="roshiii" tests="1" failures="0" errors="0" skipped="0" time="0.0558028">
        <testcase classname="src/app/workspace/component/left-panel/time-travel/time-travel.component.spec.ts" name="TimeTravelComponent &gt; should create" time="0.0553749">
        </testcase>
    </testsuite>
    <testsuite name="src/app/workspace/component/left-panel/versions-list/versions-list.component.spec.ts" timestamp="2026-06-23T18:31:02.237Z" hostname="roshiii" tests="1" failures="0" errors="0" skipped="0" time="0.0236145">
        <testcase classname="src/app/workspace/component/left-panel/versions-list/versions-list.component.spec.ts" name="VersionsListComponent &gt; should create" time="0.0231822">
        </testcase>
    </testsuite>
    <testsuite name="src/app/workspace/component/menu/coeditor-user-icon/coeditor-user-icon.component.spec.ts" timestamp="2026-06-23T18:31:02.237Z" hostname="roshiii" tests="1" failures="0" errors="0" skipped="0" time="0.0222559">
        <testcase classname="src/app/workspace/component/menu/coeditor-user-icon/coeditor-user-icon.component.spec.ts" name="CoeditorUserIconComponent &gt; should create" time="0.0219943">
        </testcase>
    </testsuite>
    <testsuite name="src/app/workspace/component/property-editor/operator-property-edit-frame/operator-property-edit-frame.component.spec.ts" timestamp="2026-06-23T18:31:02.238Z" hostname="roshiii" tests="10" failures="0" errors="0" skipped="1" time="1.1393664">
        <testcase classname="src/app/workspace/component/property-editor/operator-property-edit-frame/operator-property-edit-frame.component.spec.ts" name="OperatorPropertyEditFrameComponent &gt; should create" time="0.1868696">
        </testcase>
        <testcase classname="src/app/workspace/component/property-editor/operator-property-edit-frame/operator-property-edit-frame.component.spec.ts" name="OperatorPropertyEditFrameComponent &gt; should change the content of property editor from an empty panel correctly" time="0.2860584">
        </testcase>
        <testcase classname="src/app/workspace/component/property-editor/operator-property-edit-frame/operator-property-edit-frame.component.spec.ts" name="OperatorPropertyEditFrameComponent &gt; should change Texera graph property when the form is edited by the user" time="0.1020886">
        </testcase>
        <testcase classname="src/app/workspace/component/property-editor/operator-property-edit-frame/operator-property-edit-frame.component.spec.ts" name="OperatorPropertyEditFrameComponent &gt; should debounce the user form input to avoid emitting event too frequently" time="0">
            <skipped/>
        </testcase>
        <testcase classname="src/app/workspace/component/property-editor/operator-property-edit-frame/operator-property-edit-frame.component.spec.ts" name="OperatorPropertyEditFrameComponent &gt; should not emit operator property change event if the new property is the same as the old property" time="0.0933932">
        </testcase>
        <testcase classname="src/app/workspace/component/property-editor/operator-property-edit-frame/operator-property-edit-frame.component.spec.ts" name="OperatorPropertyEditFrameComponent &gt; should change operator to default values" time="0.1270631">
        </testcase>
        <testcase classname="src/app/workspace/component/property-editor/operator-property-edit-frame/operator-property-edit-frame.component.spec.ts" name="OperatorPropertyEditFrameComponent &gt; should set result operator version" time="0.0779626">
        </testcase>
        <testcase classname="src/app/workspace/component/property-editor/operator-property-edit-frame/operator-property-edit-frame.component.spec.ts" name="OperatorPropertyEditFrameComponent &gt; should set scan operator version" time="0.09026">
        </testcase>
        <testcase classname="src/app/workspace/component/property-editor/operator-property-edit-frame/operator-property-edit-frame.component.spec.ts" name="OperatorPropertyEditFrameComponent &gt; operator description truncation &gt; should render .operator-description with tooltip when description is set" time="0.0968121">
        </testcase>
        <testcase classname="src/app/workspace/component/property-editor/operator-property-edit-frame/operator-property-edit-frame.component.spec.ts" name="OperatorPropertyEditFrameComponent &gt; operator description truncation &gt; should not render .operator-description when description is not set" time="0.0779143">
        </testcase>
    </testsuite>
    <testsuite name="src/app/workspace/component/property-editor/port-property-edit-frame/port-property-edit-frame.component.spec.ts" timestamp="2026-06-23T18:31:02.243Z" hostname="roshiii" tests="1" failures="0" errors="0" skipped="0" time="0.0282445">
        <testcase classname="src/app/workspace/component/property-editor/port-property-edit-frame/port-property-edit-frame.component.spec.ts" name="PortPropertyEditFrameComponent &gt; should create" time="0.0279616">
        </testcase>
    </testsuite>
    <testsuite name="src/app/workspace/component/property-editor/typecasting-display/type-casting-display.component.spec.ts" timestamp="2026-06-23T18:31:02.245Z" hostname="roshiii" tests="1" failures="0" errors="0" skipped="0" time="0.0147822">
        <testcase classname="src/app/workspace/component/property-editor/typecasting-display/type-casting-display.component.spec.ts" name="TypecastingDisplayComponent &gt; should create" time="0.0143936">
        </testcase>
    </testsuite>
    <testsuite name="src/app/workspace/component/result-panel/console-frame/console-frame.component.spec.ts" timestamp="2026-06-23T18:31:02.247Z" hostname="roshiii" tests="1" failures="0" errors="0" skipped="0" time="0.049301">
        <testcase classname="src/app/workspace/component/result-panel/console-frame/console-frame.component.spec.ts" name="ConsoleFrameComponent &gt; should create" time="0.0489372">
        </testcase>
    </testsuite>
    <testsuite name="src/app/workspace/component/result-panel/error-frame/error-frame.component.spec.ts" timestamp="2026-06-23T18:31:02.248Z" hostname="roshiii" tests="1" failures="0" errors="0" skipped="0" time="0.0159805">
        <testcase classname="src/app/workspace/component/result-panel/error-frame/error-frame.component.spec.ts" name="ErrorFrameComponent &gt; should create" time="0.0155882">
        </testcase>
    </testsuite>
    <testsuite name="src/app/workspace/component/result-panel/result-table-frame/result-table-frame.component.spec.ts" timestamp="2026-06-23T18:31:02.249Z" hostname="roshiii" tests="3" failures="0" errors="0" skipped="0" time="0.3580333">
        <testcase classname="src/app/workspace/component/result-panel/result-table-frame/result-table-frame.component.spec.ts" name="ResultTableFrameComponent &gt; should create" time="0.1439423">
        </testcase>
        <testcase classname="src/app/workspace/component/result-panel/result-table-frame/result-table-frame.component.spec.ts" name="ResultTableFrameComponent &gt; currentResult should not be modified if setupResultTable is called with empty (zero-length) execution result" time="0.1109514">
        </testcase>
        <testcase classname="src/app/workspace/component/result-panel/result-table-frame/result-table-frame.component.spec.ts" name="ResultTableFrameComponent &gt; should set columnLimit from gui-config" time="0.1027149">
        </testcase>
    </testsuite>
    <testsuite name="src/app/workspace/component/workflow-editor/mini-map/mini-map.component.spec.ts" timestamp="2026-06-23T18:31:02.250Z" hostname="roshiii" tests="1" failures="0" errors="0" skipped="0" time="0.1244202">
        <testcase classname="src/app/workspace/component/workflow-editor/mini-map/mini-map.component.spec.ts" name="MiniMapComponent &gt; should create" time="0.1240357">
        </testcase>
    </testsuite>
    <testsuite name="src/app/workspace/service/workflow-graph/model/coeditor-presence.service.spec.ts" timestamp="2026-06-23T18:31:02.251Z" hostname="roshiii" tests="1" failures="0" errors="0" skipped="0" time="0.0093454">
        <testcase classname="src/app/workspace/service/workflow-graph/model/coeditor-presence.service.spec.ts" name="CoeditorPresenceService &gt; should be created" time="0.0089605">
        </testcase>
    </testsuite>
    <testsuite name="src/app/workspace/service/workflow-graph/model/joint-graph-wrapper.spec.ts" timestamp="2026-06-23T18:31:02.252Z" hostname="roshiii" tests="28" failures="0" errors="0" skipped="0" time="0.7933989">
        <testcase classname="src/app/workspace/service/workflow-graph/model/joint-graph-wrapper.spec.ts" name="JointGraphWrapperService &gt; should emit operator delete event correctly when operator is deleted by JointJS" time="0.0769903">
        </testcase>
        <testcase classname="src/app/workspace/service/workflow-graph/model/joint-graph-wrapper.spec.ts" name="JointGraphWrapperService &gt; should emit link add event correctly when a link is connected by JointJS" time="0.0369262">
        </testcase>
        <testcase classname="src/app/workspace/service/workflow-graph/model/joint-graph-wrapper.spec.ts" name="JointGraphWrapperService &gt; should emit link delete event correctly when a link is deleted by JointJS" time="0.017555">
        </testcase>
        <testcase classname="src/app/workspace/service/workflow-graph/model/joint-graph-wrapper.spec.ts" name="JointGraphWrapperService &gt; should emit operator delete event and link delete event correctly
          when an operator along with one connected link are deleted by JointJS" time="0.019194">
        </testcase>
        <testcase classname="src/app/workspace/service/workflow-graph/model/joint-graph-wrapper.spec.ts" name="JointGraphWrapperService &gt; should emit operator delete event and link delete event correctly when
        an operator along with multiple links are deleted by JointJS" time="0.0294579">
        </testcase>
        <testcase classname="src/app/workspace/service/workflow-graph/model/joint-graph-wrapper.spec.ts" name="JointGraphWrapperService &gt; should emit a highlight event correctly when an operator is highlighted" time="0.2183196">
        </testcase>
        <testcase classname="src/app/workspace/service/workflow-graph/model/joint-graph-wrapper.spec.ts" name="JointGraphWrapperService &gt; should emit a highlight event correctly when multiple operators are highlighted" time="0.0305291">
        </testcase>
        <testcase classname="src/app/workspace/service/workflow-graph/model/joint-graph-wrapper.spec.ts" name="JointGraphWrapperService &gt; should emit an unhighlight event correctly when an operator is unhighlighted" time="0.0268844">
        </testcase>
        <testcase classname="src/app/workspace/service/workflow-graph/model/joint-graph-wrapper.spec.ts" name="JointGraphWrapperService &gt; should emit an unhighlight event correctly when multiple operators are unhighlighted" time="0.0187744">
        </testcase>
        <testcase classname="src/app/workspace/service/workflow-graph/model/joint-graph-wrapper.spec.ts" name="JointGraphWrapperService &gt; should unhighlight previous highlighted operator if a new operator is highlighted" time="0.0189595">
        </testcase>
        <testcase classname="src/app/workspace/service/workflow-graph/model/joint-graph-wrapper.spec.ts" name="JointGraphWrapperService &gt; should ignore the action if trying to highlight the same currently highlighted operator" time="0.0133287">
        </testcase>
        <testcase classname="src/app/workspace/service/workflow-graph/model/joint-graph-wrapper.spec.ts" name="JointGraphWrapperService &gt; should unhighlight the currently highlighted operator if it is deleted" time="0.0160672">
        </testcase>
        <testcase classname="src/app/workspace/service/workflow-graph/model/joint-graph-wrapper.spec.ts" name="JointGraphWrapperService &gt; should get operator position successfully if the operator exists in the paper" time="0.0124187">
        </testcase>
        <testcase classname="src/app/workspace/service/workflow-graph/model/joint-graph-wrapper.spec.ts" name="JointGraphWrapperService &gt; should throw an error if operator does not exist in the paper when calling &apos;getElementPosition()&apos;" time="0.0137409">
        </testcase>
        <testcase classname="src/app/workspace/service/workflow-graph/model/joint-graph-wrapper.spec.ts" name="JointGraphWrapperService &gt; should throw an error if the id we are using is linkID when calling &apos;getElementPosition()&apos;" time="0.0218804">
        </testcase>
        <testcase classname="src/app/workspace/service/workflow-graph/model/joint-graph-wrapper.spec.ts" name="JointGraphWrapperService &gt; should repositions the operator successfully if the operator exists in the paper" time="0.0200725">
        </testcase>
        <testcase classname="src/app/workspace/service/workflow-graph/model/joint-graph-wrapper.spec.ts" name="JointGraphWrapperService &gt; should successfully set a new zoom property" time="0.0134203">
        </testcase>
        <testcase classname="src/app/workspace/service/workflow-graph/model/joint-graph-wrapper.spec.ts" name="JointGraphWrapperService &gt; should triggle getWorkflowEditorZoomStream when new zoom ratio is set" time="0.0100919">
        </testcase>
        <testcase classname="src/app/workspace/service/workflow-graph/model/joint-graph-wrapper.spec.ts" name="JointGraphWrapperService &gt; should trigger getRestorePaperOffsetStream when resumeDefaultZoomAndOffset is called" time="0.0056868">
        </testcase>
        <testcase classname="src/app/workspace/service/workflow-graph/model/joint-graph-wrapper.spec.ts" name="JointGraphWrapperService &gt; should move all highlighted operators together when any one of them is moved" time="0.0187763">
        </testcase>
        <testcase classname="src/app/workspace/service/workflow-graph/model/joint-graph-wrapper.spec.ts" name="JointGraphWrapperService &gt; when linkBreakpoint is enabled &gt; should emit link highlight event correctly when a link is selected" time="0.029145">
        </testcase>
        <testcase classname="src/app/workspace/service/workflow-graph/model/joint-graph-wrapper.spec.ts" name="JointGraphWrapperService &gt; when linkBreakpoint is enabled &gt; should emit an unhighlight event correctly when an link is unhighlighted" time="0.0190374">
        </testcase>
        <testcase classname="src/app/workspace/service/workflow-graph/model/joint-graph-wrapper.spec.ts" name="JointGraphWrapperService &gt; when linkBreakpoint is enabled &gt; should emit an unhighlight event correctly when an highlighted link is deleted" time="0.0198528">
        </testcase>
        <testcase classname="src/app/workspace/service/workflow-graph/model/joint-graph-wrapper.spec.ts" name="JointGraphWrapperService &gt; when linkBreakpoint is enabled &gt; should unhighlight previous highlighted link if another link is selected/highlighted" time="0.0270336">
        </testcase>
        <testcase classname="src/app/workspace/service/workflow-graph/model/joint-graph-wrapper.spec.ts" name="JointGraphWrapperService &gt; when linkBreakpoint is enabled &gt; should unhighlight previous highlighted links if an operator is highlighted" time="0.0327887">
        </testcase>
        <testcase classname="src/app/workspace/service/workflow-graph/model/joint-graph-wrapper.spec.ts" name="JointGraphWrapperService &gt; regions displayed flag &gt; defaults to not displayed" time="0.0109664">
        </testcase>
        <testcase classname="src/app/workspace/service/workflow-graph/model/joint-graph-wrapper.spec.ts" name="JointGraphWrapperService &gt; regions displayed flag &gt; updates the value when set" time="0.0047537">
        </testcase>
        <testcase classname="src/app/workspace/service/workflow-graph/model/joint-graph-wrapper.spec.ts" name="JointGraphWrapperService &gt; regions displayed flag &gt; emits the current value to new subscribers and on every change" time="0.0050745">
        </testcase>
    </testsuite>
    <testsuite name="src/app/workspace/service/workflow-graph/model/sync-texera-model.spec.ts" timestamp="2026-06-23T18:31:02.263Z" hostname="roshiii" tests="9" failures="0" errors="0" skipped="0" time="0.0518269">
        <testcase classname="src/app/workspace/service/workflow-graph/model/sync-texera-model.spec.ts" name="SyncTexeraModel &gt; should add a link when link add event happen from JointJS" time="0.0130993">
        </testcase>
        <testcase classname="src/app/workspace/service/workflow-graph/model/sync-texera-model.spec.ts" name="SyncTexeraModel &gt; should not create a link when an incomplete link is added in JointJS" time="0.003794">
        </testcase>
        <testcase classname="src/app/workspace/service/workflow-graph/model/sync-texera-model.spec.ts" name="SyncTexeraModel &gt; should delete a link when link delete event happens from JointJS" time="0.0051253">
        </testcase>
        <testcase classname="src/app/workspace/service/workflow-graph/model/sync-texera-model.spec.ts" name="SyncTexeraModel &gt; should ignore JointJS link delete event of an incomplete link" time="0.0042015">
        </testcase>
        <testcase classname="src/app/workspace/service/workflow-graph/model/sync-texera-model.spec.ts" name="SyncTexeraModel &gt; should delete the link when a link is detached from the target port" time="0.0059111">
        </testcase>
        <testcase classname="src/app/workspace/service/workflow-graph/model/sync-texera-model.spec.ts" name="SyncTexeraModel &gt; should delete and then re-add the link if link target is changed from one port to another" time="0.0082449">
        </testcase>
        <testcase classname="src/app/workspace/service/workflow-graph/model/sync-texera-model.spec.ts" name="SyncTexeraModel &gt; getOperatorLink &gt; transforms a fully connected joint link into the matching OperatorLink" time="0.0027313">
        </testcase>
        <testcase classname="src/app/workspace/service/workflow-graph/model/sync-texera-model.spec.ts" name="SyncTexeraModel &gt; getOperatorLink &gt; throws when the joint link has no source attribute" time="0.0041424">
        </testcase>
        <testcase classname="src/app/workspace/service/workflow-graph/model/sync-texera-model.spec.ts" name="SyncTexeraModel &gt; getOperatorLink &gt; throws when the joint link has no target attribute" time="0.0039297">
        </testcase>
    </testsuite>
    <testsuite name="src/app/workspace/service/workflow-graph/model/workflow-action.service.spec.ts" timestamp="2026-06-23T18:31:02.267Z" hostname="roshiii" tests="16" failures="0" errors="0" skipped="0" time="0.5276401">
        <testcase classname="src/app/workspace/service/workflow-graph/model/workflow-action.service.spec.ts" name="WorkflowActionService &gt; should be created" time="0.0255123">
        </testcase>
        <testcase classname="src/app/workspace/service/workflow-graph/model/workflow-action.service.spec.ts" name="WorkflowActionService &gt; should add an operator to both jointjs and texera graph correctly" time="0.0663325">
        </testcase>
        <testcase classname="src/app/workspace/service/workflow-graph/model/workflow-action.service.spec.ts" name="WorkflowActionService &gt; should add commentBox to both jointjs and texera graph correctly" time="0.017023">
        </testcase>
        <testcase classname="src/app/workspace/service/workflow-graph/model/workflow-action.service.spec.ts" name="WorkflowActionService &gt; should throw an error when adding an existed operator" time="0.0324433">
        </testcase>
        <testcase classname="src/app/workspace/service/workflow-graph/model/workflow-action.service.spec.ts" name="WorkflowActionService &gt; should throw an error when adding an operator with invalid operator type" time="0.0109441">
        </testcase>
        <testcase classname="src/app/workspace/service/workflow-graph/model/workflow-action.service.spec.ts" name="WorkflowActionService &gt; should delete an operator to both jointjs and texera graph correctly" time="0.024987">
        </testcase>
        <testcase classname="src/app/workspace/service/workflow-graph/model/workflow-action.service.spec.ts" name="WorkflowActionService &gt; should throw an error when trying to delete an non-existing operator" time="0.0245846">
        </testcase>
        <testcase classname="src/app/workspace/service/workflow-graph/model/workflow-action.service.spec.ts" name="WorkflowActionService &gt; should add a link to both jointjs and texera graph correctly" time="0.0329191">
        </testcase>
        <testcase classname="src/app/workspace/service/workflow-graph/model/workflow-action.service.spec.ts" name="WorkflowActionService &gt; should throw appropriate errors when adding various types of incorrect links" time="0.0520406">
        </testcase>
        <testcase classname="src/app/workspace/service/workflow-graph/model/workflow-action.service.spec.ts" name="WorkflowActionService &gt; should delete a link by link ID from both jointjs and texera graph correctly" time="0.0224826">
        </testcase>
        <testcase classname="src/app/workspace/service/workflow-graph/model/workflow-action.service.spec.ts" name="WorkflowActionService &gt; should delete a link by source and target from both jointjs and texera graph correctly" time="0.0216814">
        </testcase>
        <testcase classname="src/app/workspace/service/workflow-graph/model/workflow-action.service.spec.ts" name="WorkflowActionService &gt; should throw an error when trying to delete non-existing link" time="0.0395049">
        </testcase>
        <testcase classname="src/app/workspace/service/workflow-graph/model/workflow-action.service.spec.ts" name="WorkflowActionService &gt; should set operator property to texera graph correctly" time="0.0162978">
        </testcase>
        <testcase classname="src/app/workspace/service/workflow-graph/model/workflow-action.service.spec.ts" name="WorkflowActionService &gt; should throw an error when trying to set operator property of an nonexist operator" time="0.0069671">
        </testcase>
        <testcase classname="src/app/workspace/service/workflow-graph/model/workflow-action.service.spec.ts" name="WorkflowActionService &gt; should handle delete an operator causing connected links to be deleted correctly" time="0.0390361">
        </testcase>
        <testcase classname="src/app/workspace/service/workflow-graph/model/workflow-action.service.spec.ts" name="WorkflowActionService &gt; should reformat the workflow" time="0.0940957">
        </testcase>
    </testsuite>
    <testsuite name="src/app/workspace/service/workflow-graph/model/workflow-graph.spec.ts" timestamp="2026-06-23T18:31:02.271Z" hostname="roshiii" tests="24" failures="0" errors="0" skipped="0" time="0.1652624">
        <testcase classname="src/app/workspace/service/workflow-graph/model/workflow-graph.spec.ts" name="WorkflowGraph &gt; should have an empty graph from the beginning" time="0.0028496">
        </testcase>
        <testcase classname="src/app/workspace/service/workflow-graph/model/workflow-graph.spec.ts" name="WorkflowGraph &gt; should load an existing graph properly" time="0.0056004">
        </testcase>
        <testcase classname="src/app/workspace/service/workflow-graph/model/workflow-graph.spec.ts" name="WorkflowGraph &gt; should add an operator and get it properly" time="0.0027533">
        </testcase>
        <testcase classname="src/app/workspace/service/workflow-graph/model/workflow-graph.spec.ts" name="WorkflowGraph &gt; should return undefined when get an operator with a nonexist operator ID" time="0.0021532">
        </testcase>
        <testcase classname="src/app/workspace/service/workflow-graph/model/workflow-graph.spec.ts" name="WorkflowGraph &gt; should throw an error when trying to add an operator with an existing operator ID" time="0.0027579">
        </testcase>
        <testcase classname="src/app/workspace/service/workflow-graph/model/workflow-graph.spec.ts" name="WorkflowGraph &gt; should delete an operator properly" time="0.002921">
        </testcase>
        <testcase classname="src/app/workspace/service/workflow-graph/model/workflow-graph.spec.ts" name="WorkflowGraph &gt; should throw an error when tring to delete an operator that doesn&apos;t exist" time="0.0029124">
        </testcase>
        <testcase classname="src/app/workspace/service/workflow-graph/model/workflow-graph.spec.ts" name="WorkflowGraph &gt; should add and get a link properly" time="0.003759">
        </testcase>
        <testcase classname="src/app/workspace/service/workflow-graph/model/workflow-graph.spec.ts" name="WorkflowGraph &gt; should throw an error when try to add a link with an existingID" time="0.0345931">
        </testcase>
        <testcase classname="src/app/workspace/service/workflow-graph/model/workflow-graph.spec.ts" name="WorkflowGraph &gt; should throw an error when try to add a link with exising source and target but different ID" time="0.0048619">
        </testcase>
        <testcase classname="src/app/workspace/service/workflow-graph/model/workflow-graph.spec.ts" name="WorkflowGraph &gt; should return undefined when tring to get a nonexist link by link ID" time="0.0429319">
        </testcase>
        <testcase classname="src/app/workspace/service/workflow-graph/model/workflow-graph.spec.ts" name="WorkflowGraph &gt; should throw an error when tring to get a nonexist link by link source and target" time="0.0025883">
        </testcase>
        <testcase classname="src/app/workspace/service/workflow-graph/model/workflow-graph.spec.ts" name="WorkflowGraph &gt; should delete a link by ID properly" time="0.0051102">
        </testcase>
        <testcase classname="src/app/workspace/service/workflow-graph/model/workflow-graph.spec.ts" name="WorkflowGraph &gt; should delete a link by source and target properly" time="0.0036624">
        </testcase>
        <testcase classname="src/app/workspace/service/workflow-graph/model/workflow-graph.spec.ts" name="WorkflowGraph &gt; should throw an error when trying to delete a link (by ID) that doesn&apos;t exist" time="0.002706">
        </testcase>
        <testcase classname="src/app/workspace/service/workflow-graph/model/workflow-graph.spec.ts" name="WorkflowGraph &gt; should throw an error when trying to delete a link (by source and target) that doesn&apos;t exist" time="0.0025632">
        </testcase>
        <testcase classname="src/app/workspace/service/workflow-graph/model/workflow-graph.spec.ts" name="WorkflowGraph &gt; should set the operator property(attributes) properly" time="0.0028311">
        </testcase>
        <testcase classname="src/app/workspace/service/workflow-graph/model/workflow-graph.spec.ts" name="WorkflowGraph &gt; should throw an error when trying to set the property of an nonexist operator" time="0.0124207">
        </testcase>
        <testcase classname="src/app/workspace/service/workflow-graph/model/workflow-graph.spec.ts" name="WorkflowGraph &gt; it should get input links of the certain operator correctly" time="0.003556">
        </testcase>
        <testcase classname="src/app/workspace/service/workflow-graph/model/workflow-graph.spec.ts" name="WorkflowGraph &gt; it should get output links of the certain operator correctly" time="0.0034145">
        </testcase>
        <testcase classname="src/app/workspace/service/workflow-graph/model/workflow-graph.spec.ts" name="WorkflowGraph &gt; should disable and enable an operator" time="0.0046153">
        </testcase>
        <testcase classname="src/app/workspace/service/workflow-graph/model/workflow-graph.spec.ts" name="WorkflowGraph &gt; should calculate if link is disabled based on the disabled operator" time="0.0035303">
        </testcase>
        <testcase classname="src/app/workspace/service/workflow-graph/model/workflow-graph.spec.ts" name="WorkflowGraph &gt; should set and un-set viewing result status of an operator" time="0.0061923">
        </testcase>
        <testcase classname="src/app/workspace/service/workflow-graph/model/workflow-graph.spec.ts" name="WorkflowGraph &gt; should ignore set the view result of the sink operator" time="0.0032418">
        </testcase>
    </testsuite>
    <testsuite name="src/app/workspace/service/workflow-graph/util/workflow-util.service.spec.ts" timestamp="2026-06-23T18:31:02.279Z" hostname="roshiii" tests="6" failures="0" errors="0" skipped="0" time="0.904">
        <testcase classname="src/app/workspace/service/workflow-graph/util/workflow-util.service.spec.ts" name="WorkflowUtilService &gt; should be created" time="0.0060016">
        </testcase>
        <testcase classname="src/app/workspace/service/workflow-graph/util/workflow-util.service.spec.ts" name="WorkflowUtilService &gt; should be able to generate an operator predicate properly given a valid operator type" time="0.0430217">
        </testcase>
        <testcase classname="src/app/workspace/service/workflow-graph/util/workflow-util.service.spec.ts" name="WorkflowUtilService &gt; should throw an error when trying to generate an operator predicate with non exist operator type" time="0.0067127">
        </testcase>
        <testcase classname="src/app/workspace/service/workflow-graph/util/workflow-util.service.spec.ts" name="WorkflowUtilService &gt; should be able to generate different operator IDs" time="0.0158159">
        </testcase>
        <testcase classname="src/app/workspace/service/workflow-graph/util/workflow-util.service.spec.ts" name="WorkflowUtilService &gt; should be able to generate different link IDs" time="0.0221178">
        </testcase>
        <testcase classname="src/app/workspace/service/workflow-graph/util/workflow-util.service.spec.ts" name="WorkflowUtilService &gt; should be able to assign different operator IDs to newly generated operators" time="0.773024">
        </testcase>
    </testsuite>
    <testsuite name="src/app/workspace/service/workflow-result/panel-resize/panel-resize.service.spec.ts" timestamp="2026-06-23T18:31:02.282Z" hostname="roshiii" tests="1" failures="0" errors="0" skipped="0" time="0.0046625">
        <testcase classname="src/app/workspace/service/workflow-result/panel-resize/panel-resize.service.spec.ts" name="PanelResizeService &gt; should be created" time="0.0043508">
        </testcase>
    </testsuite>
    <testsuite name="src/app/dashboard/component/user/files-uploader/conflicting-file-modal-content/conflicting-file-modal-content.component.spec.ts" timestamp="2026-06-23T18:31:02.283Z" hostname="roshiii" tests="2" failures="0" errors="0" skipped="0" time="0.0225729">
        <testcase classname="src/app/dashboard/component/user/files-uploader/conflicting-file-modal-content/conflicting-file-modal-content.component.spec.ts" name="ConflictingFileModalContentComponent &gt; should create" time="0.0126149">
        </testcase>
        <testcase classname="src/app/dashboard/component/user/files-uploader/conflicting-file-modal-content/conflicting-file-modal-content.component.spec.ts" name="ConflictingFileModalContentComponent &gt; should expose injected modal data" time="0.0095688">
        </testcase>
    </testsuite>
    <testsuite name="src/app/dashboard/component/user/list-item/card-item/card-item.component.spec.ts" timestamp="2026-06-23T18:31:02.284Z" hostname="roshiii" tests="9" failures="0" errors="0" skipped="0" time="0.7839885">
        <testcase classname="src/app/dashboard/component/user/list-item/card-item/card-item.component.spec.ts" name="CardItemComponent &gt; should update workflow name successfully" time="0.0443655">
        </testcase>
        <testcase classname="src/app/dashboard/component/user/list-item/card-item/card-item.component.spec.ts" name="CardItemComponent &gt; should revert the name and exit edit mode when the update fails" time="0.0474462">
        </testcase>
        <testcase classname="src/app/dashboard/component/user/list-item/card-item/card-item.component.spec.ts" name="CardItemComponent &gt; should update workflow description successfully" time="0.0599431">
        </testcase>
        <testcase classname="src/app/dashboard/component/user/list-item/card-item/card-item.component.spec.ts" name="CardItemComponent &gt; should revert the description and exit edit mode when the update fails" time="0.0654585">
        </testcase>
        <testcase classname="src/app/dashboard/component/user/list-item/card-item/card-item.component.spec.ts" name="CardItemComponent &gt; should route owners to the workspace and non-owners to the hub detail view" time="0.2575333">
        </testcase>
        <testcase classname="src/app/dashboard/component/user/list-item/card-item/card-item.component.spec.ts" name="CardItemComponent &gt; should format counts as kilo for values &gt;= 1000" time="0.0875472">
        </testcase>
        <testcase classname="src/app/dashboard/component/user/list-item/card-item/card-item.component.spec.ts" name="CardItemComponent &gt; should return &apos;Unknown&apos; for undefined timestamps" time="0.0768039">
        </testcase>
        <testcase classname="src/app/dashboard/component/user/list-item/card-item/card-item.component.spec.ts" name="CardItemComponent &gt; should emit deleted when the parent triggers the delete confirmation" time="0.0930456">
        </testcase>
        <testcase classname="src/app/dashboard/component/user/list-item/card-item/card-item.component.spec.ts" name="CardItemComponent &gt; should toggle the entry checked flag and emit checkboxChanged" time="0.0496045">
        </testcase>
    </testsuite>
    <testsuite name="src/app/dashboard/component/user/user-dataset/user-dataset-list-item/user-dataset-list-item.component.spec.ts" timestamp="2026-06-23T18:31:02.287Z" hostname="roshiii" tests="15" failures="0" errors="0" skipped="0" time="1.3838674">
        <testcase classname="src/app/dashboard/component/user/user-dataset/user-dataset-list-item/user-dataset-list-item.component.spec.ts" name="UserDatasetListItemComponent &gt; should create" time="0.1010501">
        </testcase>
        <testcase classname="src/app/dashboard/component/user/user-dataset/user-dataset-list-item/user-dataset-list-item.component.spec.ts" name="UserDatasetListItemComponent &gt; entry getter &gt; throws when accessed before being set" time="0.0967576">
        </testcase>
        <testcase classname="src/app/dashboard/component/user/user-dataset/user-dataset-list-item/user-dataset-list-item.component.spec.ts" name="UserDatasetListItemComponent &gt; entry getter &gt; returns the value once set" time="0.1601179">
        </testcase>
        <testcase classname="src/app/dashboard/component/user/user-dataset/user-dataset-list-item/user-dataset-list-item.component.spec.ts" name="UserDatasetListItemComponent &gt; dataset getter &gt; returns entry.dataset when present" time="0.1182338">
        </testcase>
        <testcase classname="src/app/dashboard/component/user/user-dataset/user-dataset-list-item/user-dataset-list-item.component.spec.ts" name="UserDatasetListItemComponent &gt; dataset getter &gt; throws when entry.dataset is missing" time="0.0974171">
        </testcase>
        <testcase classname="src/app/dashboard/component/user/user-dataset/user-dataset-list-item/user-dataset-list-item.component.spec.ts" name="UserDatasetListItemComponent &gt; confirmUpdateDatasetCustomName &gt; is a no-op when the name has not changed" time="0.0807099">
        </testcase>
        <testcase classname="src/app/dashboard/component/user/user-dataset/user-dataset-list-item/user-dataset-list-item.component.spec.ts" name="UserDatasetListItemComponent &gt; confirmUpdateDatasetCustomName &gt; updates the dataset name on success and clears editingName" time="0.0743918">
        </testcase>
        <testcase classname="src/app/dashboard/component/user/user-dataset/user-dataset-list-item/user-dataset-list-item.component.spec.ts" name="UserDatasetListItemComponent &gt; confirmUpdateDatasetCustomName &gt; notifies the user on error and still clears editingName" time="0.0902774">
        </testcase>
        <testcase classname="src/app/dashboard/component/user/user-dataset/user-dataset-list-item/user-dataset-list-item.component.spec.ts" name="UserDatasetListItemComponent &gt; confirmUpdateDatasetCustomDescription &gt; is a no-op when the description has not changed" time="0.0844599">
        </testcase>
        <testcase classname="src/app/dashboard/component/user/user-dataset/user-dataset-list-item/user-dataset-list-item.component.spec.ts" name="UserDatasetListItemComponent &gt; confirmUpdateDatasetCustomDescription &gt; updates the dataset description on success and clears editingDescription" time="0.0910209">
        </testcase>
        <testcase classname="src/app/dashboard/component/user/user-dataset/user-dataset-list-item/user-dataset-list-item.component.spec.ts" name="UserDatasetListItemComponent &gt; confirmUpdateDatasetCustomDescription &gt; notifies the user on error and still clears editingDescription" time="0.0563644">
        </testcase>
        <testcase classname="src/app/dashboard/component/user/user-dataset/user-dataset-list-item/user-dataset-list-item.component.spec.ts" name="UserDatasetListItemComponent &gt; onClickOpenShareAccess &gt; opens the share-access modal with the expected nzData and options" time="0.0739687">
        </testcase>
        <testcase classname="src/app/dashboard/component/user/user-dataset/user-dataset-list-item/user-dataset-list-item.component.spec.ts" name="UserDatasetListItemComponent &gt; onClickOpenShareAccess &gt; sets writeAccess to false when accessPrivilege is not WRITE" time="0.0865708">
        </testcase>
        <testcase classname="src/app/dashboard/component/user/user-dataset/user-dataset-list-item/user-dataset-list-item.component.spec.ts" name="UserDatasetListItemComponent &gt; inputs and outputs &gt; defaults editable to false" time="0.0564178">
        </testcase>
        <testcase classname="src/app/dashboard/component/user/user-dataset/user-dataset-list-item/user-dataset-list-item.component.spec.ts" name="UserDatasetListItemComponent &gt; inputs and outputs &gt; exposes deleted, duplicated, and refresh as EventEmitters" time="0.114225">
        </testcase>
    </testsuite>
    <testsuite name="src/app/dashboard/component/user/user-project/user-project-list-item/user-project-list-item.component.spec.ts" timestamp="2026-06-23T18:31:02.292Z" hostname="roshiii" tests="1" failures="0" errors="0" skipped="0" time="0.1688615">
        <testcase classname="src/app/dashboard/component/user/user-project/user-project-list-item/user-project-list-item.component.spec.ts" name="UserProjectListItemComponent &gt; should create" time="0.165529">
        </testcase>
    </testsuite>
    <testsuite name="src/app/dashboard/component/user/user-workflow/user-workflow-list-item/highlight-search-terms.pipe.spec.ts" timestamp="2026-06-23T18:31:02.293Z" hostname="roshiii" tests="6" failures="0" errors="0" skipped="0" time="0.0303962">
        <testcase classname="src/app/dashboard/component/user/user-workflow/user-workflow-list-item/highlight-search-terms.pipe.spec.ts" name="HighlightSearchTermsPipe &gt; returns an empty string when the value is undefined" time="0.0050242">
        </testcase>
        <testcase classname="src/app/dashboard/component/user/user-workflow/user-workflow-list-item/highlight-search-terms.pipe.spec.ts" name="HighlightSearchTermsPipe &gt; returns the value unchanged when there are no terms to highlight" time="0.0067632">
        </testcase>
        <testcase classname="src/app/dashboard/component/user/user-workflow/user-workflow-list-item/highlight-search-terms.pipe.spec.ts" name="HighlightSearchTermsPipe &gt; wraps a single matching token in a highlight span" time="0.003889">
        </testcase>
        <testcase classname="src/app/dashboard/component/user/user-workflow/user-workflow-list-item/highlight-search-terms.pipe.spec.ts" name="HighlightSearchTermsPipe &gt; matches case-insensitively and preserves the original casing inside the span" time="0.003355">
        </testcase>
        <testcase classname="src/app/dashboard/component/user/user-workflow/user-workflow-list-item/highlight-search-terms.pipe.spec.ts" name="HighlightSearchTermsPipe &gt; wraps every occurrence of a token (global flag)" time="0.007003">
        </testcase>
        <testcase classname="src/app/dashboard/component/user/user-workflow/user-workflow-list-item/highlight-search-terms.pipe.spec.ts" name="HighlightSearchTermsPipe &gt; wraps each token independently when multiple terms are given" time="0.0037104">
        </testcase>
    </testsuite>
    <testsuite name="src/app/dashboard/component/user/user-workflow/user-workflow-list-item/user-workflow-list-item.component.spec.ts" timestamp="2026-06-23T18:31:02.295Z" hostname="roshiii" tests="4" failures="0" errors="0" skipped="0" time="2.0542337">
        <testcase classname="src/app/dashboard/component/user/user-workflow/user-workflow-list-item/user-workflow-list-item.component.spec.ts" name="UserWorkflowListItemComponent &gt; should create" time="0.715014">
        </testcase>
        <testcase classname="src/app/dashboard/component/user/user-workflow/user-workflow-list-item/user-workflow-list-item.component.spec.ts" name="UserWorkflowListItemComponent &gt; sends http request to backend to retrieve export json" time="0.6743799">
        </testcase>
        <testcase classname="src/app/dashboard/component/user/user-workflow/user-workflow-list-item/user-workflow-list-item.component.spec.ts" name="UserWorkflowListItemComponent &gt; adding a workflow description adds a description to the workflow" time="0.3577432">
            <system-err>
AssertionError: expected null to be truthy
    at D:/projects/texera/frontend/src/app/dashboard/component/user/user-workflow/user-workflow-list-item/user-workflow-list-item.component.spec.ts:105:40
    at _ZoneDelegate.invoke [90m(D:\projects\texera\frontend\[39mnode_modules\[4mzone.js[24m\fesm2015\zone.js:398:28[90m)[39m
    at ProxyZoneSpec.onInvoke [90m(D:\projects\texera\frontend\[39mnode_modules\[4mzone.js[24m\fesm2015\zone-testing.js:2132:39[90m)[39m
    at _ZoneDelegate.invoke [90m(D:\projects\texera\frontend\[39mnode_modules\[4mzone.js[24m\fesm2015\zone.js:397:34[90m)[39m
    at ProxyZoneSpec.onInvoke [90m(D:\projects\texera\frontend\[39mnode_modules\[4mzone.js[24m\fesm2015\zone-testing.js:2132:39[90m)[39m
    at _ZoneDelegate.invoke [90m(D:\projects\texera\frontend\[39mnode_modules\[4mzone.js[24m\fesm2015\zone.js:397:34[90m)[39m
    at ProxyZoneSpec.onInvoke [90m(D:\projects\texera\frontend\[39mnode_modules\[4mzone.js[24m\fesm2015\zone-testing.js:2132:39[90m)[39m
    at _ZoneDelegate.invoke [90m(D:\projects\texera\frontend\[39mnode_modules\[4mzone.js[24m\fesm2015\zone.js:397:34[90m)[39m
    at ProxyZoneSpec.onInvoke [90m(D:\projects\texera\frontend\[39mnode_modules\[4mzone.js[24m\fesm2015\zone-testing.js:2132:39[90m)[39m
    at _ZoneDelegate.invoke [90m(D:\projects\texera\frontend\[39mnode_modules\[4mzone.js[24m\fesm2015\zone.js:397:34[90m)[39m {
  actual: [1mnull[22m,
  expected: [33mtrue[39m,
  showDiff: [33mtrue[39m,
  operator: [32m&apos;strictEqual&apos;[39m
}

            </system-err>
        </testcase>
        <testcase classname="src/app/dashboard/component/user/user-workflow/user-workflow-list-item/user-workflow-list-item.component.spec.ts" name="UserWorkflowListItemComponent &gt; Editing a workflow description edits a description to the workflow" time="0.30465">
            <system-err>
AssertionError: expected null to be truthy
    at D:/projects/texera/frontend/src/app/dashboard/component/user/user-workflow/user-workflow-list-item/user-workflow-list-item.component.spec.ts:125:41
    at _ZoneDelegate.invoke [90m(D:\projects\texera\frontend\[39mnode_modules\[4mzone.js[24m\fesm2015\zone.js:398:28[90m)[39m
    at ProxyZoneSpec.onInvoke [90m(D:\projects\texera\frontend\[39mnode_modules\[4mzone.js[24m\fesm2015\zone-testing.js:2132:39[90m)[39m
    at _ZoneDelegate.invoke [90m(D:\projects\texera\frontend\[39mnode_modules\[4mzone.js[24m\fesm2015\zone.js:397:34[90m)[39m
    at ProxyZoneSpec.onInvoke [90m(D:\projects\texera\frontend\[39mnode_modules\[4mzone.js[24m\fesm2015\zone-testing.js:2132:39[90m)[39m
    at _ZoneDelegate.invoke [90m(D:\projects\texera\frontend\[39mnode_modules\[4mzone.js[24m\fesm2015\zone.js:397:34[90m)[39m
    at ProxyZoneSpec.onInvoke [90m(D:\projects\texera\frontend\[39mnode_modules\[4mzone.js[24m\fesm2015\zone-testing.js:2132:39[90m)[39m
    at _ZoneDelegate.invoke [90m(D:\projects\texera\frontend\[39mnode_modules\[4mzone.js[24m\fesm2015\zone.js:397:34[90m)[39m
    at ProxyZoneSpec.onInvoke [90m(D:\projects\texera\frontend\[39mnode_modules\[4mzone.js[24m\fesm2015\zone-testing.js:2132:39[90m)[39m
    at _ZoneDelegate.invoke [90m(D:\projects\texera\frontend\[39mnode_modules\[4mzone.js[24m\fesm2015\zone.js:397:34[90m)[39m {
  actual: [1mnull[22m,
  expected: [33mtrue[39m,
  showDiff: [33mtrue[39m,
  operator: [32m&apos;strictEqual&apos;[39m
}

            </system-err>
        </testcase>
    </testsuite>
    <testsuite name="src/app/workspace/component/agent/agent-panel/react-step-detail-modal/react-step-detail-modal.component.spec.ts" timestamp="2026-06-23T18:31:02.297Z" hostname="roshiii" tests="22" failures="0" errors="0" skipped="0" time="0.0236774">
        <testcase classname="src/app/workspace/component/agent/agent-panel/react-step-detail-modal/react-step-detail-modal.component.spec.ts" name="ReActStepDetailModalComponent &gt; should create" time="0.0011111">
        </testcase>
        <testcase classname="src/app/workspace/component/agent/agent-panel/react-step-detail-modal/react-step-detail-modal.component.spec.ts" name="ReActStepDetailModalComponent &gt; closeModal &gt; hides the modal and emits the new visibility" time="0.0010152">
        </testcase>
        <testcase classname="src/app/workspace/component/agent/agent-panel/react-step-detail-modal/react-step-detail-modal.component.spec.ts" name="ReActStepDetailModalComponent &gt; formatResult / formatJson &gt; returns a string result unchanged" time="0.0007653">
        </testcase>
        <testcase classname="src/app/workspace/component/agent/agent-panel/react-step-detail-modal/react-step-detail-modal.component.spec.ts" name="ReActStepDetailModalComponent &gt; formatResult / formatJson &gt; pretty-prints an object result" time="0.0007588">
        </testcase>
        <testcase classname="src/app/workspace/component/agent/agent-panel/react-step-detail-modal/react-step-detail-modal.component.spec.ts" name="ReActStepDetailModalComponent &gt; formatResult / formatJson &gt; formatJson always pretty-prints" time="0.0007764">
        </testcase>
        <testcase classname="src/app/workspace/component/agent/agent-panel/react-step-detail-modal/react-step-detail-modal.component.spec.ts" name="ReActStepDetailModalComponent &gt; getToolResult &gt; returns null when there are no tool results" time="0.0008118">
        </testcase>
        <testcase classname="src/app/workspace/component/agent/agent-panel/react-step-detail-modal/react-step-detail-modal.component.spec.ts" name="ReActStepDetailModalComponent &gt; getToolResult &gt; returns null when the index is out of range" time="0.0007387">
        </testcase>
        <testcase classname="src/app/workspace/component/agent/agent-panel/react-step-detail-modal/react-step-detail-modal.component.spec.ts" name="ReActStepDetailModalComponent &gt; getToolResult &gt; prefers output, then result, then the raw entry" time="0.0009669">
        </testcase>
        <testcase classname="src/app/workspace/component/agent/agent-panel/react-step-detail-modal/react-step-detail-modal.component.spec.ts" name="ReActStepDetailModalComponent &gt; getToolOperatorAccess / hasOperatorAccess &gt; returns null when the step has no operator access" time="0.0008892">
        </testcase>
        <testcase classname="src/app/workspace/component/agent/agent-panel/react-step-detail-modal/react-step-detail-modal.component.spec.ts" name="ReActStepDetailModalComponent &gt; getToolOperatorAccess / hasOperatorAccess &gt; returns the access entry for a tool-call index" time="0.0016455">
        </testcase>
        <testcase classname="src/app/workspace/component/agent/agent-panel/react-step-detail-modal/react-step-detail-modal.component.spec.ts" name="ReActStepDetailModalComponent &gt; getToolOperatorAccess / hasOperatorAccess &gt; reports no access for an empty map" time="0.0008313">
        </testcase>
        <testcase classname="src/app/workspace/component/agent/agent-panel/react-step-detail-modal/react-step-detail-modal.component.spec.ts" name="ReActStepDetailModalComponent &gt; getMessageRoleColor &gt; maps known roles and falls back to default" time="0.0009139">
        </testcase>
        <testcase classname="src/app/workspace/component/agent/agent-panel/react-step-detail-modal/react-step-detail-modal.component.spec.ts" name="ReActStepDetailModalComponent &gt; getTextFromMessage &gt; returns empty string when there is no content" time="0.0008475">
        </testcase>
        <testcase classname="src/app/workspace/component/agent/agent-panel/react-step-detail-modal/react-step-detail-modal.component.spec.ts" name="ReActStepDetailModalComponent &gt; getTextFromMessage &gt; returns string content directly" time="0.0007183">
        </testcase>
        <testcase classname="src/app/workspace/component/agent/agent-panel/react-step-detail-modal/react-step-detail-modal.component.spec.ts" name="ReActStepDetailModalComponent &gt; getTextFromMessage &gt; joins the text parts of array content" time="0.000775">
        </testcase>
        <testcase classname="src/app/workspace/component/agent/agent-panel/react-step-detail-modal/react-step-detail-modal.component.spec.ts" name="ReActStepDetailModalComponent &gt; getToolCallSummaries &gt; returns an empty array for non-array content" time="0.0008743">
        </testcase>
        <testcase classname="src/app/workspace/component/agent/agent-panel/react-step-detail-modal/react-step-detail-modal.component.spec.ts" name="ReActStepDetailModalComponent &gt; getToolCallSummaries &gt; summarizes tool-call parts and defaults the operatorId" time="0.001044">
        </testcase>
        <testcase classname="src/app/workspace/component/agent/agent-panel/react-step-detail-modal/react-step-detail-modal.component.spec.ts" name="ReActStepDetailModalComponent &gt; getToolCallStrings (function-call formatting) &gt; renders tool calls as toolName(key=value, ...)" time="0.0013787">
        </testcase>
        <testcase classname="src/app/workspace/component/agent/agent-panel/react-step-detail-modal/react-step-detail-modal.component.spec.ts" name="ReActStepDetailModalComponent &gt; getToolCallStrings (function-call formatting) &gt; truncates long string and non-string argument values" time="0.0015018">
        </testcase>
        <testcase classname="src/app/workspace/component/agent/agent-panel/react-step-detail-modal/react-step-detail-modal.component.spec.ts" name="ReActStepDetailModalComponent &gt; getToolResultFullItems / getToolResultItems &gt; returns [] for non-array content" time="0.0013917">
        </testcase>
        <testcase classname="src/app/workspace/component/agent/agent-panel/react-step-detail-modal/react-step-detail-modal.component.spec.ts" name="ReActStepDetailModalComponent &gt; getToolResultFullItems / getToolResultItems &gt; resolves tool names, content, token count and the trimmed flag" time="0.0014922">
        </testcase>
        <testcase classname="src/app/workspace/component/agent/agent-panel/react-step-detail-modal/react-step-detail-modal.component.spec.ts" name="ReActStepDetailModalComponent &gt; getToolResultFullItems / getToolResultItems &gt; getToolResultItems returns name, token count and trimmed flag" time="0.0011555">
        </testcase>
    </testsuite>
    <testsuite name="src/app/workspace/component/left-panel/operator-menu/operator-label/operator-label.component.spec.ts" timestamp="2026-06-23T18:31:02.302Z" hostname="roshiii" tests="2" failures="0" errors="0" skipped="0" time="0.0324047">
        <testcase classname="src/app/workspace/component/left-panel/operator-menu/operator-label/operator-label.component.spec.ts" name="OperatorLabelComponent &gt; should create" time="0.0155903">
        </testcase>
        <testcase classname="src/app/workspace/component/left-panel/operator-menu/operator-label/operator-label.component.spec.ts" name="OperatorLabelComponent &gt; should display operator user friendly name on the UI" time="0.0163948">
        </testcase>
    </testsuite>
    <testsuite name="src/app/workspace/component/workflow-editor/context-menu/context-menu/context-menu.component.spec.ts" timestamp="2026-06-23T18:31:02.303Z" hostname="roshiii" tests="13" failures="0" errors="0" skipped="0" time="0.4202424">
        <testcase classname="src/app/workspace/component/workflow-editor/context-menu/context-menu/context-menu.component.spec.ts" name="ContextMenuComponent &gt; should create" time="0.0808102">
        </testcase>
        <testcase classname="src/app/workspace/component/workflow-editor/context-menu/context-menu/context-menu.component.spec.ts" name="ContextMenuComponent &gt; isSelectedOperatorValid &gt; should return false when multiple operators are highlighted" time="0.0520494">
        </testcase>
        <testcase classname="src/app/workspace/component/workflow-editor/context-menu/context-menu/context-menu.component.spec.ts" name="ContextMenuComponent &gt; isSelectedOperatorValid &gt; should return false when no operators are highlighted" time="0.0304545">
        </testcase>
        <testcase classname="src/app/workspace/component/workflow-editor/context-menu/context-menu/context-menu.component.spec.ts" name="ContextMenuComponent &gt; isSelectedOperatorValid &gt; should return false when workflow is not modifiable" time="0.0371301">
        </testcase>
        <testcase classname="src/app/workspace/component/workflow-editor/context-menu/context-menu/context-menu.component.spec.ts" name="ContextMenuComponent &gt; isSelectedOperatorValid &gt; should return true when single operator is highlighted, workflow is modifiable, and operator is valid" time="0.0217708">
        </testcase>
        <testcase classname="src/app/workspace/component/workflow-editor/context-menu/context-menu/context-menu.component.spec.ts" name="ContextMenuComponent &gt; isSelectedOperatorValid &gt; should return false when single operator is highlighted but operator is invalid" time="0.0202837">
        </testcase>
        <testcase classname="src/app/workspace/component/workflow-editor/context-menu/context-menu/context-menu.component.spec.ts" name="ContextMenuComponent &gt; canExecuteOperator &gt; should return false when multiple operators are highlighted" time="0.0410532">
        </testcase>
        <testcase classname="src/app/workspace/component/workflow-editor/context-menu/context-menu/context-menu.component.spec.ts" name="ContextMenuComponent &gt; canExecuteOperator &gt; should return false when no operators are highlighted" time="0.0213017">
        </testcase>
        <testcase classname="src/app/workspace/component/workflow-editor/context-menu/context-menu/context-menu.component.spec.ts" name="ContextMenuComponent &gt; canExecuteOperator &gt; should return false when workflow is not modifiable" time="0.0205446">
        </testcase>
        <testcase classname="src/app/workspace/component/workflow-editor/context-menu/context-menu/context-menu.component.spec.ts" name="ContextMenuComponent &gt; canExecuteOperator &gt; should return true when all conditions are met (valid, enabled, modifiable)" time="0.0253211">
        </testcase>
        <testcase classname="src/app/workspace/component/workflow-editor/context-menu/context-menu/context-menu.component.spec.ts" name="ContextMenuComponent &gt; canExecuteOperator &gt; should return false when operator is invalid and not check disabled status" time="0.0216236">
        </testcase>
        <testcase classname="src/app/workspace/component/workflow-editor/context-menu/context-menu/context-menu.component.spec.ts" name="ContextMenuComponent &gt; canExecuteOperator &gt; should return false when operator is valid but disabled" time="0.0254371">
        </testcase>
        <testcase classname="src/app/workspace/component/workflow-editor/context-menu/context-menu/context-menu.component.spec.ts" name="ContextMenuComponent &gt; canExecuteOperator &gt; should check disabled status only for valid operators" time="0.0217244">
        </testcase>
    </testsuite>
    <testsuite name="src/app/dashboard/component/user/user-dataset/user-dataset-explorer/user-dataset-file-renderer/user-dataset-file-renderer.component.spec.ts" timestamp="2026-06-23T18:31:02.307Z" hostname="roshiii" tests="2" failures="0" errors="0" skipped="0" time="0.0924239">
        <testcase classname="src/app/dashboard/component/user/user-dataset/user-dataset-explorer/user-dataset-file-renderer/user-dataset-file-renderer.component.spec.ts" name="UserDatasetFileRendererComponent &gt; should return true for supported MIME type" time="0.0566856">
        </testcase>
        <testcase classname="src/app/dashboard/component/user/user-dataset/user-dataset-explorer/user-dataset-file-renderer/user-dataset-file-renderer.component.spec.ts" name="UserDatasetFileRendererComponent &gt; should return false for unsupported MIME type" time="0.0343446">
        </testcase>
    </testsuite>
</testsuites>
